Component: Arm Compiler for Embedded 6.21 Tool: armlink [5ec1fa00]

==============================================================================

Section Cross References

    main.o(.text.UART_onInput) refers to main.o(.bss.buffer) for buffer
    main.o(.text.UART_onInput) refers to sprintf.o(.text) for sprintf
    main.o(.ARM.exidx.text.UART_onInput) refers to main.o(.text.UART_onInput) for [Anonymous Symbol]
    main.o(.text.main) refers to sysclock.o(.text.System_Clock_Init) for System_Clock_Init
    main.o(.text.main) refers to systimer.o(.text.SysTick_Init) for SysTick_Init
    main.o(.text.main) refers to led.o(.text.LED_Init) for LED_Init
    main.o(.text.main) refers to uart.o(.text.UART2_Init) for UART2_Init
    main.o(.text.main) refers to uart.o(.text.UART2_GPIO_Init) for UART2_GPIO_Init
    main.o(.text.main) refers to dma.o(.text.DMA_Init_UARTx) for DMA_Init_UARTx
    main.o(.text.main) refers to dma.o(.text.Init_DMA1_Channel7_IRQn) for Init_DMA1_Channel7_IRQn
    main.o(.text.main) refers to uart.o(.text.Init_USART2_IRQn) for Init_USART2_IRQn
    main.o(.text.main) refers to uart.o(.text.setSRC_DMA_Channel) for setSRC_DMA_Channel
    main.o(.text.main) refers to main.o(.bss.buffer) for buffer
    main.o(.text.main) refers to main.o(.rodata.str1.1) for .L.str
    main.o(.text.main) refers to sprintf.o(.text) for sprintf
    main.o(.text.main) refers to uart.o(.text.UART_print) for UART_print
    main.o(.text.main) refers to led.o(.text.LED_Toggle) for LED_Toggle
    main.o(.text.main) refers to systimer.o(.text.delay) for delay
    main.o(.ARM.exidx.text.main) refers to main.o(.text.main) for [Anonymous Symbol]
    startup_stm32l476xx.o(STACK) refers (Special) to heapauxi.o(.text) for __use_two_region_memory
    startup_stm32l476xx.o(HEAP) refers (Special) to heapauxi.o(.text) for __use_two_region_memory
    startup_stm32l476xx.o(RESET) refers (Special) to heapauxi.o(.text) for __use_two_region_memory
    startup_stm32l476xx.o(RESET) refers to startup_stm32l476xx.o(STACK) for __initial_sp
    startup_stm32l476xx.o(RESET) refers to startup_stm32l476xx.o(.text) for Reset_Handler
    startup_stm32l476xx.o(RESET) refers to systimer.o(.text.SysTick_Handler) for SysTick_Handler
    startup_stm32l476xx.o(RESET) refers to dma.o(.text.DMA1_Channel4_IRQHandler) for DMA1_Channel4_IRQHandler
    startup_stm32l476xx.o(RESET) refers to dma.o(.text.DMA1_Channel7_IRQHandler) for DMA1_Channel7_IRQHandler
    startup_stm32l476xx.o(RESET) refers to uart.o(.text.USART1_IRQHandler) for USART1_IRQHandler
    startup_stm32l476xx.o(RESET) refers to uart.o(.text.USART2_IRQHandler) for USART2_IRQHandler
    startup_stm32l476xx.o(.text) refers (Special) to heapauxi.o(.text) for __use_two_region_memory
    startup_stm32l476xx.o(.text) refers to __main.o(!!!main) for __main
    startup_stm32l476xx.o(.text) refers to startup_stm32l476xx.o(HEAP) for Heap_Mem
    startup_stm32l476xx.o(.text) refers to startup_stm32l476xx.o(STACK) for Stack_Mem
    sysclock.o(.ARM.exidx.text.System_Clock_Init) refers to sysclock.o(.text.System_Clock_Init) for [Anonymous Symbol]
    systimer.o(.text.SysTick_Init) refers to systimer.o(.text.__NVIC_EnableIRQ) for __NVIC_EnableIRQ
    systimer.o(.text.SysTick_Init) refers to systimer.o(.text.__NVIC_SetPriority) for __NVIC_SetPriority
    systimer.o(.ARM.exidx.text.SysTick_Init) refers to systimer.o(.text.SysTick_Init) for [Anonymous Symbol]
    systimer.o(.ARM.exidx.text.__NVIC_EnableIRQ) refers to systimer.o(.text.__NVIC_EnableIRQ) for [Anonymous Symbol]
    systimer.o(.ARM.exidx.text.__NVIC_SetPriority) refers to systimer.o(.text.__NVIC_SetPriority) for [Anonymous Symbol]
    systimer.o(.text.SysTick_Handler) refers to systimer.o(.bss.msTicks) for msTicks
    systimer.o(.text.SysTick_Handler) refers to motor.o(.text.getDire) for getDire
    systimer.o(.text.SysTick_Handler) refers to motor.o(.text.rotate) for rotate
    systimer.o(.ARM.exidx.text.SysTick_Handler) refers to systimer.o(.text.SysTick_Handler) for [Anonymous Symbol]
    systimer.o(.text.delay) refers to systimer.o(.bss.msTicks) for msTicks
    systimer.o(.ARM.exidx.text.delay) refers to systimer.o(.text.delay) for [Anonymous Symbol]
    dma.o(.text.DMA_Init_UARTx) refers to uart.o(.text.USART_Init) for USART_Init
    dma.o(.text.DMA_Init_UARTx) refers to systimer.o(.text.delay) for delay
    dma.o(.ARM.exidx.text.DMA_Init_UARTx) refers to dma.o(.text.DMA_Init_UARTx) for [Anonymous Symbol]
    dma.o(.text.Init_DMA1_Channel4_IRQn) refers to dma.o(.text.__NVIC_SetPriority) for __NVIC_SetPriority
    dma.o(.text.Init_DMA1_Channel4_IRQn) refers to dma.o(.text.__NVIC_EnableIRQ) for __NVIC_EnableIRQ
    dma.o(.ARM.exidx.text.Init_DMA1_Channel4_IRQn) refers to dma.o(.text.Init_DMA1_Channel4_IRQn) for [Anonymous Symbol]
    dma.o(.ARM.exidx.text.__NVIC_SetPriority) refers to dma.o(.text.__NVIC_SetPriority) for [Anonymous Symbol]
[...]
    ../clib/signal.c                         0x00000000   Number         0  defsig_other.o ABSOLUTE
    ../clib/signal.s                         0x00000000   Number         0  defsig.o ABSOLUTE
    ../clib/stdlib.c                         0x00000000   Number         0  exit.o ABSOLUTE
    ../clib/string.c                         0x00000000   Number         0  strlen.o ABSOLUTE
    ../fplib/dflt.s                          0x00000000   Number         0  dflt_clz.o ABSOLUTE
    ../fplib/fpinit.s                        0x00000000   Number         0  fpinit.o ABSOLUTE
    ../fplib/istatus.s                       0x00000000   Number         0  istatus.o ABSOLUTE
    ../fplib/printf1.s                       0x00000000   Number         0  printf1.o ABSOLUTE
    ../fplib/printf2.s                       0x00000000   Number         0  printf2.o ABSOLUTE
    ../fplib/printf2a.s                      0x00000000   Number         0  printf2a.o ABSOLUTE
    ../fplib/printf2b.s                      0x00000000   Number         0  printf2b.o ABSOLUTE
    ../fplib/usenofp.s                       0x00000000   Number         0  usenofp.o ABSOLUTE
    ../mathlib/fpclassify.c                  0x00000000   Number         0  fpclassify.o ABSOLUTE
    DMA.c                                    0x00000000   Number         0  dma.o ABSOLUTE
    I2C.c                                    0x00000000   Number         0  i2c.o ABSOLUTE
    LED.c                                    0x00000000   Number         0  led.o ABSOLUTE
    SPI.c                                    0x00000000   Number         0  spi.o ABSOLUTE
    SysClock.c                               0x00000000   Number         0  sysclock.o ABSOLUTE
    SysTimer.c                               0x00000000   Number         0  systimer.o ABSOLUTE
    UART.c                                   0x00000000   Number         0  uart.o ABSOLUTE
    accelerometer.c                          0x00000000   Number         0  accelerometer.o ABSOLUTE
    dc.s                                     0x00000000   Number         0  dc.o ABSOLUTE
    main.c                                   0x00000000   Number         0  main.o ABSOLUTE
    motor.c                                  0x00000000   Number         0  motor.o ABSOLUTE
    src/startup_stm32l476xx.s                0x00000000   Number         0  startup_stm32l476xx.o ABSOLUTE
    RESET                                    0x08000000   Section      392  startup_stm32l476xx.o(RESET)
    !!!main                                  0x08000188   Section        8  __main.o(!!!main)
    !!!scatter                               0x08000190   Section       92  __scatter.o(!!!scatter)
    !!handler_copy                           0x080001ec   Section       26  __scatter_copy.o(!!handler_copy)
    !!handler_null                           0x08000208   Section        2  __scatter.o(!!handler_null)
    !!handler_zi                             0x0800020c   Section       28  __scatter_zi.o(!!handler_zi)
    .ARM.Collect$$_printf_percent$$00000000  0x08000228   Section        0  _printf_percent.o(.ARM.Collect$$_printf_percent$$00000000)
    .ARM.Collect$$_printf_percent$$00000001  0x08000228   Section        6  _printf_n.o(.ARM.Collect$$_printf_percent$$00000001)
    .ARM.Collect$$_printf_percent$$00000002  0x0800022e   Section        6  _printf_p.o(.ARM.Collect$$_printf_percent$$00000002)
    .ARM.Collect$$_printf_percent$$00000003  0x08000234   Section        6  _printf_f.o(.ARM.Collect$$_printf_percent$$00000003)
    .ARM.Collect$$_printf_percent$$00000004  0x0800023a   Section        6  _printf_e.o(.ARM.Collect$$_printf_percent$$00000004)
    .ARM.Collect$$_printf_percent$$00000005  0x08000240   Section        6  _printf_g.o(.ARM.Collect$$_printf_percent$$00000005)
    .ARM.Collect$$_printf_percent$$00000006  0x08000246   Section        6  _printf_a.o(.ARM.Collect$$_printf_percent$$00000006)
    .ARM.Collect$$_printf_percent$$00000007  0x0800024c   Section       10  _printf_ll.o(.ARM.Collect$$_printf_percent$$00000007)
    .ARM.Collect$$_printf_percent$$00000008  0x08000256   Section        6  _printf_i.o(.ARM.Collect$$_printf_percent$$00000008)
    .ARM.Collect$$_printf_percent$$00000009  0x0800025c   Section        6  _printf_d.o(.ARM.Collect$$_printf_percent$$00000009)
    .ARM.Collect$$_printf_percent$$0000000A  0x08000262   Section        6  _printf_u.o(.ARM.Collect$$_printf_percent$$0000000A)
    .ARM.Collect$$_printf_percent$$0000000B  0x08000268   Section        6  _printf_o.o(.ARM.Collect$$_printf_percent$$0000000B)
    .ARM.Collect$$_printf_percent$$0000000C  0x0800026e   Section        6  _printf_x.o(.ARM.Collect$$_printf_percent$$0000000C)
    .ARM.Collect$$_printf_percent$$0000000D  0x08000274   Section        6  _printf_lli.o(.ARM.Collect$$_printf_percent$$0000000D)
    .ARM.Collect$$_printf_percent$$0000000E  0x0800027a   Section        6  _printf_lld.o(.ARM.Collect$$_printf_percent$$0000000E)
    .ARM.Collect$$_printf_percent$$0000000F  0x08000280   Section        6  _printf_llu.o(.ARM.Collect$$_printf_percent$$0000000F)
    .ARM.Collect$$_printf_percent$$00000010  0x08000286   Section        6  _printf_llo.o(.ARM.Collect$$_printf_percent$$00000010)
    .ARM.Collect$$_printf_percent$$00000011  0x0800028c   Section        6  _printf_llx.o(.ARM.Collect$$_printf_percent$$00000011)
    .ARM.Collect$$_printf_percent$$00000012  0x08000292   Section       10  _printf_l.o(.ARM.Collect$$_printf_percent$$00000012)
    .ARM.Collect$$_printf_percent$$00000013  0x0800029c   Section        6  _printf_c.o(.ARM.Collect$$_printf_percent$$00000013)
    .ARM.Collect$$_printf_percent$$00000014  0x080002a2   Section        6  _printf_s.o(.ARM.Collect$$_printf_percent$$00000014)
    .ARM.Collect$$_printf_percent$$00000015  0x080002a8   Section        6  _printf_lc.o(.ARM.Collect$$_printf_percent$$00000015)
    .ARM.Collect$$_printf_percent$$00000016  0x080002ae   Section        6  _printf_ls.o(.ARM.Collect$$_printf_percent$$00000016)
    .ARM.Collect$$_printf_percent$$00000017  0x080002b4   Section        4  _printf_percent_end.o(.ARM.Collect$$_printf_percent$$00000017)
    .ARM.Collect$$libinit$$00000000          0x080002b8   Section        2  libinit.o(.ARM.Collect$$libinit$$00000000)
    .ARM.Collect$$libinit$$00000001          0x080002ba   Section        4  libinit2.o(.ARM.Collect$$libinit$$00000001)
    .ARM.Collect$$libinit$$00000004          0x080002be   Section        0  libinit2.o(.ARM.Collect$$libinit$$00000004)
    .ARM.Collect$$libinit$$00000006          0x080002be   Section        0  libinit2.o(.ARM.Collect$$libinit$$00000006)
    .ARM.Collect$$libinit$$0000000C          0x080002be   Section        0  libinit2.o(.ARM.Collect$$libinit$$0000000C)
    .ARM.Collect$$libinit$$0000000E          0x080002be   Section        0  libinit2.o(.ARM.Collect$$libinit$$0000000E)
    .ARM.Collect$$libinit$$00000010          0x080002be   Section        0  libinit2.o(.ARM.Collect$$libinit$$00000010)
    .ARM.Collect$$libinit$$00000011          0x080002be   Section        6  libinit2.o(.ARM.Collect$$libinit$$00000011)
    .ARM.Collect$$libinit$$00000013          0x080002c4   Section        0  libinit2.o(.ARM.Collect$$libinit$$00000013)
    .ARM.Collect$$libinit$$00000014          0x080002c4   Section       12  libinit2.o(.ARM.Collect$$libinit$$00000014)
    .ARM.Collect$$libinit$$00000015          0x080002d0   Section        0  libinit2.o(.ARM.Collect$$libinit$$00000015)
    .ARM.Collect$$libinit$$00000017          0x080002d0   Section        0  libinit2.o(.ARM.Collect$$libinit$$00000017)
    .ARM.Collect$$libinit$$00000018          0x080002d0   Section       10  libinit2.o(.ARM.Collect$$libinit$$00000018)
    .ARM.Collect$$libinit$$00000019          0x080002da   Section        0  libinit2.o(.ARM.Collect$$libinit$$00000019)
    .ARM.Collect$$libinit$$0000001B          0x080002da   Section        0  libinit2.o(.ARM.Collect$$libinit$$0000001B)
    .ARM.Collect$$libinit$$0000001D          0x080002da   Section        0  libinit2.o(.ARM.Collect$$libinit$$0000001D)
    .ARM.Collect$$libinit$$0000001F          0x080002da   Section        0  libinit2.o(.ARM.Collect$$libinit$$0000001F)
    .ARM.Collect$$libinit$$00000021          0x080002da   Section        0  libinit2.o(.ARM.Collect$$libinit$$00000021)
    .ARM.Collect$$libinit$$00000023          0x080002da   Section        0  libinit2.o(.ARM.Collect$$libinit$$00000023)
    .ARM.Collect$$libinit$$00000025          0x080002da   Section        0  libinit2.o(.ARM.Collect$$libinit$$00000025)
    .ARM.Collect$$libinit$$00000027          0x080002da   Section        0  libinit2.o(.ARM.Collect$$libinit$$00000027)
    .ARM.Collect$$libinit$$0000002E          0x080002da   Section        0  libinit2.o(.ARM.Collect$$libinit$$0000002E)
    .ARM.Collect$$libinit$$00000030          0x080002da   Section        0  libinit2.o(.ARM.Collect$$libinit$$00000030)
    .ARM.Collect$$libinit$$00000032          0x080002da   Section        0  libinit2.o(.ARM.Collect$$libinit$$00000032)
    .ARM.Collect$$libinit$$00000034          0x080002da   Section        0  libinit2.o(.ARM.Collect$$libinit$$00000034)
    .ARM.Collect$$libinit$$00000035          0x080002da   Section        2  libinit2.o(.ARM.Collect$$libinit$$00000035)
    .ARM.Collect$$libshutdown$$00000000      0x080002dc   Section        2  libshutdown.o(.ARM.Collect$$libshutdown$$00000000)
    .ARM.Collect$$libshutdown$$00000002      0x080002de   Section        0  libshutdown2.o(.ARM.Collect$$libshutdown$$00000002)
    .ARM.Collect$$libshutdown$$00000004      0x080002de   Section        0  libshutdown2.o(.ARM.Collect$$libshutdown$$00000004)
    .ARM.Collect$$libshutdown$$00000007      0x080002de   Section        0  libshutdown2.o(.ARM.Collect$$libshutdown$$00000007)
    .ARM.Collect$$libshutdown$$0000000A      0x080002de   Section        0  libshutdown2.o(.ARM.Collect$$libshutdown$$0000000A)
    .ARM.Collect$$libshutdown$$0000000C      0x080002de   Section        0  libshutdown2.o(.ARM.Collect$$libshutdown$$0000000C)
    .ARM.Collect$$libshutdown$$0000000F      0x080002de   Section        0  libshutdown2.o(.ARM.Collect$$libshutdown$$0000000F)
    .ARM.Collect$$libshutdown$$00000010      0x080002de   Section        2  libshutdown2.o(.ARM.Collect$$libshutdown$$00000010)
    .ARM.Collect$$rtentry$$00000000          0x080002e0   Section        0  __rtentry.o(.ARM.Collect$$rtentry$$00000000)
    .ARM.Collect$$rtentry$$00000002          0x080002e0   Section        0  __rtentry2.o(.ARM.Collect$$rtentry$$00000002)
    .ARM.Collect$$rtentry$$00000004          0x080002e0   Section        6  __rtentry4.o(.ARM.Collect$$rtentry$$00000004)
    .ARM.Collect$$rtentry$$00000009          0x080002e6   Section        0  __rtentry2.o(.ARM.Collect$$rtentry$$00000009)
    .ARM.Collect$$rtentry$$0000000A          0x080002e6   Section        4  __rtentry2.o(.ARM.Collect$$rtentry$$0000000A)
    .ARM.Collect$$rtentry$$0000000C          0x080002ea   Section        0  __rtentry2.o(.ARM.Collect$$rtentry$$0000000C)
    .ARM.Collect$$rtentry$$0000000D          0x080002ea   Section        8  __rtentry2.o(.ARM.Collect$$rtentry$$0000000D)
    .ARM.Collect$$rtexit$$00000000           0x080002f2   Section        2  rtexit.o(.ARM.Collect$$rtexit$$00000000)
    .ARM.Collect$$rtexit$$00000002           0x080002f4   Section        0  rtexit2.o(.ARM.Collect$$rtexit$$00000002)
    .ARM.Collect$$rtexit$$00000003           0x080002f4   Section        4  rtexit2.o(.ARM.Collect$$rtexit$$00000003)
    .ARM.Collect$$rtexit$$00000004           0x080002f8   Section        6  rtexit2.o(.ARM.Collect$$rtexit$$00000004)
    $v0                                      0x08000300   Number         0  startup_stm32l476xx.o(.text)
    .text                                    0x08000300   Section      140  startup_stm32l476xx.o(.text)
    .text                                    0x0800038c   Section        0  sprintf.o(.text)
    .text                                    0x080003b8   Section        0  strlen.o(.text)
    .text                                    0x080003f6   Section        0  heapauxi.o(.text)
    .text                                    0x080003fc   Section        0  _printf_pad.o(.text)
    .text                                    0x0800044a   Section        0  _printf_truncate.o(.text)
    .text                                    0x0800046e   Section        0  _printf_str.o(.text)
    .text                                    0x080004c0   Section        0  _printf_dec.o(.text)
    .text                                    0x08000538   Section        0  _printf_charcount.o(.text)
    _printf_input_char                       0x08000561   Thumb Code    10  _printf_char_common.o(.text)
    .text                                    0x08000560   Section        0  _printf_char_common.o(.text)
    .text                                    0x08000590   Section        0  _sputc.o(.text)
    .text                                    0x0800059c   Section        0  _printf_wctomb.o(.text)
    .text                                    0x08000660   Section        0  _printf_longlong_dec.o(.text)
    _printf_longlong_oct_internal            0x080006dd   Thumb Code     0  _printf_oct_int_ll.o(.text)
    .text                                    0x080006dc   Section        0  _printf_oct_int_ll.o(.text)
    _printf_hex_common                       0x0800074d   Thumb Code     0  _printf_hex_int_ll_ptr.o(.text)
    .text                                    0x0800074c   Section        0  _printf_hex_int_ll_ptr.o(.text)
    .text                                    0x080007e0   Section        0  __printf_flags_ss_wp.o(.text)
    .text                                    0x0800096e   Section      138  lludiv10.o(.text)
    .text                                    0x080009f8   Section        0  _printf_intcommon.o(.text)
    _fp_digits                               0x08000aab   Thumb Code   432  _printf_fp_dec.o(.text)
    .text                                    0x08000aaa   Section        0  _printf_fp_dec.o(.text)
    .text                                    0x08000ecc   Section        0  _printf_fp_hex.o(.text)
    .text                                    0x080011ce   Section        0  _printf_char.o(.text)
    .text                                    0x080011fa   Section        0  _printf_wchar.o(.text)
    .text                                    0x08001226   Section        0  _c16rtomb.o(.text)
    .text                                    0x0800126e   Section       74  sys_stackheap_outer.o(.text)
    .text                                    0x080012b8   Section       16  rt_ctype_table.o(.text)
    .text                                    0x080012c8   Section        8  rt_locale_intlibspace.o(.text)
    .text                                    0x080012d0   Section        0  _printf_fp_infnan.o(.text)
    .text                                    0x08001350   Section        0  bigflt0.o(.text)
    .text                                    0x08001434   Section        0  exit.o(.text)
    .text                                    0x08001448   Section        8  libspace.o(.text)
    .text                                    0x08001450   Section      124  strcmpv7em.o(.text)
    .text                                    0x080014cc   Section        0  sys_exit.o(.text)
    .text                                    0x080014d8   Section        2  use_no_semi.o(.text)
    .text                                    0x080014da   Section        0  indicate_semi.o(.text)
    [Anonymous Symbol]                       0x080014dc   Section        0  dma.o(.text.DMA1_Channel4_IRQHandler)
    [Anonymous Symbol]                       0x0800152c   Section        0  dma.o(.text.DMA1_Channel7_IRQHandler)
    [Anonymous Symbol]                       0x0800157c   Section        0  dma.o(.text.DMA_Init_UARTx)
    [Anonymous Symbol]                       0x0800163c   Section        0  dma.o(.text.Init_DMA1_Channel7_IRQn)
    [Anonymous Symbol]                       0x08001654   Section        0  uart.o(.text.Init_USART2_IRQn)
    [Anonymous Symbol]                       0x0800166c   Section        0  led.o(.text.LED_Init)
    [Anonymous Symbol]                       0x080016b8   Section        0  led.o(.text.LED_Toggle)
    [Anonymous Symbol]                       0x080016c8   Section        0  systimer.o(.text.SysTick_Handler)
    [Anonymous Symbol]                       0x080016ec   Section        0  systimer.o(.text.SysTick_Init)
    [Anonymous Symbol]                       0x08001748   Section        0  sysclock.o(.text.System_Clock_Init)
    [Anonymous Symbol]                       0x0800191c   Section        0  uart.o(.text.UART2_GPIO_Init)
    [Anonymous Symbol]                       0x080019ec   Section        0  uart.o(.text.UART2_Init)
    [Anonymous Symbol]                       0x08001a18   Section        0  main.o(.text.UART_onInput)
    [Anonymous Symbol]                       0x08001a34   Section        0  uart.o(.text.UART_print)
    [Anonymous Symbol]                       0x08001af8   Section        0  uart.o(.text.USART1_IRQHandler)
    [Anonymous Symbol]                       0x08001b04   Section        0  uart.o(.text.USART2_IRQHandler)
    [Anonymous Symbol]                       0x08001b20   Section        0  uart.o(.text.USART_Init)
    __NVIC_ClearPendingIRQ                   0x08001b95   Thumb Code    48  dma.o(.text.__NVIC_ClearPendingIRQ)
    [Anonymous Symbol]                       0x08001b94   Section        0  dma.o(.text.__NVIC_ClearPendingIRQ)
    __NVIC_ClearPendingIRQ                   0x08001bc5   Thumb Code    48  uart.o(.text.__NVIC_ClearPendingIRQ)
    [Anonymous Symbol]                       0x08001bc4   Section        0  uart.o(.text.__NVIC_ClearPendingIRQ)
    __NVIC_EnableIRQ                         0x08001bf5   Thumb Code    48  systimer.o(.text.__NVIC_EnableIRQ)
    [Anonymous Symbol]                       0x08001bf4   Section        0  systimer.o(.text.__NVIC_EnableIRQ)
    __NVIC_EnableIRQ                         0x08001c25   Thumb Code    48  dma.o(.text.__NVIC_EnableIRQ)
    [Anonymous Symbol]                       0x08001c24   Section        0  dma.o(.text.__NVIC_EnableIRQ)
    __NVIC_EnableIRQ                         0x08001c55   Thumb Code    48  uart.o(.text.__NVIC_EnableIRQ)
    [Anonymous Symbol]                       0x08001c54   Section        0  uart.o(.text.__NVIC_EnableIRQ)
    __NVIC_SetPriority                       0x08001c85   Thumb Code    66  systimer.o(.text.__NVIC_SetPriority)
    [Anonymous Symbol]                       0x08001c84   Section        0  systimer.o(.text.__NVIC_SetPriority)
    __NVIC_SetPriority                       0x08001cc9   Thumb Code    66  dma.o(.text.__NVIC_SetPriority)
    [Anonymous Symbol]                       0x08001cc8   Section        0  dma.o(.text.__NVIC_SetPriority)
    __NVIC_SetPriority                       0x08001d0d   Thumb Code    66  uart.o(.text.__NVIC_SetPriority)
    [Anonymous Symbol]                       0x08001d0c   Section        0  uart.o(.text.__NVIC_SetPriority)
    [Anonymous Symbol]                       0x08001d50   Section        0  uart.o(.text.clearActiveBuffer)
    [Anonymous Symbol]                       0x08001d60   Section        0  systimer.o(.text.delay)
    [Anonymous Symbol]                       0x08001d90   Section        0  motor.o(.text.getDire)
    [Anonymous Symbol]                       0x08001da0   Section        0  main.o(.text.main)
    [Anonymous Symbol]                       0x08001e10   Section        0  uart.o(.text.on_complete_transfer)
    [Anonymous Symbol]                       0x08001e7c   Section        0  motor.o(.text.rotate)
    [Anonymous Symbol]                       0x08001f10   Section        0  uart.o(.text.setSRC_DMA_Channel)
    [Anonymous Symbol]                       0x08001f2c   Section        0  uart.o(.text.transfer_data)
    CL$$btod_d2e                             0x08001fa0   Section       62  btod.o(CL$$btod_d2e)
    CL$$btod_d2e_denorm_low                  0x08001fde   Section       70  btod.o(CL$$btod_d2e_denorm_low)
    CL$$btod_d2e_norm_op1                    0x08002024   Section       96  btod.o(CL$$btod_d2e_norm_op1)
    CL$$btod_div_common                      0x08002084   Section      824  btod.o(CL$$btod_div_common)
    CL$$btod_e2e                             0x080023bc   Section      220  btod.o(CL$$btod_e2e)
    CL$$btod_ediv                            0x08002498   Section       42  btod.o(CL$$btod_ediv)
    CL$$btod_emul                            0x080024c2   Section       42  btod.o(CL$$btod_emul)
    CL$$btod_mult_common                     0x080024ec   Section      580  btod.o(CL$$btod_mult_common)
    i.__ARM_fpclassify                       0x08002730   Section        0  fpclassify.o(i.__ARM_fpclassify)
    i._is_digit                              0x08002760   Section        0  __printf_wp.o(i._is_digit)
    locale$$code                             0x08002770   Section       44  lc_numeric_c.o(locale$$code)
    locale$$code                             0x0800279c   Section       44  lc_ctype_c.o(locale$$code)
    $v0                                      0x080027c8   Number         0  fpinit.o(x$fpl$fpinit)
    x$fpl$fpinit                             0x080027c8   Section       26  fpinit.o(x$fpl$fpinit)
    $v0                                      0x080027e2   Number         0  printf1.o(x$fpl$printf1)
    x$fpl$printf1                            0x080027e2   Section        4  printf1.o(x$fpl$printf1)
    $v0                                      0x080027e6   Number         0  printf2.o(x$fpl$printf2)
    x$fpl$printf2                            0x080027e6   Section        4  printf2.o(x$fpl$printf2)
    x$fpl$usenofp                            0x080027ea   Section        0  usenofp.o(x$fpl$usenofp)
    initial_mbstate                          0x080027ec   Data           8  _printf_wctomb.o(.constdata)
    .constdata                               0x080027ec   Section        8  _printf_wctomb.o(.constdata)
    uc_hextab                                0x080027f4   Data          20  _printf_hex_int_ll_ptr.o(.constdata)
    .constdata                               0x080027f4   Section       40  _printf_hex_int_ll_ptr.o(.constdata)
    lc_hextab                                0x08002808   Data          20  _printf_hex_int_ll_ptr.o(.constdata)
    maptable                                 0x0800281c   Data          17  __printf_flags_ss_wp.o(.constdata)
    .constdata                               0x0800281c   Section       17  __printf_flags_ss_wp.o(.constdata)
    lc_hextab                                0x0800282d   Data          19  _printf_fp_hex.o(.constdata)
    .constdata                               0x0800282d   Section       38  _printf_fp_hex.o(.constdata)
    uc_hextab                                0x08002840   Data          19  _printf_fp_hex.o(.constdata)
    tenpwrs_x                                0x08002854   Data          60  bigflt0.o(.constdata)
    .constdata                               0x08002854   Section      148  bigflt0.o(.constdata)
    tenpwrs_i                                0x08002890   Data          64  bigflt0.o(.constdata)
    HalfStep                                 0x080028e8   Data          32  motor.o(.rodata.HalfStep)
    [Anonymous Symbol]                       0x080028e8   Section        0  motor.o(.rodata.HalfStep)
    .L.str                                   0x08002908   Data           9  main.o(.rodata.str1.1)
    [Anonymous Symbol]                       0x08002908   Section        0  main.o(.rodata.str1.1)
    locale$$data                             0x08002934   Section       28  lc_numeric_c.o(locale$$data)
    __lcnum_c_name                           0x08002938   Data           2  lc_numeric_c.o(locale$$data)
    __lcnum_c_start                          0x08002940   Data           0  lc_numeric_c.o(locale$$data)
    __lcnum_c_point                          0x0800294c   Data           0  lc_numeric_c.o(locale$$data)
    __lcnum_c_thousands                      0x0800294e   Data           0  lc_numeric_c.o(locale$$data)
    __lcnum_c_grouping                       0x0800294f   Data           0  lc_numeric_c.o(locale$$data)
    __lcnum_c_end                            0x08002950   Data           0  lc_numeric_c.o(locale$$data)
    locale$$data                             0x08002950   Section      272  lc_ctype_c.o(locale$$data)
    __lcctype_c_name                         0x08002954   Data           2  lc_ctype_c.o(locale$$data)
    __lcctype_c_start                        0x0800295c   Data           0  lc_ctype_c.o(locale$$data)
    __lcctype_c_end                          0x08002a60   Data           0  lc_ctype_c.o(locale$$data)
    active                                   0x20000000   Data           4  uart.o(.data.active)
    [Anonymous Symbol]                       0x20000000   Section        0  uart.o(.data.active)
    dire                                     0x20000004   Data           1  motor.o(.data.dire)
    [Anonymous Symbol]                       0x20000004   Section        0  motor.o(.data.dire)
    pending                                  0x20000008   Data           4  uart.o(.data.pending)
    [Anonymous Symbol]                       0x20000008   Section        0  uart.o(.data.pending)
    tx                                       0x2000000c   Data           4  uart.o(.data.tx)
    [Anonymous Symbol]                       0x2000000c   Section        0  uart.o(.data.tx)
    .bss                                     0x20000010   Section       96  libspace.o(.bss)
    buffer                                   0x20000070   Data         256  main.o(.bss.buffer)
    [Anonymous Symbol]                       0x20000070   Section        0  main.o(.bss.buffer)
    data_t_0                                 0x20000170   Data         256  uart.o(.bss.data_t_0)
    [Anonymous Symbol]                       0x20000170   Section        0  uart.o(.bss.data_t_0)
    data_t_1                                 0x20000270   Data         256  uart.o(.bss.data_t_1)
    [Anonymous Symbol]                       0x20000270   Section        0  uart.o(.bss.data_t_1)
    input_size                               0x20000370   Data           1  uart.o(.bss.input_size)
    [Anonymous Symbol]                       0x20000370   Section        0  uart.o(.bss.input_size)
    inputs                                   0x20000371   Data         256  uart.o(.bss.inputs)
    [Anonymous Symbol]                       0x20000371   Section        0  uart.o(.bss.inputs)
    msTicks                                  0x20000474   Data           4  systimer.o(.bss.msTicks)
    [Anonymous Symbol]                       0x20000474   Section        0  systimer.o(.bss.msTicks)
    pending_size                             0x20000478   Data           1  uart.o(.bss.pending_size)
    [Anonymous Symbol]                       0x20000478   Section        0  uart.o(.bss.pending_size)
    step                                     0x20000479   Data           1  motor.o(.bss.step)
    [Anonymous Symbol]                       0x20000479   Section        0  motor.o(.bss.step)
    temp                                     0x2000047c   Data           4  uart.o(.bss.temp)
    [Anonymous Symbol]                       0x2000047c   Section        0  uart.o(.bss.temp)
    Heap_Mem                                 0x20000480   Data         512  startup_stm32l476xx.o(HEAP)
    HEAP                                     0x20000480   Section      512  startup_stm32l476xx.o(HEAP)
    Stack_Mem                                0x20000680   Data        1024  startup_stm32l476xx.o(STACK)
    STACK                                    0x20000680   Section     1024  startup_stm32l476xx.o(STACK)
    __initial_sp                             0x20000a80   Data           0  startup_stm32l476xx.o(STACK)

    Global Symbols

    Symbol Name                              Value     Ov Type        Size  Object(Section)

    BuildAttributes$$THM_ISAv4$E$P$D$K$B$S$7EM$VFPi3$EXTD16$VFPS$VFMA$PE$A:L22UL41UL21$X:L11$S22US41US21$IEEE1$IW$~IW$USESV6$~STKCKD$USESV7$~SHL$OTIME$ROPI$IEEEJ$EBA8$UX$STANDARDLIB$REQ8$PRES8$EABIv2 0x00000000   Number         0  anon$$obj.o ABSOLUTE
    Image$$ER_IROM1$$RW$$Length              0x00000000   Number         0  anon$$obj.o ABSOLUTE
    Image$$ER_IROM1$$ZI$$Length              0x00000000   Number         0  anon$$obj.o ABSOLUTE
    Image$$RW_IRAM1$$RO$$Length              0x00000000   Number         0  anon$$obj.o ABSOLUTE
    _printf_flags                            0x00000000   Number         0  printf_stubs.o ABSOLUTE
    _printf_return_value                     0x00000000   Number         0  printf_stubs.o ABSOLUTE
    _printf_sizespec                         0x00000000   Number         0  printf_stubs.o ABSOLUTE
    _printf_widthprec                        0x00000000   Number         0  printf_stubs.o ABSOLUTE
    __ARM_exceptions_init                     - Undefined Weak Reference
    __alloca_initialize                       - Undefined Weak Reference
    __arm_preinit_                            - Undefined Weak Reference
    __arm_relocate_pie_                       - Undefined Weak Reference
    __cpp_initialize__aeabi_                  - Undefined Weak Reference
    __cxa_finalize                            - Undefined Weak Reference
    __sigvec_lookup                           - Undefined Weak Reference
    _atexit_init                              - Undefined Weak Reference
    _call_atexit_fns                          - Undefined Weak Reference
    _clock_init                               - Undefined Weak Reference
    _fp_trap_init                             - Undefined Weak Reference
    _fp_trap_shutdown                         - Undefined Weak Reference
    _get_lc_collate                           - Undefined Weak Reference
    _get_lc_monetary                          - Undefined Weak Reference
    _get_lc_time                              - Undefined Weak Reference
    _getenv_init                              - Undefined Weak Reference
    _handle_redirection                       - Undefined Weak Reference
    _init_alloc                               - Undefined Weak Reference
    _init_user_alloc                          - Undefined Weak Reference
    _initio                                   - Undefined Weak Reference
    _printf_mbtowc                            - Undefined Weak Reference
    _printf_wc                                - Undefined Weak Reference
    _rand_init                                - Undefined Weak Reference
    _signal_finish                            - Undefined Weak Reference
    _signal_init                              - Undefined Weak Reference
    _terminate_alloc                          - Undefined Weak Reference
    _terminate_user_alloc                     - Undefined Weak Reference
    _terminateio                              - Undefined Weak Reference
    Image$$RW_IRAM1$$Length                  0x00000010   Number         0  anon$$obj.o ABSOLUTE
    Image$$RW_IRAM1$$RW$$Length              0x00000010   Number         0  anon$$obj.o ABSOLUTE
    __Vectors_Size                           0x00000188   Number         0  startup_stm32l476xx.o ABSOLUTE
    Image$$RW_IRAM1$$ZI$$Length              0x00000a70   Number         0  anon$$obj.o ABSOLUTE
    Image$$ER_IROM1$$RO$$Length              0x00002a60   Number         0  anon$$obj.o ABSOLUTE
    Image$$ER_IROM1$$RO$$Base                0x08000000   Number         0  anon$$obj.o ABSOLUTE
    Load$$ER_IROM1$$Base                     0x08000000   Number         0  anon$$obj.o ABSOLUTE
    __Vectors                                0x08000000   Data           4  startup_stm32l476xx.o(RESET)
    __Vectors_End                            0x08000188   Data           0  startup_stm32l476xx.o(RESET)
    __main                                   0x08000189   Thumb Code     8  __main.o(!!!main)
    __scatterload                            0x08000191   Thumb Code     0  __scatter.o(!!!scatter)
    __scatterload_rt2                        0x08000191   Thumb Code    84  __scatter.o(!!!scatter)
    __scatterload_rt2_thumb_only             0x08000191   Thumb Code     0  __scatter.o(!!!scatter)
    __scatterload_loop                       0x0800019b   Thumb Code     0  __scatter.o(!!!scatter)
    __scatterload_copy                       0x080001ed   Thumb Code    26  __scatter_copy.o(!!handler_copy)
    __scatterload_null                       0x08000209   Thumb Code     2  __scatter.o(!!handler_null)
    __scatterload_zeroinit                   0x0800020d   Thumb Code    28  __scatter_zi.o(!!handler_zi)
    _printf_n                                0x08000229   Thumb Code     0  _printf_n.o(.ARM.Collect$$_printf_percent$$00000001)
    _printf_percent                          0x08000229   Thumb Code     0  _printf_percent.o(.ARM.Collect$$_printf_percent$$00000000)
    _printf_p                                0x0800022f   Thumb Code     0  _printf_p.o(.ARM.Collect$$_printf_percent$$00000002)
    _printf_f                                0x08000235   Thumb Code     0  _printf_f.o(.ARM.Collect$$_printf_percent$$00000003)
    _printf_e                                0x0800023b   Thumb Code     0  _printf_e.o(.ARM.Collect$$_printf_percent$$00000004)
    _printf_g                                0x08000241   Thumb Code     0  _printf_g.o(.ARM.Collect$$_printf_percent$$00000005)
    _printf_a                                0x08000247   Thumb Code     0  _printf_a.o(.ARM.Collect$$_printf_percent$$00000006)
    _printf_ll                               0x0800024d   Thumb Code     0  _printf_ll.o(.ARM.Collect$$_printf_percent$$00000007)
    _printf_i                                0x08000257   Thumb Code     0  _printf_i.o(.ARM.Collect$$_printf_percent$$00000008)
    _printf_d                                0x0800025d   Thumb Code     0  _printf_d.o(.ARM.Collect$$_printf_percent$$00000009)
    _printf_u                                0x08000263   Thumb Code     0  _printf_u.o(.ARM.Collect$$_printf_percent$$0000000A)
    _printf_o                                0x08000269   Thumb Code     0  _printf_o.o(.ARM.Collect$$_printf_percent$$0000000B)
    _printf_x                                0x0800026f   Thumb Code     0  _printf_x.o(.ARM.Collect$$_printf_percent$$0000000C)
    _printf_lli                              0x08000275   Thumb Code     0  _printf_lli.o(.ARM.Collect$$_printf_percent$$0000000D)
    _printf_lld                              0x0800027b   Thumb Code     0  _printf_lld.o(.ARM.Collect$$_printf_percent$$0000000E)
    _printf_llu                              0x08000281   Thumb Code     0  _printf_llu.o(.ARM.Collect$$_printf_percent$$0000000F)
    _printf_llo                              0x08000287   Thumb Code     0  _printf_llo.o(.ARM.Collect$$_printf_percent$$00000010)
    _printf_llx                              0x0800028d   Thumb Code     0  _printf_llx.o(.ARM.Collect$$_printf_percent$$00000011)
    _printf_l                                0x08000293   Thumb Code     0  _printf_l.o(.ARM.Collect$$_printf_percent$$00000012)
    _printf_c                                0x0800029d   Thumb Code     0  _printf_c.o(.ARM.Collect$$_printf_percent$$00000013)
    _printf_s                                0x080002a3   Thumb Code     0  _printf_s.o(.ARM.Collect$$_printf_percent$$00000014)
    _printf_lc                               0x080002a9   Thumb Code     0  _printf_lc.o(.ARM.Collect$$_printf_percent$$00000015)
    _printf_ls                               0x080002af   Thumb Code     0  _printf_ls.o(.ARM.Collect$$_printf_percent$$00000016)
    _printf_percent_end                      0x080002b5   Thumb Code     0  _printf_percent_end.o(.ARM.Collect$$_printf_percent$$00000017)
    __rt_lib_init                            0x080002b9   Thumb Code     0  libinit.o(.ARM.Collect$$libinit$$00000000)
    __rt_lib_init_fp_1                       0x080002bb   Thumb Code     0  libinit2.o(.ARM.Collect$$libinit$$00000001)
    __rt_lib_init_heap_1                     0x080002bf   Thumb Code     0  libinit2.o(.ARM.Collect$$libinit$$0000000C)
    __rt_lib_init_lc_common                  0x080002bf   Thumb Code     0  libinit2.o(.ARM.Collect$$libinit$$00000011)
    __rt_lib_init_preinit_1                  0x080002bf   Thumb Code     0  libinit2.o(.ARM.Collect$$libinit$$00000006)
    __rt_lib_init_rand_1                     0x080002bf   Thumb Code     0  libinit2.o(.ARM.Collect$$libinit$$00000010)
    __rt_lib_init_relocate_pie_1             0x080002bf   Thumb Code     0  libinit2.o(.ARM.Collect$$libinit$$00000004)
    __rt_lib_init_user_alloc_1               0x080002bf   Thumb Code     0  libinit2.o(.ARM.Collect$$libinit$$0000000E)
    __rt_lib_init_lc_collate_1               0x080002c5   Thumb Code     0  libinit2.o(.ARM.Collect$$libinit$$00000013)
    __rt_lib_init_lc_ctype_2                 0x080002c5   Thumb Code     0  libinit2.o(.ARM.Collect$$libinit$$00000014)
    __rt_lib_init_lc_ctype_1                 0x080002d1   Thumb Code     0  libinit2.o(.ARM.Collect$$libinit$$00000015)
    __rt_lib_init_lc_monetary_1              0x080002d1   Thumb Code     0  libinit2.o(.ARM.Collect$$libinit$$00000017)
    __rt_lib_init_lc_numeric_2               0x080002d1   Thumb Code     0  libinit2.o(.ARM.Collect$$libinit$$00000018)
    __rt_lib_init_alloca_1                   0x080002db   Thumb Code     0  libinit2.o(.ARM.Collect$$libinit$$00000030)
    __rt_lib_init_argv_1                     0x080002db   Thumb Code     0  libinit2.o(.ARM.Collect$$libinit$$0000002E)
    __rt_lib_init_atexit_1                   0x080002db   Thumb Code     0  libinit2.o(.ARM.Collect$$libinit$$0000001D)
    __rt_lib_init_clock_1                    0x080002db   Thumb Code     0  libinit2.o(.ARM.Collect$$libinit$$00000023)
    __rt_lib_init_cpp_1                      0x080002db   Thumb Code     0  libinit2.o(.ARM.Collect$$libinit$$00000034)
    __rt_lib_init_exceptions_1               0x080002db   Thumb Code     0  libinit2.o(.ARM.Collect$$libinit$$00000032)
    __rt_lib_init_fp_trap_1                  0x080002db   Thumb Code     0  libinit2.o(.ARM.Collect$$libinit$$00000021)
    __rt_lib_init_getenv_1                   0x080002db   Thumb Code     0  libinit2.o(.ARM.Collect$$libinit$$00000025)
    __rt_lib_init_lc_numeric_1               0x080002db   Thumb Code     0  libinit2.o(.ARM.Collect$$libinit$$00000019)
    __rt_lib_init_lc_time_1                  0x080002db   Thumb Code     0  libinit2.o(.ARM.Collect$$libinit$$0000001B)
    __rt_lib_init_return                     0x080002db   Thumb Code     0  libinit2.o(.ARM.Collect$$libinit$$00000035)
    __rt_lib_init_signal_1                   0x080002db   Thumb Code     0  libinit2.o(.ARM.Collect$$libinit$$0000001F)
    __rt_lib_init_stdio_1                    0x080002db   Thumb Code     0  libinit2.o(.ARM.Collect$$libinit$$00000027)
    __rt_lib_shutdown                        0x080002dd   Thumb Code     0  libshutdown.o(.ARM.Collect$$libshutdown$$00000000)
    __rt_lib_shutdown_cpp_1                  0x080002df   Thumb Code     0  libshutdown2.o(.ARM.Collect$$libshutdown$$00000002)
    __rt_lib_shutdown_fp_trap_1              0x080002df   Thumb Code     0  libshutdown2.o(.ARM.Collect$$libshutdown$$00000007)
    __rt_lib_shutdown_heap_1                 0x080002df   Thumb Code     0  libshutdown2.o(.ARM.Collect$$libshutdown$$0000000F)
    __rt_lib_shutdown_return                 0x080002df   Thumb Code     0  libshutdown2.o(.ARM.Collect$$libshutdown$$00000010)
    __rt_lib_shutdown_signal_1               0x080002df   Thumb Code     0  libshutdown2.o(.ARM.Collect$$libshutdown$$0000000A)
    __rt_lib_shutdown_stdio_1                0x080002df   Thumb Code     0  libshutdown2.o(.ARM.Collect$$libshutdown$$00000004)
    __rt_lib_shutdown_user_alloc_1           0x080002df   Thumb Code     0  libshutdown2.o(.ARM.Collect$$libshutdown$$0000000C)
    __rt_entry                               0x080002e1   Thumb Code     0  __rtentry.o(.ARM.Collect$$rtentry$$00000000)
    __rt_entry_presh_1                       0x080002e1   Thumb Code     0  __rtentry2.o(.ARM.Collect$$rtentry$$00000002)
    __rt_entry_sh                            0x080002e1   Thumb Code     0  __rtentry4.o(.ARM.Collect$$rtentry$$00000004)
    __rt_entry_li                            0x080002e7   Thumb Code     0  __rtentry2.o(.ARM.Collect$$rtentry$$0000000A)
    __rt_entry_postsh_1                      0x080002e7   Thumb Code     0  __rtentry2.o(.ARM.Collect$$rtentry$$00000009)
    __rt_entry_main                          0x080002eb   Thumb Code     0  __rtentry2.o(.ARM.Collect$$rtentry$$0000000D)
    __rt_entry_postli_1                      0x080002eb   Thumb Code     0  __rtentry2.o(.ARM.Collect$$rtentry$$0000000C)
    __rt_exit                                0x080002f3   Thumb Code     0  rtexit.o(.ARM.Collect$$rtexit$$00000000)
    __rt_exit_ls                             0x080002f5   Thumb Code     0  rtexit2.o(.ARM.Collect$$rtexit$$00000003)
    __rt_exit_prels_1                        0x080002f5   Thumb Code     0  rtexit2.o(.ARM.Collect$$rtexit$$00000002)
    __rt_exit_exit                           0x080002f9   Thumb Code     0  rtexit2.o(.ARM.Collect$$rtexit$$00000004)
    Reset_Handler                            0x08000301   Thumb Code    62  startup_stm32l476xx.o(.text)
    NMI_Handler                              0x0800033f   Thumb Code     2  startup_stm32l476xx.o(.text)
    HardFault_Handler                        0x08000341   Thumb Code     2  startup_stm32l476xx.o(.text)
    MemManage_Handler                        0x08000343   Thumb Code     2  startup_stm32l476xx.o(.text)
    BusFault_Handler                         0x08000345   Thumb Code     2  startup_stm32l476xx.o(.text)
    UsageFault_Handler                       0x08000347   Thumb Code     2  startup_stm32l476xx.o(.text)
    SVC_Handler                              0x08000349   Thumb Code     2  startup_stm32l476xx.o(.text)
    DebugMon_Handler                         0x0800034b   Thumb Code     2  startup_stm32l476xx.o(.text)
    PendSV_Handler                           0x0800034d   Thumb Code     2  startup_stm32l476xx.o(.text)
    ADC1_2_IRQHandler                        0x08000351   Thumb Code     0  startup_stm32l476xx.o(.text)
    ADC3_IRQHandler                          0x08000351   Thumb Code     0  startup_stm32l476xx.o(.text)
    CAN1_RX0_IRQHandler                      0x08000351   Thumb Code     0  startup_stm32l476xx.o(.text)
    CAN1_RX1_IRQHandler                      0x08000351   Thumb Code     0  startup_stm32l476xx.o(.text)
    CAN1_SCE_IRQHandler                      0x08000351   Thumb Code     0  startup_stm32l476xx.o(.text)
    CAN1_TX_IRQHandler                       0x08000351   Thumb Code     0  startup_stm32l476xx.o(.text)
    COMP_IRQHandler                          0x08000351   Thumb Code     0  startup_stm32l476xx.o(.text)
    DFSDM0_IRQHandler                        0x08000351   Thumb Code     0  startup_stm32l476xx.o(.text)
    DFSDM1_IRQHandler                        0x08000351   Thumb Code     0  startup_stm32l476xx.o(.text)
    DFSDM2_IRQHandler                        0x08000351   Thumb Code     0  startup_stm32l476xx.o(.text)
    DFSDM3_IRQHandler                        0x08000351   Thumb Code     0  startup_stm32l476xx.o(.text)
    DMA1_Channel1_IRQHandler                 0x08000351   Thumb Code     0  startup_stm32l476xx.o(.text)
    DMA1_Channel2_IRQHandler                 0x08000351   Thumb Code     0  startup_stm32l476xx.o(.text)
    DMA1_Channel3_IRQHandler                 0x08000351   Thumb Code     0  startup_stm32l476xx.o(.text)
    DMA1_Channel5_IRQHandler                 0x08000351   Thumb Code     0  startup_stm32l476xx.o(.text)
    DMA1_Channel6_IRQHandler                 0x08000351   Thumb Code     0  startup_stm32l476xx.o(.text)
    DMA2_Channel1_IRQHandler                 0x08000351   Thumb Code     0  startup_stm32l476xx.o(.text)
    DMA2_Channel2_IRQHandler                 0x08000351   Thumb Code     0  startup_stm32l476xx.o(.text)
    DMA2_Channel3_IRQHandler                 0x08000351   Thumb Code     0  startup_stm32l476xx.o(.text)
    DMA2_Channel4_IRQHandler                 0x08000351   Thumb Code     0  startup_stm32l476xx.o(.text)
    DMA2_Channel5_IRQHandler                 0x08000351   Thumb Code     0  startup_stm32l476xx.o(.text)
    DMA2_Channel6_IRQHandler                 0x08000351   Thumb Code     0  startup_stm32l476xx.o(.text)
    DMA2_Channel7_IRQHandler                 0x08000351   Thumb Code     0  startup_stm32l476xx.o(.text)
    EXTI0_IRQHandler                         0x08000351   Thumb Code     0  startup_stm32l476xx.o(.text)
    EXTI15_10_IRQHandler                     0x08000351   Thumb Code     0  startup_stm32l476xx.o(.text)
    EXTI1_IRQHandler                         0x08000351   Thumb Code     0  startup_stm32l476xx.o(.text)
    EXTI2_IRQHandler                         0x08000351   Thumb Code     0  startup_stm32l476xx.o(.text)
    EXTI3_IRQHandler                         0x08000351   Thumb Code     0  startup_stm32l476xx.o(.text)
    EXTI4_IRQHandler                         0x08000351   Thumb Code     0  startup_stm32l476xx.o(.text)
    EXTI9_5_IRQHandler                       0x08000351   Thumb Code     0  startup_stm32l476xx.o(.text)
    FLASH_IRQHandler                         0x08000351   Thumb Code     0  startup_stm32l476xx.o(.text)
    FMC_IRQHandler                           0x08000351   Thumb Code     0  startup_stm32l476xx.o(.text)
    FPU_IRQHandler                           0x08000351   Thumb Code     0  startup_stm32l476xx.o(.text)
    I2C1_ER_IRQHandler                       0x08000351   Thumb Code     0  startup_stm32l476xx.o(.text)
    I2C1_EV_IRQHandler                       0x08000351   Thumb Code     0  startup_stm32l476xx.o(.text)
    I2C2_ER_IRQHandler                       0x08000351   Thumb Code     0  startup_stm32l476xx.o(.text)
    I2C2_EV_IRQHandler                       0x08000351   Thumb Code     0  startup_stm32l476xx.o(.text)
    I2C3_ER_IRQHandler                       0x08000351   Thumb Code     0  startup_stm32l476xx.o(.text)
    I2C3_EV_IRQHandler                       0x08000351   Thumb Code     0  startup_stm32l476xx.o(.text)
    LCD_IRQHandler                           0x08000351   Thumb Code     0  startup_stm32l476xx.o(.text)
    LPTIM1_IRQHandler                        0x08000351   Thumb Code     0  startup_stm32l476xx.o(.text)
    LPTIM2_IRQHandler                        0x08000351   Thumb Code     0  startup_stm32l476xx.o(.text)
    LPUART1_IRQHandler                       0x08000351   Thumb Code     0  startup_stm32l476xx.o(.text)
    OTG_FS_IRQHandler                        0x08000351   Thumb Code     0  startup_stm32l476xx.o(.text)
    PVD_PVM_IRQHandler                       0x08000351   Thumb Code     0  startup_stm32l476xx.o(.text)
    QUADSPI_IRQHandler                       0x08000351   Thumb Code     0  startup_stm32l476xx.o(.text)
    RCC_IRQHandler                           0x08000351   Thumb Code     0  startup_stm32l476xx.o(.text)
    RNG_IRQHandler                           0x08000351   Thumb Code     0  startup_stm32l476xx.o(.text)
    RTC_Alarm_IRQHandler                     0x08000351   Thumb Code     0  startup_stm32l476xx.o(.text)
    RTC_WKUP_IRQHandler                      0x08000351   Thumb Code     0  startup_stm32l476xx.o(.text)
    SAI1_IRQHandler                          0x08000351   Thumb Code     0  startup_stm32l476xx.o(.text)
    SAI2_IRQHandler                          0x08000351   Thumb Code     0  startup_stm32l476xx.o(.text)
    SDMMC1_IRQHandler                        0x08000351   Thumb Code     0  startup_stm32l476xx.o(.text)
    SPI1_IRQHandler                          0x08000351   Thumb Code     0  startup_stm32l476xx.o(.text)
    SPI2_IRQHandler                          0x08000351   Thumb Code     0  startup_stm32l476xx.o(.text)
    SPI3_IRQHandler                          0x08000351   Thumb Code     0  startup_stm32l476xx.o(.text)
    SWPMI1_IRQHandler                        0x08000351   Thumb Code     0  startup_stm32l476xx.o(.text)
    TAMP_STAMP_IRQHandler                    0x08000351   Thumb Code     0  startup_stm32l476xx.o(.text)
    TIM1_BRK_TIM15_IRQHandler                0x08000351   Thumb Code     0  startup_stm32l476xx.o(.text)
    TIM1_CC_IRQHandler                       0x08000351   Thumb Code     0  startup_stm32l476xx.o(.text)
    TIM1_TRG_COM_TIM17_IRQHandler            0x08000351   Thumb Code     0  startup_stm32l476xx.o(.text)
    TIM1_UP_TIM16_IRQHandler                 0x08000351   Thumb Code     0  startup_stm32l476xx.o(.text)
    TIM2_IRQHandler                          0x08000351   Thumb Code     0  startup_stm32l476xx.o(.text)
    TIM3_IRQHandler                          0x08000351   Thumb Code     0  startup_stm32l476xx.o(.text)
    TIM4_IRQHandler                          0x08000351   Thumb Code     0  startup_stm32l476xx.o(.text)
    TIM5_IRQHandler                          0x08000351   Thumb Code     0  startup_stm32l476xx.o(.text)
    TIM6_DAC_IRQHandler                      0x08000351   Thumb Code     0  startup_stm32l476xx.o(.text)
    TIM7_IRQHandler                          0x08000351   Thumb Code     0  startup_stm32l476xx.o(.text)
    TIM8_BRK_IRQHandler                      0x08000351   Thumb Code     0  startup_stm32l476xx.o(.text)
    TIM8_CC_IRQHandler                       0x08000351   Thumb Code     0  startup_stm32l476xx.o(.text)
    TIM8_TRG_COM_IRQHandler                  0x08000351   Thumb Code     0  startup_stm32l476xx.o(.text)
    TIM8_UP_IRQHandler                       0x08000351   Thumb Code     0  startup_stm32l476xx.o(.text)
    TSC_IRQHandler                           0x08000351   Thumb Code     0  startup_stm32l476xx.o(.text)
    UART4_IRQHandler                         0x08000351   Thumb Code     0  startup_stm32l476xx.o(.text)
    UART5_IRQHandler                         0x08000351   Thumb Code     0  startup_stm32l476xx.o(.text)
    USART3_IRQHandler                        0x08000351   Thumb Code     0  startup_stm32l476xx.o(.text)
    WWDG_IRQHandler                          0x08000351   Thumb Code     0  startup_stm32l476xx.o(.text)
    __user_initial_stackheap                 0x08000355   Thumb Code     0  startup_stm32l476xx.o(.text)
    sprintf                                  0x0800038d   Thumb Code    38  sprintf.o(.text)
    strlen                                   0x080003b9   Thumb Code    62  strlen.o(.text)
    __use_two_region_memory                  0x080003f7   Thumb Code     2  heapauxi.o(.text)
    __rt_heap_escrow$2region                 0x080003f9   Thumb Code     2  heapauxi.o(.text)
    __rt_heap_expand$2region                 0x080003fb   Thumb Code     2  heapauxi.o(.text)
    _printf_pre_padding                      0x080003fd   Thumb Code    44  _printf_pad.o(.text)
    _printf_post_padding                     0x08000429   Thumb Code    34  _printf_pad.o(.text)
    _printf_truncate_signed                  0x0800044b   Thumb Code    18  _printf_truncate.o(.text)
    _printf_truncate_unsigned                0x0800045d   Thumb Code    18  _printf_truncate.o(.text)
    _printf_str                              0x0800046f   Thumb Code    82  _printf_str.o(.text)
    _printf_int_dec                          0x080004c1   Thumb Code   104  _printf_dec.o(.text)
    _printf_charcount                        0x08000539   Thumb Code    40  _printf_charcount.o(.text)
    _printf_char_common                      0x0800056b   Thumb Code    32  _printf_char_common.o(.text)
    _sputc                                   0x08000591   Thumb Code    10  _sputc.o(.text)
    _printf_wctomb                           0x0800059d   Thumb Code   182  _printf_wctomb.o(.text)
    _printf_longlong_dec                     0x08000661   Thumb Code   108  _printf_longlong_dec.o(.text)
    _printf_longlong_oct                     0x080006dd   Thumb Code    68  _printf_oct_int_ll.o(.text)
    _printf_int_oct                          0x08000721   Thumb Code    24  _printf_oct_int_ll.o(.text)
    _printf_ll_oct                           0x08000739   Thumb Code    12  _printf_oct_int_ll.o(.text)
    _printf_longlong_hex                     0x0800074d   Thumb Code    86  _printf_hex_int_ll_ptr.o(.text)
    _printf_int_hex                          0x080007a3   Thumb Code    28  _printf_hex_int_ll_ptr.o(.text)
    _printf_ll_hex                           0x080007bf   Thumb Code    12  _printf_hex_int_ll_ptr.o(.text)
    _printf_hex_ptr                          0x080007cb   Thumb Code    18  _printf_hex_int_ll_ptr.o(.text)
    __printf                                 0x080007e1   Thumb Code   388  __printf_flags_ss_wp.o(.text)
    _ll_udiv10                               0x0800096f   Thumb Code   138  lludiv10.o(.text)
    _printf_int_common                       0x080009f9   Thumb Code   178  _printf_intcommon.o(.text)
    _printf_fp_dec_real                      0x08000c5b   Thumb Code   620  _printf_fp_dec.o(.text)
    _printf_fp_hex_real                      0x08000ecd   Thumb Code   756  _printf_fp_hex.o(.text)
    _printf_cs_common                        0x080011cf   Thumb Code    20  _printf_char.o(.text)
    _printf_char                             0x080011e3   Thumb Code    16  _printf_char.o(.text)
    _printf_string                           0x080011f3   Thumb Code     8  _printf_char.o(.text)
    _printf_lcs_common                       0x080011fb   Thumb Code    20  _printf_wchar.o(.text)
    _printf_wchar                            0x0800120f   Thumb Code    16  _printf_wchar.o(.text)
    _printf_wstring                          0x0800121f   Thumb Code     8  _printf_wchar.o(.text)
    _c16rtomb                                0x08001227   Thumb Code    72  _c16rtomb.o(.text)
    _wcrtomb                                 0x08001227   Thumb Code     0  _c16rtomb.o(.text)
    __user_setup_stackheap                   0x0800126f   Thumb Code    74  sys_stackheap_outer.o(.text)
    __rt_ctype_table                         0x080012b9   Thumb Code    16  rt_ctype_table.o(.text)
    __rt_locale                              0x080012c9   Thumb Code     8  rt_locale_intlibspace.o(.text)
    _printf_fp_infnan                        0x080012d1   Thumb Code   112  _printf_fp_infnan.o(.text)
    _btod_etento                             0x08001351   Thumb Code   224  bigflt0.o(.text)
    exit                                     0x08001435   Thumb Code    18  exit.o(.text)
    __user_libspace                          0x08001449   Thumb Code     8  libspace.o(.text)
    __user_perproc_libspace                  0x08001449   Thumb Code     0  libspace.o(.text)
    __user_perthread_libspace                0x08001449   Thumb Code     0  libspace.o(.text)
    strcmp                                   0x08001451   Thumb Code   124  strcmpv7em.o(.text)
    _sys_exit                                0x080014cd   Thumb Code     8  sys_exit.o(.text)
    __I$use$semihosting                      0x080014d9   Thumb Code     0  use_no_semi.o(.text)
    __use_no_semihosting_swi                 0x080014d9   Thumb Code     2  use_no_semi.o(.text)
    __semihosting_library_function           0x080014db   Thumb Code     0  indicate_semi.o(.text)
    DMA1_Channel4_IRQHandler                 0x080014dd   Thumb Code    78  dma.o(.text.DMA1_Channel4_IRQHandler)
    DMA1_Channel7_IRQHandler                 0x0800152d   Thumb Code    78  dma.o(.text.DMA1_Channel7_IRQHandler)
    DMA_Init_UARTx                           0x0800157d   Thumb Code   190  dma.o(.text.DMA_Init_UARTx)
    Init_DMA1_Channel7_IRQn                  0x0800163d   Thumb Code    24  dma.o(.text.Init_DMA1_Channel7_IRQn)
    Init_USART2_IRQn                         0x08001655   Thumb Code    24  uart.o(.text.Init_USART2_IRQn)
    LED_Init                                 0x0800166d   Thumb Code    74  led.o(.text.LED_Init)
    LED_Toggle                               0x080016b9   Thumb Code    16  led.o(.text.LED_Toggle)
    SysTick_Handler                          0x080016c9   Thumb Code    34  systimer.o(.text.SysTick_Handler)
    SysTick_Init                             0x080016ed   Thumb Code    92  systimer.o(.text.SysTick_Init)
    System_Clock_Init                        0x08001749   Thumb Code   466  sysclock.o(.text.System_Clock_Init)
    UART2_GPIO_Init                          0x0800191d   Thumb Code   206  uart.o(.text.UART2_GPIO_Init)
    UART2_Init                               0x080019ed   Thumb Code    42  uart.o(.text.UART2_Init)
    UART_onInput                             0x08001a19   Thumb Code    26  main.o(.text.UART_onInput)
    UART_print                               0x08001a35   Thumb Code   194  uart.o(.text.UART_print)
    USART1_IRQHandler                        0x08001af9   Thumb Code    10  uart.o(.text.USART1_IRQHandler)
    USART2_IRQHandler                        0x08001b05   Thumb Code    26  uart.o(.text.USART2_IRQHandler)
    USART_Init                               0x08001b21   Thumb Code   116  uart.o(.text.USART_Init)
    clearActiveBuffer                        0x08001d51   Thumb Code    16  uart.o(.text.clearActiveBuffer)
    delay                                    0x08001d61   Thumb Code    46  systimer.o(.text.delay)
    getDire                                  0x08001d91   Thumb Code    14  motor.o(.text.getDire)
    main                                     0x08001da1   Thumb Code   110  main.o(.text.main)
    on_complete_transfer                     0x08001e11   Thumb Code   106  uart.o(.text.on_complete_transfer)
    rotate                                   0x08001e7d   Thumb Code   148  motor.o(.text.rotate)
    setSRC_DMA_Channel                       0x08001f11   Thumb Code    26  uart.o(.text.setSRC_DMA_Channel)
    transfer_data                            0x08001f2d   Thumb Code   116  uart.o(.text.transfer_data)
    _btod_d2e                                0x08001fa1   Thumb Code    62  btod.o(CL$$btod_d2e)
    _d2e_denorm_low                          0x08001fdf   Thumb Code    70  btod.o(CL$$btod_d2e_denorm_low)
    _d2e_norm_op1                            0x08002025   Thumb Code    96  btod.o(CL$$btod_d2e_norm_op1)
    __btod_div_common                        0x08002085   Thumb Code   696  btod.o(CL$$btod_div_common)
    _e2e                                     0x080023bd   Thumb Code   220  btod.o(CL$$btod_e2e)
    _btod_ediv                               0x08002499   Thumb Code    42  btod.o(CL$$btod_ediv)
    _btod_emul                               0x080024c3   Thumb Code    42  btod.o(CL$$btod_emul)
    __btod_mult_common                       0x080024ed   Thumb Code   580  btod.o(CL$$btod_mult_common)
    __ARM_fpclassify                         0x08002731   Thumb Code    48  fpclassify.o(i.__ARM_fpclassify)
    _is_digit                                0x08002761   Thumb Code    14  __printf_wp.o(i._is_digit)
    _get_lc_numeric                          0x08002771   Thumb Code    44  lc_numeric_c.o(locale$$code)
    _get_lc_ctype                            0x0800279d   Thumb Code    44  lc_ctype_c.o(locale$$code)
    _fp_init                                 0x080027c9   Thumb Code    26  fpinit.o(x$fpl$fpinit)
    __fplib_config_fpu_vfp                   0x080027e1   Thumb Code     0  fpinit.o(x$fpl$fpinit)
    __fplib_config_pureend_doubles           0x080027e1   Thumb Code     0  fpinit.o(x$fpl$fpinit)
    _printf_fp_dec                           0x080027e3   Thumb Code     4  printf1.o(x$fpl$printf1)
    _printf_fp_hex                           0x080027e7   Thumb Code     4  printf2.o(x$fpl$printf2)
    __I$use$fp                               0x080027ea   Number         0  usenofp.o(x$fpl$usenofp)
    Region$$Table$$Base                      0x08002914   Number         0  anon$$obj.o(Region$$Table)
    Region$$Table$$Limit                     0x08002934   Number         0  anon$$obj.o(Region$$Table)
    __ctype                                  0x0800295d   Data           0  lc_ctype_c.o(locale$$data)
    Image$$ER_IROM1$$RO$$Limit               0x08002a60   Number         0  anon$$obj.o ABSOLUTE
    Image$$ER_IROM1$$RW$$Base                0x08002a60   Number         0  anon$$obj.o ABSOLUTE
    Image$$ER_IROM1$$RW$$Limit               0x08002a60   Number         0  anon$$obj.o ABSOLUTE
    Image$$ER_IROM1$$ZI$$Base                0x08002a60   Number         0  anon$$obj.o ABSOLUTE
    Image$$ER_IROM1$$ZI$$Limit               0x08002a60   Number         0  anon$$obj.o ABSOLUTE
    Load$$RW_IRAM1$$Base                     0x08002a60   Number         0  anon$$obj.o ABSOLUTE
    Image$$RW_IRAM1$$Base                    0x20000000   Number         0  anon$$obj.o ABSOLUTE
    Image$$RW_IRAM1$$RO$$Base                0x20000000   Number         0  anon$$obj.o ABSOLUTE
    Image$$RW_IRAM1$$RW$$Base                0x20000000   Number         0  anon$$obj.o ABSOLUTE
    Image$$RW_IRAM1$$Limit                   0x20000010   Number         0  anon$$obj.o ABSOLUTE
    Image$$RW_IRAM1$$RW$$Limit               0x20000010   Number         0  anon$$obj.o ABSOLUTE
    Image$$RW_IRAM1$$ZI$$Base                0x20000010   Number         0  anon$$obj.o ABSOLUTE
    __libspace_start                         0x20000010   Data          96  libspace.o(.bss)
    __temporary_stack_top$libspace           0x20000070   Data           0  libspace.o(.bss)
    Image$$RW_IRAM1$$ZI$$Limit               0x20000a80   Number         0  anon$$obj.o ABSOLUTE



==============================================================================

Memory Map of the image

  Image Entry point : 0x08000189

  Load Region LR_IROM1 (Base: 0x08000000, Size: 0x00002a70, Max: 0x00100000, ABSOLUTE)

    Execution Region ER_IROM1 (Exec base: 0x08000000, Load base: 0x08000000, Size: 0x00002a60, Max: 0x00100000, ABSOLUTE)

    Exec Addr    Load Addr    Size         Type   Attr      Idx    E Section Name        Object

    0x08000000   0x08000000   0x00000188   Data   RO           17    RESET               startup_stm32l476xx.o
    0x08000188   0x08000188   0x00000008   Code   RO          214  * !!!main             c_w.l(__main.o)
    0x08000190   0x08000190   0x0000005c   Code   RO          557    !!!scatter          c_w.l(__scatter.o)
    0x080001ec   0x080001ec   0x0000001a   Code   RO          561    !!handler_copy      c_w.l(__scatter_copy.o)
    0x08000206   0x08000206   0x00000002   PAD
    0x08000208   0x08000208   0x00000002   Code   RO          558    !!handler_null      c_w.l(__scatter.o)
    0x0800020a   0x0800020a   0x00000002   PAD
    0x0800020c   0x0800020c   0x0000001c   Code   RO          563    !!handler_zi        c_w.l(__scatter_zi.o)
    0x08000228   0x08000228   0x00000000   Code   RO          304    .ARM.Collect$$_printf_percent$$00000000  c_w.l(_printf_percent.o)
    0x08000228   0x08000228   0x00000006   Code   RO          293    .ARM.Collect$$_printf_percent$$00000001  c_w.l(_printf_n.o)
    0x0800022e   0x0800022e   0x00000006   Code   RO          295    .ARM.Collect$$_printf_percent$$00000002  c_w.l(_printf_p.o)
    0x08000234   0x08000234   0x00000006   Code   RO          300    .ARM.Collect$$_printf_percent$$00000003  c_w.l(_printf_f.o)
    0x0800023a   0x0800023a   0x00000006   Code   RO          301    .ARM.Collect$$_printf_percent$$00000004  c_w.l(_printf_e.o)
    0x08000240   0x08000240   0x00000006   Code   RO          302    .ARM.Collect$$_printf_percent$$00000005  c_w.l(_printf_g.o)
    0x08000246   0x08000246   0x00000006   Code   RO          303    .ARM.Collect$$_printf_percent$$00000006  c_w.l(_printf_a.o)
    0x0800024c   0x0800024c   0x0000000a   Code   RO          308    .ARM.Collect$$_printf_percent$$00000007  c_w.l(_printf_ll.o)
    0x08000256   0x08000256   0x00000006   Code   RO          297    .ARM.Collect$$_printf_percent$$00000008  c_w.l(_printf_i.o)
    0x0800025c   0x0800025c   0x00000006   Code   RO          298    .ARM.Collect$$_printf_percent$$00000009  c_w.l(_printf_d.o)
    0x08000262   0x08000262   0x00000006   Code   RO          299    .ARM.Collect$$_printf_percent$$0000000A  c_w.l(_printf_u.o)
    0x08000268   0x08000268   0x00000006   Code   RO          296    .ARM.Collect$$_printf_percent$$0000000B  c_w.l(_printf_o.o)
    0x0800026e   0x0800026e   0x00000006   Code   RO          294    .ARM.Collect$$_printf_percent$$0000000C  c_w.l(_printf_x.o)
    0x08000274   0x08000274   0x00000006   Code   RO          305    .ARM.Collect$$_printf_percent$$0000000D  c_w.l(_printf_lli.o)
    0x0800027a   0x0800027a   0x00000006   Code   RO          306    .ARM.Collect$$_printf_percent$$0000000E  c_w.l(_printf_lld.o)
    0x08000280   0x08000280   0x00000006   Code   RO          307    .ARM.Collect$$_printf_percent$$0000000F  c_w.l(_printf_llu.o)
    0x08000286   0x08000286   0x00000006   Code   RO          312    .ARM.Collect$$_printf_percent$$00000010  c_w.l(_printf_llo.o)
    0x0800028c   0x0800028c   0x00000006   Code   RO          313    .ARM.Collect$$_printf_percent$$00000011  c_w.l(_printf_llx.o)
    0x08000292   0x08000292   0x0000000a   Code   RO          309    .ARM.Collect$$_printf_percent$$00000012  c_w.l(_printf_l.o)
    0x0800029c   0x0800029c   0x00000006   Code   RO          291    .ARM.Collect$$_printf_percent$$00000013  c_w.l(_printf_c.o)
    0x080002a2   0x080002a2   0x00000006   Code   RO          292    .ARM.Collect$$_printf_percent$$00000014  c_w.l(_printf_s.o)
    0x080002a8   0x080002a8   0x00000006   Code   RO          310    .ARM.Collect$$_printf_percent$$00000015  c_w.l(_printf_lc.o)
    0x080002ae   0x080002ae   0x00000006   Code   RO          311    .ARM.Collect$$_printf_percent$$00000016  c_w.l(_printf_ls.o)
    0x080002b4   0x080002b4   0x00000004   Code   RO          355    .ARM.Collect$$_printf_percent$$00000017  c_w.l(_printf_percent_end.o)
    0x080002b8   0x080002b8   0x00000002   Code   RO          406    .ARM.Collect$$libinit$$00000000  c_w.l(libinit.o)
    0x080002ba   0x080002ba   0x00000004   Code   RO          423    .ARM.Collect$$libinit$$00000001  c_w.l(libinit2.o)
    0x080002be   0x080002be   0x00000000   Code   RO          426    .ARM.Collect$$libinit$$00000004  c_w.l(libinit2.o)
    0x080002be   0x080002be   0x00000000   Code   RO          428    .ARM.Collect$$libinit$$00000006  c_w.l(libinit2.o)
    0x080002be   0x080002be   0x00000000   Code   RO          431    .ARM.Collect$$libinit$$0000000C  c_w.l(libinit2.o)
    0x080002be   0x080002be   0x00000000   Code   RO          433    .ARM.Collect$$libinit$$0000000E  c_w.l(libinit2.o)
    0x080002be   0x080002be   0x00000000   Code   RO          435    .ARM.Collect$$libinit$$00000010  c_w.l(libinit2.o)
    0x080002be   0x080002be   0x00000006   Code   RO          436    .ARM.Collect$$libinit$$00000011  c_w.l(libinit2.o)
    0x080002c4   0x080002c4   0x00000000   Code   RO          438    .ARM.Collect$$libinit$$00000013  c_w.l(libinit2.o)
    0x080002c4   0x080002c4   0x0000000c   Code   RO          439    .ARM.Collect$$libinit$$00000014  c_w.l(libinit2.o)
    0x080002d0   0x080002d0   0x00000000   Code   RO          440    .ARM.Collect$$libinit$$00000015  c_w.l(libinit2.o)
    0x080002d0   0x080002d0   0x00000000   Code   RO          442    .ARM.Collect$$libinit$$00000017  c_w.l(libinit2.o)
    0x080002d0   0x080002d0   0x0000000a   Code   RO          443    .ARM.Collect$$libinit$$00000018  c_w.l(libinit2.o)
    0x080002da   0x080002da   0x00000000   Code   RO          444    .ARM.Collect$$libinit$$00000019  c_w.l(libinit2.o)
    0x080002da   0x080002da   0x00000000   Code   RO          446    .ARM.Collect$$libinit$$0000001B  c_w.l(libinit2.o)
    0x080002da   0x080002da   0x00000000   Code   RO          448    .ARM.Collect$$libinit$$0000001D  c_w.l(libinit2.o)
    0x080002da   0x080002da   0x00000000   Code   RO          450    .ARM.Collect$$libinit$$0000001F  c_w.l(libinit2.o)
    0x080002da   0x080002da   0x00000000   Code   RO          452    .ARM.Collect$$libinit$$00000021  c_w.l(libinit2.o)
    0x080002da   0x080002da   0x00000000   Code   RO          454    .ARM.Collect$$libinit$$00000023  c_w.l(libinit2.o)
    0x080002da   0x080002da   0x00000000   Code   RO          456    .ARM.Collect$$libinit$$00000025  c_w.l(libinit2.o)
    0x080002da   0x080002da   0x00000000   Code   RO          458    .ARM.Collect$$libinit$$00000027  c_w.l(libinit2.o)
    0x080002da   0x080002da   0x00000000   Code   RO          462    .ARM.Collect$$libinit$$0000002E  c_w.l(libinit2.o)
    0x080002da   0x080002da   0x00000000   Code   RO          464    .ARM.Collect$$libinit$$00000030  c_w.l(libinit2.o)
    0x080002da   0x080002da   0x00000000   Code   RO          466    .ARM.Collect$$libinit$$00000032  c_w.l(libinit2.o)
    0x080002da   0x080002da   0x00000000   Code   RO          468    .ARM.Collect$$libinit$$00000034  c_w.l(libinit2.o)
    0x080002da   0x080002da   0x00000002   Code   RO          469    .ARM.Collect$$libinit$$00000035  c_w.l(libinit2.o)
    0x080002dc   0x080002dc   0x00000002   Code   RO          493    .ARM.Collect$$libshutdown$$00000000  c_w.l(libshutdown.o)
    0x080002de   0x080002de   0x00000000   Code   RO          508    .ARM.Collect$$libshutdown$$00000002  c_w.l(libshutdown2.o)
    0x080002de   0x080002de   0x00000000   Code   RO          510    .ARM.Collect$$libshutdown$$00000004  c_w.l(libshutdown2.o)
    0x080002de   0x080002de   0x00000000   Code   RO          513    .ARM.Collect$$libshutdown$$00000007  c_w.l(libshutdown2.o)
    0x080002de   0x080002de   0x00000000   Code   RO          516    .ARM.Collect$$libshutdown$$0000000A  c_w.l(libshutdown2.o)
    0x080002de   0x080002de   0x00000000   Code   RO          518    .ARM.Collect$$libshutdown$$0000000C  c_w.l(libshutdown2.o)
    0x080002de   0x080002de   0x00000000   Code   RO          521    .ARM.Collect$$libshutdown$$0000000F  c_w.l(libshutdown2.o)
    0x080002de   0x080002de   0x00000002   Code   RO          522    .ARM.Collect$$libshutdown$$00000010  c_w.l(libshutdown2.o)
    0x080002e0   0x080002e0   0x00000000   Code   RO          222    .ARM.Collect$$rtentry$$00000000  c_w.l(__rtentry.o)
    0x080002e0   0x080002e0   0x00000000   Code   RO          324    .ARM.Collect$$rtentry$$00000002  c_w.l(__rtentry2.o)
    0x080002e0   0x080002e0   0x00000006   Code   RO          336    .ARM.Collect$$rtentry$$00000004  c_w.l(__rtentry4.o)
    0x080002e6   0x080002e6   0x00000000   Code   RO          326    .ARM.Collect$$rtentry$$00000009  c_w.l(__rtentry2.o)
    0x080002e6   0x080002e6   0x00000004   Code   RO          327    .ARM.Collect$$rtentry$$0000000A  c_w.l(__rtentry2.o)
    0x080002ea   0x080002ea   0x00000000   Code   RO          329    .ARM.Collect$$rtentry$$0000000C  c_w.l(__rtentry2.o)
    0x080002ea   0x080002ea   0x00000008   Code   RO          330    .ARM.Collect$$rtentry$$0000000D  c_w.l(__rtentry2.o)
    0x080002f2   0x080002f2   0x00000002   Code   RO          414    .ARM.Collect$$rtexit$$00000000  c_w.l(rtexit.o)
    0x080002f4   0x080002f4   0x00000000   Code   RO          471    .ARM.Collect$$rtexit$$00000002  c_w.l(rtexit2.o)
    0x080002f4   0x080002f4   0x00000004   Code   RO          472    .ARM.Collect$$rtexit$$00000003  c_w.l(rtexit2.o)
    0x080002f8   0x080002f8   0x00000006   Code   RO          473    .ARM.Collect$$rtexit$$00000004  c_w.l(rtexit2.o)
    0x080002fe   0x080002fe   0x00000002   PAD
    0x08000300   0x08000300   0x0000008c   Code   RO           18    .text               startup_stm32l476xx.o
    0x0800038c   0x0800038c   0x0000002c   Code   RO          208    .text               c_w.l(sprintf.o)
    0x080003b8   0x080003b8   0x0000003e   Code   RO          210    .text               c_w.l(strlen.o)
    0x080003f6   0x080003f6   0x00000006   Code   RO          212    .text               c_w.l(heapauxi.o)
    0x080003fc   0x080003fc   0x0000004e   Code   RO          225    .text               c_w.l(_printf_pad.o)
    0x0800044a   0x0800044a   0x00000024   Code   RO          227    .text               c_w.l(_printf_truncate.o)
    0x0800046e   0x0800046e   0x00000052   Code   RO          229    .text               c_w.l(_printf_str.o)
    0x080004c0   0x080004c0   0x00000078   Code   RO          231    .text               c_w.l(_printf_dec.o)
    0x08000538   0x08000538   0x00000028   Code   RO          233    .text               c_w.l(_printf_charcount.o)
    0x08000560   0x08000560   0x00000030   Code   RO          235    .text               c_w.l(_printf_char_common.o)
    0x08000590   0x08000590   0x0000000a   Code   RO          237    .text               c_w.l(_sputc.o)
    0x0800059a   0x0800059a   0x00000002   PAD
    0x0800059c   0x0800059c   0x000000c2   Code   RO          239    .text               c_w.l(_printf_wctomb.o)
    0x0800065e   0x0800065e   0x00000002   PAD
    0x08000660   0x08000660   0x0000007c   Code   RO          242    .text               c_w.l(_printf_longlong_dec.o)
    0x080006dc   0x080006dc   0x00000070   Code   RO          248    .text               c_w.l(_printf_oct_int_ll.o)
    0x0800074c   0x0800074c   0x00000094   Code   RO          268    .text               c_w.l(_printf_hex_int_ll_ptr.o)
    0x080007e0   0x080007e0   0x0000018e   Code   RO          288    .text               c_w.l(__printf_flags_ss_wp.o)
    0x0800096e   0x0800096e   0x0000008a   Code   RO          338    .text               c_w.l(lludiv10.o)
    0x080009f8   0x080009f8   0x000000b2   Code   RO          340    .text               c_w.l(_printf_intcommon.o)
    0x08000aaa   0x08000aaa   0x00000422   Code   RO          342    .text               c_w.l(_printf_fp_dec.o)
    0x08000ecc   0x08000ecc   0x00000302   Code   RO          346    .text               c_w.l(_printf_fp_hex.o)
    0x080011ce   0x080011ce   0x0000002c   Code   RO          351    .text               c_w.l(_printf_char.o)
    0x080011fa   0x080011fa   0x0000002c   Code   RO          353    .text               c_w.l(_printf_wchar.o)
    0x08001226   0x08001226   0x00000048   Code   RO          356    .text               c_w.l(_c16rtomb.o)
    0x0800126e   0x0800126e   0x0000004a   Code   RO          358    .text               c_w.l(sys_stackheap_outer.o)
    0x080012b8   0x080012b8   0x00000010   Code   RO          360    .text               c_w.l(rt_ctype_table.o)
    0x080012c8   0x080012c8   0x00000008   Code   RO          365    .text               c_w.l(rt_locale_intlibspace.o)
    0x080012d0   0x080012d0   0x00000080   Code   RO          367    .text               c_w.l(_printf_fp_infnan.o)
    0x08001350   0x08001350   0x000000e4   Code   RO          369    .text               c_w.l(bigflt0.o)
    0x08001434   0x08001434   0x00000012   Code   RO          399    .text               c_w.l(exit.o)
    0x08001446   0x08001446   0x00000002   PAD
    0x08001448   0x08001448   0x00000008   Code   RO          411    .text               c_w.l(libspace.o)
    0x08001450   0x08001450   0x0000007c   Code   RO          421    .text               c_w.l(strcmpv7em.o)
    0x080014cc   0x080014cc   0x0000000c   Code   RO          483    .text               c_w.l(sys_exit.o)
    0x080014d8   0x080014d8   0x00000002   Code   RO          498    .text               c_w.l(use_no_semi.o)
    0x080014da   0x080014da   0x00000000   Code   RO          500    .text               c_w.l(indicate_semi.o)
    0x080014da   0x080014da   0x00000002   PAD
    0x080014dc   0x080014dc   0x0000004e   Code   RO           61    .text.DMA1_Channel4_IRQHandler  dma.o
    0x0800152a   0x0800152a   0x00000002   PAD
    0x0800152c   0x0800152c   0x0000004e   Code   RO           65    .text.DMA1_Channel7_IRQHandler  dma.o
    0x0800157a   0x0800157a   0x00000002   PAD
    0x0800157c   0x0800157c   0x000000be   Code   RO           51    .text.DMA_Init_UARTx  dma.o
    0x0800163a   0x0800163a   0x00000002   PAD
    0x0800163c   0x0800163c   0x00000018   Code   RO           59    .text.Init_DMA1_Channel7_IRQn  dma.o
    0x08001654   0x08001654   0x00000018   Code   RO           94    .text.Init_USART2_IRQn  uart.o
    0x0800166c   0x0800166c   0x0000004a   Code   RO          158    .text.LED_Init      led.o
    0x080016b6   0x080016b6   0x00000002   PAD
    0x080016b8   0x080016b8   0x00000010   Code   RO          164    .text.LED_Toggle    led.o
    0x080016c8   0x080016c8   0x00000022   Code   RO           39    .text.SysTick_Handler  systimer.o
    0x080016ea   0x080016ea   0x00000002   PAD
    0x080016ec   0x080016ec   0x0000005c   Code   RO           33    .text.SysTick_Init  systimer.o
    0x08001748   0x08001748   0x000001d2   Code   RO           25    .text.System_Clock_Init  sysclock.o
    0x0800191a   0x0800191a   0x00000002   PAD
    0x0800191c   0x0800191c   0x000000ce   Code   RO           80    .text.UART2_GPIO_Init  uart.o
    0x080019ea   0x080019ea   0x00000002   PAD
    0x080019ec   0x080019ec   0x0000002a   Code   RO           76    .text.UART2_Init    uart.o
    0x08001a16   0x08001a16   0x00000002   PAD
    0x08001a18   0x08001a18   0x0000001a   Code   RO            2    .text.UART_onInput  main.o
    0x08001a32   0x08001a32   0x00000002   PAD
    0x08001a34   0x08001a34   0x000000c2   Code   RO           96    .text.UART_print    uart.o
    0x08001af6   0x08001af6   0x00000002   PAD
    0x08001af8   0x08001af8   0x0000000a   Code   RO          102    .text.USART1_IRQHandler  uart.o
    0x08001b02   0x08001b02   0x00000002   PAD
    0x08001b04   0x08001b04   0x0000001a   Code   RO          106    .text.USART2_IRQHandler  uart.o
    0x08001b1e   0x08001b1e   0x00000002   PAD
    0x08001b20   0x08001b20   0x00000074   Code   RO           82    .text.USART_Init    uart.o
    0x08001b94   0x08001b94   0x00000030   Code   RO           63    .text.__NVIC_ClearPendingIRQ  dma.o
    0x08001bc4   0x08001bc4   0x00000030   Code   RO          104    .text.__NVIC_ClearPendingIRQ  uart.o
    0x08001bf4   0x08001bf4   0x00000030   Code   RO           35    .text.__NVIC_EnableIRQ  systimer.o
    0x08001c24   0x08001c24   0x00000030   Code   RO           57    .text.__NVIC_EnableIRQ  dma.o
    0x08001c54   0x08001c54   0x00000030   Code   RO           92    .text.__NVIC_EnableIRQ  uart.o
    0x08001c84   0x08001c84   0x00000042   Code   RO           37    .text.__NVIC_SetPriority  systimer.o
    0x08001cc6   0x08001cc6   0x00000002   PAD
    0x08001cc8   0x08001cc8   0x00000042   Code   RO           55    .text.__NVIC_SetPriority  dma.o
    0x08001d0a   0x08001d0a   0x00000002   PAD
    0x08001d0c   0x08001d0c   0x00000042   Code   RO           90    .text.__NVIC_SetPriority  uart.o
    0x08001d4e   0x08001d4e   0x00000002   PAD
    0x08001d50   0x08001d50   0x00000010   Code   RO           86    .text.clearActiveBuffer  uart.o
    0x08001d60   0x08001d60   0x0000002e   Code   RO           41    .text.delay         systimer.o
    0x08001d8e   0x08001d8e   0x00000002   PAD
    0x08001d90   0x08001d90   0x0000000e   Code   RO          179    .text.getDire       motor.o
    0x08001d9e   0x08001d9e   0x00000002   PAD
    0x08001da0   0x08001da0   0x0000006e   Code   RO            4    .text.main          main.o
    0x08001e0e   0x08001e0e   0x00000002   PAD
    0x08001e10   0x08001e10   0x0000006a   Code   RO          100    .text.on_complete_transfer  uart.o
    0x08001e7a   0x08001e7a   0x00000002   PAD
    0x08001e7c   0x08001e7c   0x00000094   Code   RO          175    .text.rotate        motor.o
    0x08001f10   0x08001f10   0x0000001a   Code   RO           84    .text.setSRC_DMA_Channel  uart.o
    0x08001f2a   0x08001f2a   0x00000002   PAD
    0x08001f2c   0x08001f2c   0x00000074   Code   RO           98    .text.transfer_data  uart.o
    0x08001fa0   0x08001fa0   0x0000003e   Code   RO          372    CL$$btod_d2e        c_w.l(btod.o)
    0x08001fde   0x08001fde   0x00000046   Code   RO          374    CL$$btod_d2e_denorm_low  c_w.l(btod.o)
    0x08002024   0x08002024   0x00000060   Code   RO          373    CL$$btod_d2e_norm_op1  c_w.l(btod.o)
    0x08002084   0x08002084   0x00000338   Code   RO          382    CL$$btod_div_common  c_w.l(btod.o)
    0x080023bc   0x080023bc   0x000000dc   Code   RO          379    CL$$btod_e2e        c_w.l(btod.o)
    0x08002498   0x08002498   0x0000002a   Code   RO          376    CL$$btod_ediv       c_w.l(btod.o)
    0x080024c2   0x080024c2   0x0000002a   Code   RO          375    CL$$btod_emul       c_w.l(btod.o)
    0x080024ec   0x080024ec   0x00000244   Code   RO          381    CL$$btod_mult_common  c_w.l(btod.o)
    0x08002730   0x08002730   0x00000030   Code   RO          409    i.__ARM_fpclassify  m_wm.l(fpclassify.o)
    0x08002760   0x08002760   0x0000000e   Code   RO          281    i._is_digit         c_w.l(__printf_wp.o)
    0x0800276e   0x0800276e   0x00000002   PAD
    0x08002770   0x08002770   0x0000002c   Code   RO          397    locale$$code        c_w.l(lc_numeric_c.o)
    0x0800279c   0x0800279c   0x0000002c   Code   RO          419    locale$$code        c_w.l(lc_ctype_c.o)
    0x080027c8   0x080027c8   0x0000001a   Code   RO          481    x$fpl$fpinit        fz_wm.l(fpinit.o)
    0x080027e2   0x080027e2   0x00000004   Code   RO          314    x$fpl$printf1       fz_wm.l(printf1.o)
    0x080027e6   0x080027e6   0x00000004   Code   RO          316    x$fpl$printf2       fz_wm.l(printf2.o)
    0x080027ea   0x080027ea   0x00000000   Code   RO          322    x$fpl$usenofp       fz_wm.l(usenofp.o)
    0x080027ea   0x080027ea   0x00000002   PAD
    0x080027ec   0x080027ec   0x00000008   Data   RO          240    .constdata          c_w.l(_printf_wctomb.o)
    0x080027f4   0x080027f4   0x00000028   Data   RO          269    .constdata          c_w.l(_printf_hex_int_ll_ptr.o)
    0x0800281c   0x0800281c   0x00000011   Data   RO          289    .constdata          c_w.l(__printf_flags_ss_wp.o)
    0x0800282d   0x0800282d   0x00000026   Data   RO          347    .constdata          c_w.l(_printf_fp_hex.o)
    0x08002853   0x08002853   0x00000001   PAD
    0x08002854   0x08002854   0x00000094   Data   RO          370    .constdata          c_w.l(bigflt0.o)
    0x080028e8   0x080028e8   0x00000020   Data   RO          183    .rodata.HalfStep    motor.o
    0x08002908   0x08002908   0x00000009   Data   RO            7    .rodata.str1.1      main.o
    0x08002911   0x08002911   0x00000003   PAD
    0x08002914   0x08002914   0x00000020   Data   RO          556    Region$$Table       anon$$obj.o
    0x08002934   0x08002934   0x0000001c   Data   RO          396    locale$$data        c_w.l(lc_numeric_c.o)
    0x08002950   0x08002950   0x00000110   Data   RO          418    locale$$data        c_w.l(lc_ctype_c.o)


    Execution Region RW_IRAM1 (Exec base: 0x20000000, Load base: 0x08002a60, Size: 0x00000a80, Max: 0x00018000, ABSOLUTE)

    Exec Addr    Load Addr    Size         Type   Attr      Idx    E Section Name        Object

    0x20000000   0x08002a60   0x00000004   Data   RW          108    .data.active        uart.o
    0x20000004   0x08002a64   0x00000001   Data   RW          181    .data.dire          motor.o
    0x20000005   0x08002a65   0x00000003   PAD
    0x20000008   0x08002a68   0x00000004   Data   RW          109    .data.pending       uart.o
    0x2000000c   0x08002a6c   0x00000004   Data   RW          113    .data.tx            uart.o
    0x20000010        -       0x00000060   Zero   RW          412    .bss                c_w.l(libspace.o)
    0x20000070        -       0x00000100   Zero   RW            6    .bss.buffer         main.o
    0x20000170        -       0x00000100   Zero   RW          115    .bss.data_t_0       uart.o
    0x20000270        -       0x00000100   Zero   RW          116    .bss.data_t_1       uart.o
    0x20000370        -       0x00000001   Zero   RW          111    .bss.input_size     uart.o
    0x20000371        -       0x00000100   Zero   RW          112    .bss.inputs         uart.o
    0x20000471   0x08002a70   0x00000003   PAD
    0x20000474        -       0x00000004   Zero   RW           43    .bss.msTicks        systimer.o
    0x20000478        -       0x00000001   Zero   RW          110    .bss.pending_size   uart.o
    0x20000479        -       0x00000001   Zero   RW          182    .bss.step           motor.o
    0x2000047a   0x08002a70   0x00000002   PAD
    0x2000047c        -       0x00000004   Zero   RW          114    .bss.temp           uart.o
    0x20000480        -       0x00000200   Zero   RW           16    HEAP                startup_stm32l476xx.o
    0x20000680        -       0x00000400   Zero   RW           15    STACK               startup_stm32l476xx.o


==============================================================================

Image component sizes


      Code (inc. data)   RO Data    RW Data    ZI Data      Debug   Object Name

       532          0          0          0          0       6117   dma.o
        90          0          0          0          0       1991   led.o
       136          0          9          0        256       1478   main.o
       162          0         32          1          1       2395   motor.o
       140         48        392          0       1536        944   startup_stm32l476xx.o
       466          0          0          0          0       2160   sysclock.o
       286          0          0          0          4       4363   systimer.o
      1044          0          0         12        774       7618   uart.o

    ----------------------------------------------------------------------
      2896         48        468         16       2576      27066   Object Totals
         0          0         32          0          0          0   (incl. Generated)
        40          0          3          3          5          0   (incl. Padding)

    ----------------------------------------------------------------------

      Code (inc. data)   RO Data    RW Data    ZI Data      Debug   Library Member Name

         8          0          0          0          0         68   __main.o
       398          4         17          0          0         92   __printf_flags_ss_wp.o
        14          0          0          0          0         68   __printf_wp.o
         0          0          0          0          0          0   __rtentry.o
        12          0          0          0          0          0   __rtentry2.o
         6          0          0          0          0          0   __rtentry4.o
        94          8          0          0          0          0   __scatter.o
        26          0          0          0          0          0   __scatter_copy.o
        28          0          0          0          0          0   __scatter_zi.o
        72          0          0          0          0         96   _c16rtomb.o
         6          0          0          0          0          0   _printf_a.o
         6          0          0          0          0          0   _printf_c.o
        44          0          0          0          0        108   _printf_char.o
        48          6          0          0          0         96   _printf_char_common.o
        40          0          0          0          0         68   _printf_charcount.o
         6          0          0          0          0          0   _printf_d.o
       120         16          0          0          0         92   _printf_dec.o
         6          0          0          0          0          0   _printf_e.o
         6          0          0          0          0          0   _printf_f.o
      1058          0          0          0          0        148   _printf_fp_dec.o
       770          8         38          0          0        100   _printf_fp_hex.o
       128         16          0          0          0         84   _printf_fp_infnan.o
         6          0          0          0          0          0   _printf_g.o
       148          4         40          0          0        160   _printf_hex_int_ll_ptr.o
         6          0          0          0          0          0   _printf_i.o
       178          0          0          0          0         88   _printf_intcommon.o
        10          0          0          0          0          0   _printf_l.o
         6          0          0          0          0          0   _printf_lc.o
        10          0          0          0          0          0   _printf_ll.o
         6          0          0          0          0          0   _printf_lld.o
         6          0          0          0          0          0   _printf_lli.o
         6          0          0          0          0          0   _printf_llo.o
         6          0          0          0          0          0   _printf_llu.o
         6          0          0          0          0          0   _printf_llx.o
       124         16          0          0          0         92   _printf_longlong_dec.o
         6          0          0          0          0          0   _printf_ls.o
         6          0          0          0          0          0   _printf_n.o
         6          0          0          0          0          0   _printf_o.o
       112          8          0          0          0        124   _printf_oct_int_ll.o
         6          0          0          0          0          0   _printf_p.o
        78          0          0          0          0        108   _printf_pad.o
         0          0          0          0          0          0   _printf_percent.o
         4          0          0          0          0          0   _printf_percent_end.o
         6          0          0          0          0          0   _printf_s.o
        82          0          0          0          0         80   _printf_str.o
        36          0          0          0          0         84   _printf_truncate.o
         6          0          0          0          0          0   _printf_u.o
        44          0          0          0          0        108   _printf_wchar.o
       194          6          8          0          0         92   _printf_wctomb.o
         6          0          0          0          0          0   _printf_x.o
        10          0          0          0          0         68   _sputc.o
       228          4        148          0          0         96   bigflt0.o
      1936        128          0          0          0        668   btod.o
        18          0          0          0          0         80   exit.o
         6          0          0          0          0        152   heapauxi.o
         0          0          0          0          0          0   indicate_semi.o
        44         10        272          0          0         76   lc_ctype_c.o
        44         10         28          0          0         76   lc_numeric_c.o
         2          0          0          0          0          0   libinit.o
        34          0          0          0          0          0   libinit2.o
         2          0          0          0          0          0   libshutdown.o
         2          0          0          0          0          0   libshutdown2.o
         8          4          0          0         96         68   libspace.o
       138          0          0          0          0         80   lludiv10.o
        16          4          0          0          0         76   rt_ctype_table.o
         8          4          0          0          0         68   rt_locale_intlibspace.o
         2          0          0          0          0          0   rtexit.o
        10          0          0          0          0          0   rtexit2.o
        44          6          0          0          0         84   sprintf.o
       124          0          0          0          0         88   strcmpv7em.o
        62          0          0          0          0         76   strlen.o
        12          4          0          0          0         68   sys_exit.o
        74          0          0          0          0         80   sys_stackheap_outer.o
         2          0          0          0          0         68   use_no_semi.o
        26          0          0          0          0        116   fpinit.o
         4          0          0          0          0        116   printf1.o
         4          0          0          0          0        116   printf2.o
         0          0          0          0          0          0   usenofp.o
        48          0          0          0          0        124   fpclassify.o

    ----------------------------------------------------------------------
      6932        266        552          0         96       4400   Library Totals
        18          0          1          0          0          0   (incl. Padding)

    ----------------------------------------------------------------------

      Code (inc. data)   RO Data    RW Data    ZI Data      Debug   Library Name

      6832        266        551          0         96       3928   c_w.l
        34          0          0          0          0        348   fz_wm.l
        48          0          0          0          0        124   m_wm.l

    ----------------------------------------------------------------------
      6932        266        552          0         96       4400   Library Totals

    ----------------------------------------------------------------------

==============================================================================


      Code (inc. data)   RO Data    RW Data    ZI Data      Debug   

      9828        314       1020         16       2672      29134   Grand Totals
      9828        314       1020         16       2672      29134   ELF Image Totals
      9828        314       1020         16          0          0   ROM Totals

==============================================================================

    Total RO  Size (Code + RO Data)                10848 (  10.59kB)
    Total RW  Size (RW Data + ZI Data)              2688 (   2.62kB)
    Total ROM Size (Code + RO Data + RW Data)      10864 (  10.61kB)

==============================================================================

