Component: Arm Compiler for Embedded 6.21 Tool: armlink [5ec1fa00]

==============================================================================

Section Cross References

    main.o(.text.UART_onInput) refers to motor.o(.text.setDire) for setDire
    main.o(.text.UART_onInput) refers to main.o(.bss.buffer) for buffer
    main.o(.text.UART_onInput) refers to main.o(.rodata.str1.1) for .L.str
    main.o(.text.UART_onInput) refers to sprintf.o(.text) for sprintf
    main.o(.text.UART_onInput) refers to uart.o(.text.UART_print) for UART_print
    main.o(.ARM.exidx.text.UART_onInput) refers to main.o(.text.UART_onInput) for [Anonymous Symbol]
    main.o(.text.main) refers to sysclock.o(.text.System_Clock_Init) for System_Clock_Init
    main.o(.text.main) refers to systimer.o(.text.SysTick_Init) for SysTick_Init
    main.o(.text.main) refers to led.o(.text.LED_Init) for LED_Init
    main.o(.text.main) refers to motor.o(.text.Motor_Init) for Motor_Init
    main.o(.text.main) refers to i2c.o(.text.I2C_GPIO_Init) for I2C_GPIO_Init
    main.o(.text.main) refers to i2c.o(.text.I2C_Initialization) for I2C_Initialization
    main.o(.text.main) refers to spi.o(.text.SPI1_GPIO_Init) for SPI1_GPIO_Init
    main.o(.text.main) refers to spi.o(.text.SPI1_Init) for SPI1_Init
    main.o(.text.main) refers to accelerometer.o(.text.initAcc) for initAcc
    main.o(.text.main) refers to accelerometer.o(.text.readValues) for readValues
    main.o(.text.main) refers to motor.o(.text.setDire) for setDire
    main.o(.text.main) refers to uart.o(.text.UART1_Init) for UART1_Init
    main.o(.text.main) refers to uart.o(.text.UART1_GPIO_Init) for UART1_GPIO_Init
    main.o(.text.main) refers to dma.o(.text.DMA_Init_UARTx) for DMA_Init_UARTx
    main.o(.text.main) refers to dma.o(.text.Init_DMA1_Channel4_IRQn) for Init_DMA1_Channel4_IRQn
    main.o(.text.main) refers to uart.o(.text.Init_USART1_IRQn) for Init_USART1_IRQn
    main.o(.text.main) refers to uart.o(.text.setSRC_DMA_Channel) for setSRC_DMA_Channel
    main.o(.text.main) refers to main.o(.bss.buffer) for buffer
    main.o(.text.main) refers to main.o(.rodata.str1.1) for .L.str.4
    main.o(.text.main) refers to sprintf.o(.text) for sprintf
    main.o(.text.main) refers to uart.o(.text.UART_print) for UART_print
    main.o(.text.main) refers to main.o(.bss.message_pending) for message_pending
    main.o(.text.main) refers to motor.o(.text.getDire) for getDire
    main.o(.text.main) refers to main.o(.bss.user_priority) for user_priority
    main.o(.text.main) refers to systimer.o(.text.doorLockout) for doorLockout
    main.o(.text.main) refers to i2c.o(.text.I2C_SendData) for I2C_SendData
    main.o(.text.main) refers to main.o(.bss.Data_Receive) for Data_Receive
    main.o(.text.main) refers to i2c.o(.text.I2C_ReceiveData) for I2C_ReceiveData
    main.o(.text.main) refers to main.o(.bss.door_status) for door_status
    main.o(.text.main) refers to dmul.o(x$fpl$dmul) for __aeabi_dmul
    main.o(.text.main) refers to systimer.o(.text.delay) for delay
    main.o(.text.main) refers to led.o(.text.LED_Toggle) for LED_Toggle
    main.o(.ARM.exidx.text.main) refers to main.o(.text.main) for [Anonymous Symbol]
    startup_stm32l476xx.o(STACK) refers (Special) to heapauxi.o(.text) for __use_two_region_memory
    startup_stm32l476xx.o(HEAP) refers (Special) to heapauxi.o(.text) for __use_two_region_memory
    startup_stm32l476xx.o(RESET) refers (Special) to heapauxi.o(.text) for __use_two_region_memory
    startup_stm32l476xx.o(RESET) refers to startup_stm32l476xx.o(STACK) for __initial_sp
    startup_stm32l476xx.o(RESET) refers to startup_stm32l476xx.o(.text) for Reset_Handler
    startup_stm32l476xx.o(RESET) refers to systimer.o(.text.SysTick_Handler) for SysTick_Handler
    startup_stm32l476xx.o(RESET) refers to dma.o(.text.DMA1_Channel4_IRQHandler) for DMA1_Channel4_IRQHandler
    startup_stm32l476xx.o(RESET) refers to dma.o(.text.DMA1_Channel7_IRQHandler) for DMA1_Channel7_IRQHandler
    startup_stm32l476xx.o(RESET) refers to uart.o(.text.USART1_IRQHandler) for USART1_IRQHandler
    startup_stm32l476xx.o(RESET) refers to uart.o(.text.USART2_IRQHandler) for USART2_IRQHandler
    startup_stm32l476xx.o(.text) refers (Special) to heapauxi.o(.text) for __use_two_region_memory
    startup_stm32l476xx.o(.text) refers to __main.o(!!!main) for __main
    startup_stm32l476xx.o(.text) refers to startup_stm32l476xx.o(HEAP) for Heap_Mem
    startup_stm32l476xx.o(.text) refers to startup_stm32l476xx.o(STACK) for Stack_Mem
    sysclock.o(.ARM.exidx.text.System_Clock_Init) refers to sysclock.o(.text.System_Clock_Init) for [Anonymous Symbol]
    systimer.o(.text.SysTick_Init) refers to systimer.o(.text.__NVIC_EnableIRQ) for __NVIC_EnableIRQ
    systimer.o(.text.SysTick_Init) refers to systimer.o(.text.__NVIC_SetPriority) for __NVIC_SetPriority
[...]
    .text                                    0x080014da   Section        0  indicate_semi.o(.text)
    [Anonymous Symbol]                       0x080014dc   Section        0  dma.o(.text.DMA1_Channel4_IRQHandler)
    [Anonymous Symbol]                       0x0800152c   Section        0  dma.o(.text.DMA1_Channel7_IRQHandler)
    [Anonymous Symbol]                       0x0800157c   Section        0  dma.o(.text.DMA_Init_UARTx)
    [Anonymous Symbol]                       0x08001640   Section        0  i2c.o(.text.I2C_GPIO_Init)
    [Anonymous Symbol]                       0x0800171c   Section        0  i2c.o(.text.I2C_Initialization)
    [Anonymous Symbol]                       0x0800182c   Section        0  i2c.o(.text.I2C_ReceiveData)
    [Anonymous Symbol]                       0x080018c8   Section        0  i2c.o(.text.I2C_SendData)
    [Anonymous Symbol]                       0x080019a4   Section        0  i2c.o(.text.I2C_Start)
    [Anonymous Symbol]                       0x08001a10   Section        0  i2c.o(.text.I2C_Stop)
    [Anonymous Symbol]                       0x08001a34   Section        0  i2c.o(.text.I2C_WaitLineIdle)
    [Anonymous Symbol]                       0x08001a4c   Section        0  dma.o(.text.Init_DMA1_Channel4_IRQn)
    [Anonymous Symbol]                       0x08001a64   Section        0  uart.o(.text.Init_USART1_IRQn)
    [Anonymous Symbol]                       0x08001a7c   Section        0  led.o(.text.LED_Init)
    [Anonymous Symbol]                       0x08001ac8   Section        0  led.o(.text.LED_Toggle)
    [Anonymous Symbol]                       0x08001ad8   Section        0  motor.o(.text.Motor_Init)
    [Anonymous Symbol]                       0x08001c2c   Section        0  spi.o(.text.SPI1_GPIO_Init)
    [Anonymous Symbol]                       0x08001dcc   Section        0  spi.o(.text.SPI1_Init)
    [Anonymous Symbol]                       0x08001ea0   Section        0  spi.o(.text.SPI_Transfer_Data)
    [Anonymous Symbol]                       0x08001f10   Section        0  systimer.o(.text.SysTick_Handler)
    [Anonymous Symbol]                       0x08001f38   Section        0  systimer.o(.text.SysTick_Init)
    [Anonymous Symbol]                       0x08001f94   Section        0  sysclock.o(.text.System_Clock_Init)
    [Anonymous Symbol]                       0x08002168   Section        0  uart.o(.text.UART1_GPIO_Init)
    [Anonymous Symbol]                       0x08002244   Section        0  uart.o(.text.UART1_Init)
    [Anonymous Symbol]                       0x08002280   Section        0  main.o(.text.UART_onInput)
    [Anonymous Symbol]                       0x08002360   Section        0  uart.o(.text.UART_print)
    [Anonymous Symbol]                       0x0800242c   Section        0  uart.o(.text.USART1_IRQHandler)
    [Anonymous Symbol]                       0x08002448   Section        0  uart.o(.text.USART2_IRQHandler)
    [Anonymous Symbol]                       0x08002464   Section        0  uart.o(.text.USART_Init)
    __NVIC_ClearPendingIRQ                   0x080024d9   Thumb Code    48  dma.o(.text.__NVIC_ClearPendingIRQ)
    [Anonymous Symbol]                       0x080024d8   Section        0  dma.o(.text.__NVIC_ClearPendingIRQ)
    __NVIC_ClearPendingIRQ                   0x08002509   Thumb Code    48  uart.o(.text.__NVIC_ClearPendingIRQ)
    [Anonymous Symbol]                       0x08002508   Section        0  uart.o(.text.__NVIC_ClearPendingIRQ)
    __NVIC_EnableIRQ                         0x08002539   Thumb Code    48  systimer.o(.text.__NVIC_EnableIRQ)
    [Anonymous Symbol]                       0x08002538   Section        0  systimer.o(.text.__NVIC_EnableIRQ)
    __NVIC_EnableIRQ                         0x08002569   Thumb Code    48  dma.o(.text.__NVIC_EnableIRQ)
    [Anonymous Symbol]                       0x08002568   Section        0  dma.o(.text.__NVIC_EnableIRQ)
    __NVIC_EnableIRQ                         0x08002599   Thumb Code    48  uart.o(.text.__NVIC_EnableIRQ)
    [Anonymous Symbol]                       0x08002598   Section        0  uart.o(.text.__NVIC_EnableIRQ)
    __NVIC_SetPriority                       0x080025c9   Thumb Code    66  systimer.o(.text.__NVIC_SetPriority)
    [Anonymous Symbol]                       0x080025c8   Section        0  systimer.o(.text.__NVIC_SetPriority)
    __NVIC_SetPriority                       0x0800260d   Thumb Code    66  dma.o(.text.__NVIC_SetPriority)
    [Anonymous Symbol]                       0x0800260c   Section        0  dma.o(.text.__NVIC_SetPriority)
    __NVIC_SetPriority                       0x08002651   Thumb Code    66  uart.o(.text.__NVIC_SetPriority)
    [Anonymous Symbol]                       0x08002650   Section        0  uart.o(.text.__NVIC_SetPriority)
    [Anonymous Symbol]                       0x08002694   Section        0  accelerometer.o(.text.accRead)
    [Anonymous Symbol]                       0x080026c8   Section        0  accelerometer.o(.text.accWrite)
    [Anonymous Symbol]                       0x080026f0   Section        0  motor.o(.text.checkCanRotate)
    [Anonymous Symbol]                       0x080027f8   Section        0  uart.o(.text.clearActiveBuffer)
    [Anonymous Symbol]                       0x08002808   Section        0  systimer.o(.text.delay)
    [Anonymous Symbol]                       0x08002838   Section        0  systimer.o(.text.doorLockout)
    [Anonymous Symbol]                       0x08002894   Section        0  motor.o(.text.getDire)
    [Anonymous Symbol]                       0x080028a4   Section        0  accelerometer.o(.text.initAcc)
    [Anonymous Symbol]                       0x080028d0   Section        0  main.o(.text.main)
    [Anonymous Symbol]                       0x08002c10   Section        0  uart.o(.text.on_complete_transfer)
    [Anonymous Symbol]                       0x08002c78   Section        0  accelerometer.o(.text.readValues)
    [Anonymous Symbol]                       0x08002cf4   Section        0  motor.o(.text.rotate)
    [Anonymous Symbol]                       0x08002d90   Section        0  motor.o(.text.setDire)
    [Anonymous Symbol]                       0x08002da8   Section        0  uart.o(.text.setSRC_DMA_Channel)
    [Anonymous Symbol]                       0x08002dc4   Section        0  uart.o(.text.transfer_data)
    CL$$btod_d2e                             0x08002e38   Section       62  btod.o(CL$$btod_d2e)
    CL$$btod_d2e_denorm_low                  0x08002e76   Section       70  btod.o(CL$$btod_d2e_denorm_low)
    CL$$btod_d2e_norm_op1                    0x08002ebc   Section       96  btod.o(CL$$btod_d2e_norm_op1)
    CL$$btod_div_common                      0x08002f1c   Section      824  btod.o(CL$$btod_div_common)
    CL$$btod_e2e                             0x08003254   Section      220  btod.o(CL$$btod_e2e)
    CL$$btod_ediv                            0x08003330   Section       42  btod.o(CL$$btod_ediv)
    CL$$btod_emul                            0x0800335a   Section       42  btod.o(CL$$btod_emul)
    CL$$btod_mult_common                     0x08003384   Section      580  btod.o(CL$$btod_mult_common)
    i.__ARM_fpclassify                       0x080035c8   Section        0  fpclassify.o(i.__ARM_fpclassify)
    i._is_digit                              0x080035f8   Section        0  __printf_wp.o(i._is_digit)
    locale$$code                             0x08003608   Section       44  lc_numeric_c.o(locale$$code)
    locale$$code                             0x08003634   Section       44  lc_ctype_c.o(locale$$code)
    $v0                                      0x08003660   Number         0  dcmpi.o(x$fpl$dcmpinf)
    x$fpl$dcmpinf                            0x08003660   Section       24  dcmpi.o(x$fpl$dcmpinf)
    $v0                                      0x08003678   Number         0  deqf.o(x$fpl$deqf)
    x$fpl$deqf                               0x08003678   Section      120  deqf.o(x$fpl$deqf)
    $v0                                      0x080036f0   Number         0  dflt_clz.o(x$fpl$dflt)
    x$fpl$dflt                               0x080036f0   Section       46  dflt_clz.o(x$fpl$dflt)
    $v0                                      0x08003720   Number         0  dgeqf.o(x$fpl$dgeqf)
    x$fpl$dgeqf                              0x08003720   Section      120  dgeqf.o(x$fpl$dgeqf)
    $v0                                      0x08003798   Number         0  dleqf.o(x$fpl$dleqf)
    x$fpl$dleqf                              0x08003798   Section      120  dleqf.o(x$fpl$dleqf)
    $v0                                      0x08003810   Number         0  dmul.o(x$fpl$dmul)
    x$fpl$dmul                               0x08003810   Section      340  dmul.o(x$fpl$dmul)
    $v0                                      0x08003964   Number         0  dnaninf.o(x$fpl$dnaninf)
    x$fpl$dnaninf                            0x08003964   Section      156  dnaninf.o(x$fpl$dnaninf)
    $v0                                      0x08003a00   Number         0  dretinf.o(x$fpl$dretinf)
    x$fpl$dretinf                            0x08003a00   Section       12  dretinf.o(x$fpl$dretinf)
    $v0                                      0x08003a0c   Number         0  dcmp.o(x$fpl$fcmp)
    x$fpl$fcmp                               0x08003a0c   Section       84  dcmp.o(x$fpl$fcmp)
    $v0                                      0x08003a60   Number         0  fpinit.o(x$fpl$fpinit)
    x$fpl$fpinit                             0x08003a60   Section       26  fpinit.o(x$fpl$fpinit)
    $v0                                      0x08003a7a   Number         0  printf1.o(x$fpl$printf1)
    x$fpl$printf1                            0x08003a7a   Section        4  printf1.o(x$fpl$printf1)
    $v0                                      0x08003a7e   Number         0  printf2.o(x$fpl$printf2)
    x$fpl$printf2                            0x08003a7e   Section        4  printf2.o(x$fpl$printf2)
    x$fpl$usenofp                            0x08003a82   Section        0  usenofp.o(x$fpl$usenofp)
    initial_mbstate                          0x08003a84   Data           8  _printf_wctomb.o(.constdata)
    .constdata                               0x08003a84   Section        8  _printf_wctomb.o(.constdata)
    uc_hextab                                0x08003a8c   Data          20  _printf_hex_int_ll_ptr.o(.constdata)
    .constdata                               0x08003a8c   Section       40  _printf_hex_int_ll_ptr.o(.constdata)
    lc_hextab                                0x08003aa0   Data          20  _printf_hex_int_ll_ptr.o(.constdata)
    maptable                                 0x08003ab4   Data          17  __printf_flags_ss_wp.o(.constdata)
    .constdata                               0x08003ab4   Section       17  __printf_flags_ss_wp.o(.constdata)
    lc_hextab                                0x08003ac5   Data          19  _printf_fp_hex.o(.constdata)
    .constdata                               0x08003ac5   Section       38  _printf_fp_hex.o(.constdata)
    uc_hextab                                0x08003ad8   Data          19  _printf_fp_hex.o(.constdata)
    tenpwrs_x                                0x08003aec   Data          60  bigflt0.o(.constdata)
    .constdata                               0x08003aec   Section      148  bigflt0.o(.constdata)
    tenpwrs_i                                0x08003b28   Data          64  bigflt0.o(.constdata)
    HalfStep                                 0x08003b80   Data          32  motor.o(.rodata.HalfStep)
    [Anonymous Symbol]                       0x08003b80   Section        0  motor.o(.rodata.HalfStep)
    .L.str.4                                 0x08003ba0   Data          18  main.o(.rodata.str1.1)
    [Anonymous Symbol]                       0x08003ba0   Section        0  main.o(.rodata.str1.1)
    .L.str.5                                 0x08003bb2   Data          14  main.o(.rodata.str1.1)
    .L.str.6                                 0x08003bc0   Data          14  main.o(.rodata.str1.1)
    .L.str.9                                 0x08003bce   Data          33  main.o(.rodata.str1.1)
    .L.str.7                                 0x08003bef   Data          43  main.o(.rodata.str1.1)
    .L.str.8                                 0x08003c1a   Data          44  main.o(.rodata.str1.1)
    .L.str.3                                 0x08003c46   Data           6  main.o(.rodata.str1.1)
    .L.str                                   0x08003c4c   Data           9  main.o(.rodata.str1.1)
    .L.str.2                                 0x08003c55   Data           9  main.o(.rodata.str1.1)
    .L.str.1                                 0x08003c5e   Data           2  main.o(.rodata.str1.1)
    locale$$data                             0x08003c80   Section       28  lc_numeric_c.o(locale$$data)
    __lcnum_c_name                           0x08003c84   Data           2  lc_numeric_c.o(locale$$data)
    __lcnum_c_start                          0x08003c8c   Data           0  lc_numeric_c.o(locale$$data)
    __lcnum_c_point                          0x08003c98   Data           0  lc_numeric_c.o(locale$$data)
    __lcnum_c_thousands                      0x08003c9a   Data           0  lc_numeric_c.o(locale$$data)
    __lcnum_c_grouping                       0x08003c9b   Data           0  lc_numeric_c.o(locale$$data)
    __lcnum_c_end                            0x08003c9c   Data           0  lc_numeric_c.o(locale$$data)
    locale$$data                             0x08003c9c   Section      272  lc_ctype_c.o(locale$$data)
    __lcctype_c_name                         0x08003ca0   Data           2  lc_ctype_c.o(locale$$data)
    __lcctype_c_start                        0x08003ca8   Data           0  lc_ctype_c.o(locale$$data)
    __lcctype_c_end                          0x08003dac   Data           0  lc_ctype_c.o(locale$$data)
    active                                   0x20000000   Data           4  uart.o(.data.active)
    [Anonymous Symbol]                       0x20000000   Section        0  uart.o(.data.active)
    dire                                     0x20000004   Data           1  motor.o(.data.dire)
    [Anonymous Symbol]                       0x20000004   Section        0  motor.o(.data.dire)
    pending                                  0x20000008   Data           4  uart.o(.data.pending)
    [Anonymous Symbol]                       0x20000008   Section        0  uart.o(.data.pending)
    tx                                       0x2000000c   Data           4  uart.o(.data.tx)
    [Anonymous Symbol]                       0x2000000c   Section        0  uart.o(.data.tx)
    .bss                                     0x20000010   Section       96  libspace.o(.bss)
    buffer                                   0x20000071   Data         256  main.o(.bss.buffer)
    [Anonymous Symbol]                       0x20000071   Section        0  main.o(.bss.buffer)
    data_t_0                                 0x20000171   Data         256  uart.o(.bss.data_t_0)
    [Anonymous Symbol]                       0x20000171   Section        0  uart.o(.bss.data_t_0)
    data_t_1                                 0x20000271   Data         256  uart.o(.bss.data_t_1)
    [Anonymous Symbol]                       0x20000271   Section        0  uart.o(.bss.data_t_1)
    input_size                               0x20000372   Data           1  uart.o(.bss.input_size)
    [Anonymous Symbol]                       0x20000372   Section        0  uart.o(.bss.input_size)
    inputs                                   0x20000373   Data         256  uart.o(.bss.inputs)
    [Anonymous Symbol]                       0x20000373   Section        0  uart.o(.bss.inputs)
    lockout_t                                0x20000474   Data           4  systimer.o(.bss.lockout_t)
    [Anonymous Symbol]                       0x20000474   Section        0  systimer.o(.bss.lockout_t)
    mPoll                                    0x20000478   Data           1  motor.o(.bss.mPoll)
    [Anonymous Symbol]                       0x20000478   Section        0  motor.o(.bss.mPoll)
    msTicks                                  0x2000047c   Data           4  systimer.o(.bss.msTicks)
    [Anonymous Symbol]                       0x2000047c   Section        0  systimer.o(.bss.msTicks)
    pending_size                             0x20000480   Data           1  uart.o(.bss.pending_size)
    [Anonymous Symbol]                       0x20000480   Section        0  uart.o(.bss.pending_size)
    step                                     0x20000481   Data           1  motor.o(.bss.step)
    [Anonymous Symbol]                       0x20000481   Section        0  motor.o(.bss.step)
    temp                                     0x20000484   Data           4  uart.o(.bss.temp)
    [Anonymous Symbol]                       0x20000484   Section        0  uart.o(.bss.temp)
    x                                        0x20000490   Data           8  motor.o(.bss.x)
    [Anonymous Symbol]                       0x20000490   Section        0  motor.o(.bss.x)
    y                                        0x20000498   Data           8  motor.o(.bss.y)
    [Anonymous Symbol]                       0x20000498   Section        0  motor.o(.bss.y)
    z                                        0x200004a0   Data           8  motor.o(.bss.z)
    [Anonymous Symbol]                       0x200004a0   Section        0  motor.o(.bss.z)
    Heap_Mem                                 0x200004a8   Data         512  startup_stm32l476xx.o(HEAP)
    HEAP                                     0x200004a8   Section      512  startup_stm32l476xx.o(HEAP)
    Stack_Mem                                0x200006a8   Data        1024  startup_stm32l476xx.o(STACK)
    STACK                                    0x200006a8   Section     1024  startup_stm32l476xx.o(STACK)
    __initial_sp                             0x20000aa8   Data           0  startup_stm32l476xx.o(STACK)

    Global Symbols

    Symbol Name                              Value     Ov Type        Size  Object(Section)

    BuildAttributes$$THM_ISAv4$E$P$D$K$B$S$7EM$VFPi3$EXTD16$VFPS$VFMA$PE$A:L22UL41UL21$X:L11$S22US41US21$IEEE1$IW$~IW$USESV6$~STKCKD$USESV7$~SHL$OTIME$ROPI$IEEEJ$EBA8$UX$STANDARDLIB$REQ8$PRES8$EABIv2 0x00000000   Number         0  anon$$obj.o ABSOLUTE
    Image$$ER_IROM1$$RW$$Length              0x00000000   Number         0  anon$$obj.o ABSOLUTE
    Image$$ER_IROM1$$ZI$$Length              0x00000000   Number         0  anon$$obj.o ABSOLUTE
    Image$$RW_IRAM1$$RO$$Length              0x00000000   Number         0  anon$$obj.o ABSOLUTE
    _printf_flags                            0x00000000   Number         0  printf_stubs.o ABSOLUTE
    _printf_return_value                     0x00000000   Number         0  printf_stubs.o ABSOLUTE
    _printf_sizespec                         0x00000000   Number         0  printf_stubs.o ABSOLUTE
    _printf_widthprec                        0x00000000   Number         0  printf_stubs.o ABSOLUTE
    __ARM_exceptions_init                     - Undefined Weak Reference
    __alloca_initialize                       - Undefined Weak Reference
    __arm_preinit_                            - Undefined Weak Reference
    __arm_relocate_pie_                       - Undefined Weak Reference
    __cpp_initialize__aeabi_                  - Undefined Weak Reference
    __cxa_finalize                            - Undefined Weak Reference
    __sigvec_lookup                           - Undefined Weak Reference
    _atexit_init                              - Undefined Weak Reference
    _call_atexit_fns                          - Undefined Weak Reference
    _clock_init                               - Undefined Weak Reference
    _fp_trap_init                             - Undefined Weak Reference
    _fp_trap_shutdown                         - Undefined Weak Reference
    _get_lc_collate                           - Undefined Weak Reference
    _get_lc_monetary                          - Undefined Weak Reference
    _get_lc_time                              - Undefined Weak Reference
    _getenv_init                              - Undefined Weak Reference
    _handle_redirection                       - Undefined Weak Reference
    _init_alloc                               - Undefined Weak Reference
    _init_user_alloc                          - Undefined Weak Reference
    _initio                                   - Undefined Weak Reference
    _printf_mbtowc                            - Undefined Weak Reference
    _printf_wc                                - Undefined Weak Reference
    _rand_init                                - Undefined Weak Reference
    _signal_finish                            - Undefined Weak Reference
    _signal_init                              - Undefined Weak Reference
    _terminate_alloc                          - Undefined Weak Reference
    _terminate_user_alloc                     - Undefined Weak Reference
    _terminateio                              - Undefined Weak Reference
    Image$$RW_IRAM1$$Length                  0x00000010   Number         0  anon$$obj.o ABSOLUTE
    Image$$RW_IRAM1$$RW$$Length              0x00000010   Number         0  anon$$obj.o ABSOLUTE
    __Vectors_Size                           0x00000188   Number         0  startup_stm32l476xx.o ABSOLUTE
    Image$$RW_IRAM1$$ZI$$Length              0x00000a98   Number         0  anon$$obj.o ABSOLUTE
    Image$$ER_IROM1$$RO$$Length              0x00003dac   Number         0  anon$$obj.o ABSOLUTE
    Image$$ER_IROM1$$RO$$Base                0x08000000   Number         0  anon$$obj.o ABSOLUTE
    Load$$ER_IROM1$$Base                     0x08000000   Number         0  anon$$obj.o ABSOLUTE
    __Vectors                                0x08000000   Data           4  startup_stm32l476xx.o(RESET)
    __Vectors_End                            0x08000188   Data           0  startup_stm32l476xx.o(RESET)
    __main                                   0x08000189   Thumb Code     8  __main.o(!!!main)
    __scatterload                            0x08000191   Thumb Code     0  __scatter.o(!!!scatter)
    __scatterload_rt2                        0x08000191   Thumb Code    84  __scatter.o(!!!scatter)
    __scatterload_rt2_thumb_only             0x08000191   Thumb Code     0  __scatter.o(!!!scatter)
    __scatterload_loop                       0x0800019b   Thumb Code     0  __scatter.o(!!!scatter)
    __scatterload_copy                       0x080001ed   Thumb Code    26  __scatter_copy.o(!!handler_copy)
    __scatterload_null                       0x08000209   Thumb Code     2  __scatter.o(!!handler_null)
    __scatterload_zeroinit                   0x0800020d   Thumb Code    28  __scatter_zi.o(!!handler_zi)
    _printf_n                                0x08000229   Thumb Code     0  _printf_n.o(.ARM.Collect$$_printf_percent$$00000001)
    _printf_percent                          0x08000229   Thumb Code     0  _printf_percent.o(.ARM.Collect$$_printf_percent$$00000000)
    _printf_p                                0x0800022f   Thumb Code     0  _printf_p.o(.ARM.Collect$$_printf_percent$$00000002)
    _printf_f                                0x08000235   Thumb Code     0  _printf_f.o(.ARM.Collect$$_printf_percent$$00000003)
    _printf_e                                0x0800023b   Thumb Code     0  _printf_e.o(.ARM.Collect$$_printf_percent$$00000004)
    _printf_g                                0x08000241   Thumb Code     0  _printf_g.o(.ARM.Collect$$_printf_percent$$00000005)
    _printf_a                                0x08000247   Thumb Code     0  _printf_a.o(.ARM.Collect$$_printf_percent$$00000006)
    _printf_ll                               0x0800024d   Thumb Code     0  _printf_ll.o(.ARM.Collect$$_printf_percent$$00000007)
    _printf_i                                0x08000257   Thumb Code     0  _printf_i.o(.ARM.Collect$$_printf_percent$$00000008)
    _printf_d                                0x0800025d   Thumb Code     0  _printf_d.o(.ARM.Collect$$_printf_percent$$00000009)
    _printf_u                                0x08000263   Thumb Code     0  _printf_u.o(.ARM.Collect$$_printf_percent$$0000000A)
    _printf_o                                0x08000269   Thumb Code     0  _printf_o.o(.ARM.Collect$$_printf_percent$$0000000B)
    _printf_x                                0x0800026f   Thumb Code     0  _printf_x.o(.ARM.Collect$$_printf_percent$$0000000C)
    _printf_lli                              0x08000275   Thumb Code     0  _printf_lli.o(.ARM.Collect$$_printf_percent$$0000000D)
    _printf_lld                              0x0800027b   Thumb Code     0  _printf_lld.o(.ARM.Collect$$_printf_percent$$0000000E)
    _printf_llu                              0x08000281   Thumb Code     0  _printf_llu.o(.ARM.Collect$$_printf_percent$$0000000F)
    _printf_llo                              0x08000287   Thumb Code     0  _printf_llo.o(.ARM.Collect$$_printf_percent$$00000010)
    _printf_llx                              0x0800028d   Thumb Code     0  _printf_llx.o(.ARM.Collect$$_printf_percent$$00000011)
    _printf_l                                0x08000293   Thumb Code     0  _printf_l.o(.ARM.Collect$$_printf_percent$$00000012)
    _printf_c                                0x0800029d   Thumb Code     0  _printf_c.o(.ARM.Collect$$_printf_percent$$00000013)
    _printf_s                                0x080002a3   Thumb Code     0  _printf_s.o(.ARM.Collect$$_printf_percent$$00000014)
    _printf_lc                               0x080002a9   Thumb Code     0  _printf_lc.o(.ARM.Collect$$_printf_percent$$00000015)
    _printf_ls                               0x080002af   Thumb Code     0  _printf_ls.o(.ARM.Collect$$_printf_percent$$00000016)
    _printf_percent_end                      0x080002b5   Thumb Code     0  _printf_percent_end.o(.ARM.Collect$$_printf_percent$$00000017)
    __rt_lib_init                            0x080002b9   Thumb Code     0  libinit.o(.ARM.Collect$$libinit$$00000000)
    __rt_lib_init_fp_1                       0x080002bb   Thumb Code     0  libinit2.o(.ARM.Collect$$libinit$$00000001)
    __rt_lib_init_heap_1                     0x080002bf   Thumb Code     0  libinit2.o(.ARM.Collect$$libinit$$0000000C)
    __rt_lib_init_lc_common                  0x080002bf   Thumb Code     0  libinit2.o(.ARM.Collect$$libinit$$00000011)
    __rt_lib_init_preinit_1                  0x080002bf   Thumb Code     0  libinit2.o(.ARM.Collect$$libinit$$00000006)
    __rt_lib_init_rand_1                     0x080002bf   Thumb Code     0  libinit2.o(.ARM.Collect$$libinit$$00000010)
    __rt_lib_init_relocate_pie_1             0x080002bf   Thumb Code     0  libinit2.o(.ARM.Collect$$libinit$$00000004)
    __rt_lib_init_user_alloc_1               0x080002bf   Thumb Code     0  libinit2.o(.ARM.Collect$$libinit$$0000000E)
    __rt_lib_init_lc_collate_1               0x080002c5   Thumb Code     0  libinit2.o(.ARM.Collect$$libinit$$00000013)
    __rt_lib_init_lc_ctype_2                 0x080002c5   Thumb Code     0  libinit2.o(.ARM.Collect$$libinit$$00000014)
    __rt_lib_init_lc_ctype_1                 0x080002d1   Thumb Code     0  libinit2.o(.ARM.Collect$$libinit$$00000015)
    __rt_lib_init_lc_monetary_1              0x080002d1   Thumb Code     0  libinit2.o(.ARM.Collect$$libinit$$00000017)
    __rt_lib_init_lc_numeric_2               0x080002d1   Thumb Code     0  libinit2.o(.ARM.Collect$$libinit$$00000018)
    __rt_lib_init_alloca_1                   0x080002db   Thumb Code     0  libinit2.o(.ARM.Collect$$libinit$$00000030)
    __rt_lib_init_argv_1                     0x080002db   Thumb Code     0  libinit2.o(.ARM.Collect$$libinit$$0000002E)
    __rt_lib_init_atexit_1                   0x080002db   Thumb Code     0  libinit2.o(.ARM.Collect$$libinit$$0000001D)
    __rt_lib_init_clock_1                    0x080002db   Thumb Code     0  libinit2.o(.ARM.Collect$$libinit$$00000023)
    __rt_lib_init_cpp_1                      0x080002db   Thumb Code     0  libinit2.o(.ARM.Collect$$libinit$$00000034)
    __rt_lib_init_exceptions_1               0x080002db   Thumb Code     0  libinit2.o(.ARM.Collect$$libinit$$00000032)
    __rt_lib_init_fp_trap_1                  0x080002db   Thumb Code     0  libinit2.o(.ARM.Collect$$libinit$$00000021)
    __rt_lib_init_getenv_1                   0x080002db   Thumb Code     0  libinit2.o(.ARM.Collect$$libinit$$00000025)
    __rt_lib_init_lc_numeric_1               0x080002db   Thumb Code     0  libinit2.o(.ARM.Collect$$libinit$$00000019)
    __rt_lib_init_lc_time_1                  0x080002db   Thumb Code     0  libinit2.o(.ARM.Collect$$libinit$$0000001B)
    __rt_lib_init_return                     0x080002db   Thumb Code     0  libinit2.o(.ARM.Collect$$libinit$$00000035)
    __rt_lib_init_signal_1                   0x080002db   Thumb Code     0  libinit2.o(.ARM.Collect$$libinit$$0000001F)
    __rt_lib_init_stdio_1                    0x080002db   Thumb Code     0  libinit2.o(.ARM.Collect$$libinit$$00000027)
    __rt_lib_shutdown                        0x080002dd   Thumb Code     0  libshutdown.o(.ARM.Collect$$libshutdown$$00000000)
    __rt_lib_shutdown_cpp_1                  0x080002df   Thumb Code     0  libshutdown2.o(.ARM.Collect$$libshutdown$$00000002)
    __rt_lib_shutdown_fp_trap_1              0x080002df   Thumb Code     0  libshutdown2.o(.ARM.Collect$$libshutdown$$00000007)
    __rt_lib_shutdown_heap_1                 0x080002df   Thumb Code     0  libshutdown2.o(.ARM.Collect$$libshutdown$$0000000F)
    __rt_lib_shutdown_return                 0x080002df   Thumb Code     0  libshutdown2.o(.ARM.Collect$$libshutdown$$00000010)
    __rt_lib_shutdown_signal_1               0x080002df   Thumb Code     0  libshutdown2.o(.ARM.Collect$$libshutdown$$0000000A)
    __rt_lib_shutdown_stdio_1                0x080002df   Thumb Code     0  libshutdown2.o(.ARM.Collect$$libshutdown$$00000004)
    __rt_lib_shutdown_user_alloc_1           0x080002df   Thumb Code     0  libshutdown2.o(.ARM.Collect$$libshutdown$$0000000C)
    __rt_entry                               0x080002e1   Thumb Code     0  __rtentry.o(.ARM.Collect$$rtentry$$00000000)
    __rt_entry_presh_1                       0x080002e1   Thumb Code     0  __rtentry2.o(.ARM.Collect$$rtentry$$00000002)
    __rt_entry_sh                            0x080002e1   Thumb Code     0  __rtentry4.o(.ARM.Collect$$rtentry$$00000004)
    __rt_entry_li                            0x080002e7   Thumb Code     0  __rtentry2.o(.ARM.Collect$$rtentry$$0000000A)
    __rt_entry_postsh_1                      0x080002e7   Thumb Code     0  __rtentry2.o(.ARM.Collect$$rtentry$$00000009)
    __rt_entry_main                          0x080002eb   Thumb Code     0  __rtentry2.o(.ARM.Collect$$rtentry$$0000000D)
    __rt_entry_postli_1                      0x080002eb   Thumb Code     0  __rtentry2.o(.ARM.Collect$$rtentry$$0000000C)
    __rt_exit                                0x080002f3   Thumb Code     0  rtexit.o(.ARM.Collect$$rtexit$$00000000)
    __rt_exit_ls                             0x080002f5   Thumb Code     0  rtexit2.o(.ARM.Collect$$rtexit$$00000003)
    __rt_exit_prels_1                        0x080002f5   Thumb Code     0  rtexit2.o(.ARM.Collect$$rtexit$$00000002)
    __rt_exit_exit                           0x080002f9   Thumb Code     0  rtexit2.o(.ARM.Collect$$rtexit$$00000004)
    Reset_Handler                            0x08000301   Thumb Code    62  startup_stm32l476xx.o(.text)
    NMI_Handler                              0x0800033f   Thumb Code     2  startup_stm32l476xx.o(.text)
    HardFault_Handler                        0x08000341   Thumb Code     2  startup_stm32l476xx.o(.text)
    MemManage_Handler                        0x08000343   Thumb Code     2  startup_stm32l476xx.o(.text)
    BusFault_Handler                         0x08000345   Thumb Code     2  startup_stm32l476xx.o(.text)
    UsageFault_Handler                       0x08000347   Thumb Code     2  startup_stm32l476xx.o(.text)
    SVC_Handler                              0x08000349   Thumb Code     2  startup_stm32l476xx.o(.text)
    DebugMon_Handler                         0x0800034b   Thumb Code     2  startup_stm32l476xx.o(.text)
    PendSV_Handler                           0x0800034d   Thumb Code     2  startup_stm32l476xx.o(.text)
    ADC1_2_IRQHandler                        0x08000351   Thumb Code     0  startup_stm32l476xx.o(.text)
    ADC3_IRQHandler                          0x08000351   Thumb Code     0  startup_stm32l476xx.o(.text)
    CAN1_RX0_IRQHandler                      0x08000351   Thumb Code     0  startup_stm32l476xx.o(.text)
    CAN1_RX1_IRQHandler                      0x08000351   Thumb Code     0  startup_stm32l476xx.o(.text)
    CAN1_SCE_IRQHandler                      0x08000351   Thumb Code     0  startup_stm32l476xx.o(.text)
    CAN1_TX_IRQHandler                       0x08000351   Thumb Code     0  startup_stm32l476xx.o(.text)
    COMP_IRQHandler                          0x08000351   Thumb Code     0  startup_stm32l476xx.o(.text)
    DFSDM0_IRQHandler                        0x08000351   Thumb Code     0  startup_stm32l476xx.o(.text)
    DFSDM1_IRQHandler                        0x08000351   Thumb Code     0  startup_stm32l476xx.o(.text)
    DFSDM2_IRQHandler                        0x08000351   Thumb Code     0  startup_stm32l476xx.o(.text)
    DFSDM3_IRQHandler                        0x08000351   Thumb Code     0  startup_stm32l476xx.o(.text)
    DMA1_Channel1_IRQHandler                 0x08000351   Thumb Code     0  startup_stm32l476xx.o(.text)
    DMA1_Channel2_IRQHandler                 0x08000351   Thumb Code     0  startup_stm32l476xx.o(.text)
    DMA1_Channel3_IRQHandler                 0x08000351   Thumb Code     0  startup_stm32l476xx.o(.text)
    DMA1_Channel5_IRQHandler                 0x08000351   Thumb Code     0  startup_stm32l476xx.o(.text)
    DMA1_Channel6_IRQHandler                 0x08000351   Thumb Code     0  startup_stm32l476xx.o(.text)
    DMA2_Channel1_IRQHandler                 0x08000351   Thumb Code     0  startup_stm32l476xx.o(.text)
    DMA2_Channel2_IRQHandler                 0x08000351   Thumb Code     0  startup_stm32l476xx.o(.text)
    DMA2_Channel3_IRQHandler                 0x08000351   Thumb Code     0  startup_stm32l476xx.o(.text)
    DMA2_Channel4_IRQHandler                 0x08000351   Thumb Code     0  startup_stm32l476xx.o(.text)
    DMA2_Channel5_IRQHandler                 0x08000351   Thumb Code     0  startup_stm32l476xx.o(.text)
    DMA2_Channel6_IRQHandler                 0x08000351   Thumb Code     0  startup_stm32l476xx.o(.text)
    DMA2_Channel7_IRQHandler                 0x08000351   Thumb Code     0  startup_stm32l476xx.o(.text)
    EXTI0_IRQHandler                         0x08000351   Thumb Code     0  startup_stm32l476xx.o(.text)
    EXTI15_10_IRQHandler                     0x08000351   Thumb Code     0  startup_stm32l476xx.o(.text)
    EXTI1_IRQHandler                         0x08000351   Thumb Code     0  startup_stm32l476xx.o(.text)
    EXTI2_IRQHandler                         0x08000351   Thumb Code     0  startup_stm32l476xx.o(.text)
    EXTI3_IRQHandler                         0x08000351   Thumb Code     0  startup_stm32l476xx.o(.text)
    EXTI4_IRQHandler                         0x08000351   Thumb Code     0  startup_stm32l476xx.o(.text)
    EXTI9_5_IRQHandler                       0x08000351   Thumb Code     0  startup_stm32l476xx.o(.text)
    FLASH_IRQHandler                         0x08000351   Thumb Code     0  startup_stm32l476xx.o(.text)
    FMC_IRQHandler                           0x08000351   Thumb Code     0  startup_stm32l476xx.o(.text)
    FPU_IRQHandler                           0x08000351   Thumb Code     0  startup_stm32l476xx.o(.text)
    I2C1_ER_IRQHandler                       0x08000351   Thumb Code     0  startup_stm32l476xx.o(.text)
    I2C1_EV_IRQHandler                       0x08000351   Thumb Code     0  startup_stm32l476xx.o(.text)
    I2C2_ER_IRQHandler                       0x08000351   Thumb Code     0  startup_stm32l476xx.o(.text)
    I2C2_EV_IRQHandler                       0x08000351   Thumb Code     0  startup_stm32l476xx.o(.text)
    I2C3_ER_IRQHandler                       0x08000351   Thumb Code     0  startup_stm32l476xx.o(.text)
    I2C3_EV_IRQHandler                       0x08000351   Thumb Code     0  startup_stm32l476xx.o(.text)
    LCD_IRQHandler                           0x08000351   Thumb Code     0  startup_stm32l476xx.o(.text)
    LPTIM1_IRQHandler                        0x08000351   Thumb Code     0  startup_stm32l476xx.o(.text)
    LPTIM2_IRQHandler                        0x08000351   Thumb Code     0  startup_stm32l476xx.o(.text)
    LPUART1_IRQHandler                       0x08000351   Thumb Code     0  startup_stm32l476xx.o(.text)
    OTG_FS_IRQHandler                        0x08000351   Thumb Code     0  startup_stm32l476xx.o(.text)
    PVD_PVM_IRQHandler                       0x08000351   Thumb Code     0  startup_stm32l476xx.o(.text)
    QUADSPI_IRQHandler                       0x08000351   Thumb Code     0  startup_stm32l476xx.o(.text)
    RCC_IRQHandler                           0x08000351   Thumb Code     0  startup_stm32l476xx.o(.text)
    RNG_IRQHandler                           0x08000351   Thumb Code     0  startup_stm32l476xx.o(.text)
    RTC_Alarm_IRQHandler                     0x08000351   Thumb Code     0  startup_stm32l476xx.o(.text)
    RTC_WKUP_IRQHandler                      0x08000351   Thumb Code     0  startup_stm32l476xx.o(.text)
    SAI1_IRQHandler                          0x08000351   Thumb Code     0  startup_stm32l476xx.o(.text)
    SAI2_IRQHandler                          0x08000351   Thumb Code     0  startup_stm32l476xx.o(.text)
    SDMMC1_IRQHandler                        0x08000351   Thumb Code     0  startup_stm32l476xx.o(.text)
    SPI1_IRQHandler                          0x08000351   Thumb Code     0  startup_stm32l476xx.o(.text)
    SPI2_IRQHandler                          0x08000351   Thumb Code     0  startup_stm32l476xx.o(.text)
    SPI3_IRQHandler                          0x08000351   Thumb Code     0  startup_stm32l476xx.o(.text)
    SWPMI1_IRQHandler                        0x08000351   Thumb Code     0  startup_stm32l476xx.o(.text)
    TAMP_STAMP_IRQHandler                    0x08000351   Thumb Code     0  startup_stm32l476xx.o(.text)
    TIM1_BRK_TIM15_IRQHandler                0x08000351   Thumb Code     0  startup_stm32l476xx.o(.text)
    TIM1_CC_IRQHandler                       0x08000351   Thumb Code     0  startup_stm32l476xx.o(.text)
    TIM1_TRG_COM_TIM17_IRQHandler            0x08000351   Thumb Code     0  startup_stm32l476xx.o(.text)
    TIM1_UP_TIM16_IRQHandler                 0x08000351   Thumb Code     0  startup_stm32l476xx.o(.text)
    TIM2_IRQHandler                          0x08000351   Thumb Code     0  startup_stm32l476xx.o(.text)
    TIM3_IRQHandler                          0x08000351   Thumb Code     0  startup_stm32l476xx.o(.text)
    TIM4_IRQHandler                          0x08000351   Thumb Code     0  startup_stm32l476xx.o(.text)
    TIM5_IRQHandler                          0x08000351   Thumb Code     0  startup_stm32l476xx.o(.text)
    TIM6_DAC_IRQHandler                      0x08000351   Thumb Code     0  startup_stm32l476xx.o(.text)
    TIM7_IRQHandler                          0x08000351   Thumb Code     0  startup_stm32l476xx.o(.text)
    TIM8_BRK_IRQHandler                      0x08000351   Thumb Code     0  startup_stm32l476xx.o(.text)
    TIM8_CC_IRQHandler                       0x08000351   Thumb Code     0  startup_stm32l476xx.o(.text)
    TIM8_TRG_COM_IRQHandler                  0x08000351   Thumb Code     0  startup_stm32l476xx.o(.text)
    TIM8_UP_IRQHandler                       0x08000351   Thumb Code     0  startup_stm32l476xx.o(.text)
    TSC_IRQHandler                           0x08000351   Thumb Code     0  startup_stm32l476xx.o(.text)
    UART4_IRQHandler                         0x08000351   Thumb Code     0  startup_stm32l476xx.o(.text)
    UART5_IRQHandler                         0x08000351   Thumb Code     0  startup_stm32l476xx.o(.text)
    USART3_IRQHandler                        0x08000351   Thumb Code     0  startup_stm32l476xx.o(.text)
    WWDG_IRQHandler                          0x08000351   Thumb Code     0  startup_stm32l476xx.o(.text)
    __user_initial_stackheap                 0x08000355   Thumb Code     0  startup_stm32l476xx.o(.text)
    sprintf                                  0x0800038d   Thumb Code    38  sprintf.o(.text)
    strlen                                   0x080003b9   Thumb Code    62  strlen.o(.text)
    __use_two_region_memory                  0x080003f7   Thumb Code     2  heapauxi.o(.text)
    __rt_heap_escrow$2region                 0x080003f9   Thumb Code     2  heapauxi.o(.text)
    __rt_heap_expand$2region                 0x080003fb   Thumb Code     2  heapauxi.o(.text)
    _printf_pre_padding                      0x080003fd   Thumb Code    44  _printf_pad.o(.text)
    _printf_post_padding                     0x08000429   Thumb Code    34  _printf_pad.o(.text)
    _printf_truncate_signed                  0x0800044b   Thumb Code    18  _printf_truncate.o(.text)
    _printf_truncate_unsigned                0x0800045d   Thumb Code    18  _printf_truncate.o(.text)
    _printf_str                              0x0800046f   Thumb Code    82  _printf_str.o(.text)
    _printf_int_dec                          0x080004c1   Thumb Code   104  _printf_dec.o(.text)
    _printf_charcount                        0x08000539   Thumb Code    40  _printf_charcount.o(.text)
    _printf_char_common                      0x0800056b   Thumb Code    32  _printf_char_common.o(.text)
    _sputc                                   0x08000591   Thumb Code    10  _sputc.o(.text)
    _printf_wctomb                           0x0800059d   Thumb Code   182  _printf_wctomb.o(.text)
    _printf_longlong_dec                     0x08000661   Thumb Code   108  _printf_longlong_dec.o(.text)
    _printf_longlong_oct                     0x080006dd   Thumb Code    68  _printf_oct_int_ll.o(.text)
    _printf_int_oct                          0x08000721   Thumb Code    24  _printf_oct_int_ll.o(.text)
    _printf_ll_oct                           0x08000739   Thumb Code    12  _printf_oct_int_ll.o(.text)
    _printf_longlong_hex                     0x0800074d   Thumb Code    86  _printf_hex_int_ll_ptr.o(.text)
    _printf_int_hex                          0x080007a3   Thumb Code    28  _printf_hex_int_ll_ptr.o(.text)
    _printf_ll_hex                           0x080007bf   Thumb Code    12  _printf_hex_int_ll_ptr.o(.text)
    _printf_hex_ptr                          0x080007cb   Thumb Code    18  _printf_hex_int_ll_ptr.o(.text)
    __printf                                 0x080007e1   Thumb Code   388  __printf_flags_ss_wp.o(.text)
    _ll_udiv10                               0x0800096f   Thumb Code   138  lludiv10.o(.text)
    _printf_int_common                       0x080009f9   Thumb Code   178  _printf_intcommon.o(.text)
    _printf_fp_dec_real                      0x08000c5b   Thumb Code   620  _printf_fp_dec.o(.text)
    _printf_fp_hex_real                      0x08000ecd   Thumb Code   756  _printf_fp_hex.o(.text)
    _printf_cs_common                        0x080011cf   Thumb Code    20  _printf_char.o(.text)
    _printf_char                             0x080011e3   Thumb Code    16  _printf_char.o(.text)
    _printf_string                           0x080011f3   Thumb Code     8  _printf_char.o(.text)
    _printf_lcs_common                       0x080011fb   Thumb Code    20  _printf_wchar.o(.text)
    _printf_wchar                            0x0800120f   Thumb Code    16  _printf_wchar.o(.text)
    _printf_wstring                          0x0800121f   Thumb Code     8  _printf_wchar.o(.text)
    _c16rtomb                                0x08001227   Thumb Code    72  _c16rtomb.o(.text)
    _wcrtomb                                 0x08001227   Thumb Code     0  _c16rtomb.o(.text)
    __user_setup_stackheap                   0x0800126f   Thumb Code    74  sys_stackheap_outer.o(.text)
    __rt_ctype_table                         0x080012b9   Thumb Code    16  rt_ctype_table.o(.text)
    __rt_locale                              0x080012c9   Thumb Code     8  rt_locale_intlibspace.o(.text)
    _printf_fp_infnan                        0x080012d1   Thumb Code   112  _printf_fp_infnan.o(.text)
    _btod_etento                             0x08001351   Thumb Code   224  bigflt0.o(.text)
    exit                                     0x08001435   Thumb Code    18  exit.o(.text)
    __user_libspace                          0x08001449   Thumb Code     8  libspace.o(.text)
    __user_perproc_libspace                  0x08001449   Thumb Code     0  libspace.o(.text)
    __user_perthread_libspace                0x08001449   Thumb Code     0  libspace.o(.text)
    strcmp                                   0x08001451   Thumb Code   124  strcmpv7em.o(.text)
    _sys_exit                                0x080014cd   Thumb Code     8  sys_exit.o(.text)
    __I$use$semihosting                      0x080014d9   Thumb Code     0  use_no_semi.o(.text)
    __use_no_semihosting_swi                 0x080014d9   Thumb Code     2  use_no_semi.o(.text)
    __semihosting_library_function           0x080014db   Thumb Code     0  indicate_semi.o(.text)
    DMA1_Channel4_IRQHandler                 0x080014dd   Thumb Code    78  dma.o(.text.DMA1_Channel4_IRQHandler)
    DMA1_Channel7_IRQHandler                 0x0800152d   Thumb Code    78  dma.o(.text.DMA1_Channel7_IRQHandler)
    DMA_Init_UARTx                           0x0800157d   Thumb Code   194  dma.o(.text.DMA_Init_UARTx)
    I2C_GPIO_Init                            0x08001641   Thumb Code   218  i2c.o(.text.I2C_GPIO_Init)
    I2C_Initialization                       0x0800171d   Thumb Code   272  i2c.o(.text.I2C_Initialization)
    I2C_ReceiveData                          0x0800182d   Thumb Code   154  i2c.o(.text.I2C_ReceiveData)
    I2C_SendData                             0x080018c9   Thumb Code   220  i2c.o(.text.I2C_SendData)
    I2C_Start                                0x080019a5   Thumb Code   108  i2c.o(.text.I2C_Start)
    I2C_Stop                                 0x08001a11   Thumb Code    34  i2c.o(.text.I2C_Stop)
    I2C_WaitLineIdle                         0x08001a35   Thumb Code    24  i2c.o(.text.I2C_WaitLineIdle)
    Init_DMA1_Channel4_IRQn                  0x08001a4d   Thumb Code    24  dma.o(.text.Init_DMA1_Channel4_IRQn)
    Init_USART1_IRQn                         0x08001a65   Thumb Code    24  uart.o(.text.Init_USART1_IRQn)
    LED_Init                                 0x08001a7d   Thumb Code    74  led.o(.text.LED_Init)
    LED_Toggle                               0x08001ac9   Thumb Code    16  led.o(.text.LED_Toggle)
    Motor_Init                               0x08001ad9   Thumb Code   338  motor.o(.text.Motor_Init)
    SPI1_GPIO_Init                           0x08001c2d   Thumb Code   414  spi.o(.text.SPI1_GPIO_Init)
    SPI1_Init                                0x08001dcd   Thumb Code   210  spi.o(.text.SPI1_Init)
    SPI_Transfer_Data                        0x08001ea1   Thumb Code   112  spi.o(.text.SPI_Transfer_Data)
    SysTick_Handler                          0x08001f11   Thumb Code    40  systimer.o(.text.SysTick_Handler)
    SysTick_Init                             0x08001f39   Thumb Code    92  systimer.o(.text.SysTick_Init)
    System_Clock_Init                        0x08001f95   Thumb Code   466  sysclock.o(.text.System_Clock_Init)
    UART1_GPIO_Init                          0x08002169   Thumb Code   218  uart.o(.text.UART1_GPIO_Init)
    UART1_Init                               0x08002245   Thumb Code    58  uart.o(.text.UART1_Init)
    UART_onInput                             0x08002281   Thumb Code   224  main.o(.text.UART_onInput)
    UART_print                               0x08002361   Thumb Code   204  uart.o(.text.UART_print)
    USART1_IRQHandler                        0x0800242d   Thumb Code    26  uart.o(.text.USART1_IRQHandler)
    USART2_IRQHandler                        0x08002449   Thumb Code    26  uart.o(.text.USART2_IRQHandler)
    USART_Init                               0x08002465   Thumb Code   116  uart.o(.text.USART_Init)
    accRead                                  0x08002695   Thumb Code    50  accelerometer.o(.text.accRead)
    accWrite                                 0x080026c9   Thumb Code    40  accelerometer.o(.text.accWrite)
    checkCanRotate                           0x080026f1   Thumb Code   240  motor.o(.text.checkCanRotate)
    clearActiveBuffer                        0x080027f9   Thumb Code    16  uart.o(.text.clearActiveBuffer)
    delay                                    0x08002809   Thumb Code    46  systimer.o(.text.delay)
    doorLockout                              0x08002839   Thumb Code    90  systimer.o(.text.doorLockout)
    getDire                                  0x08002895   Thumb Code    14  motor.o(.text.getDire)
    initAcc                                  0x080028a5   Thumb Code    44  accelerometer.o(.text.initAcc)
    main                                     0x080028d1   Thumb Code   824  main.o(.text.main)
    on_complete_transfer                     0x08002c11   Thumb Code   102  uart.o(.text.on_complete_transfer)
    readValues                               0x08002c79   Thumb Code   122  accelerometer.o(.text.readValues)
    rotate                                   0x08002cf5   Thumb Code   154  motor.o(.text.rotate)
    setDire                                  0x08002d91   Thumb Code    24  motor.o(.text.setDire)
    setSRC_DMA_Channel                       0x08002da9   Thumb Code    26  uart.o(.text.setSRC_DMA_Channel)
    transfer_data                            0x08002dc5   Thumb Code   116  uart.o(.text.transfer_data)
    _btod_d2e                                0x08002e39   Thumb Code    62  btod.o(CL$$btod_d2e)
    _d2e_denorm_low                          0x08002e77   Thumb Code    70  btod.o(CL$$btod_d2e_denorm_low)
    _d2e_norm_op1                            0x08002ebd   Thumb Code    96  btod.o(CL$$btod_d2e_norm_op1)
    __btod_div_common                        0x08002f1d   Thumb Code   696  btod.o(CL$$btod_div_common)
    _e2e                                     0x08003255   Thumb Code   220  btod.o(CL$$btod_e2e)
    _btod_ediv                               0x08003331   Thumb Code    42  btod.o(CL$$btod_ediv)
    _btod_emul                               0x0800335b   Thumb Code    42  btod.o(CL$$btod_emul)
    __btod_mult_common                       0x08003385   Thumb Code   580  btod.o(CL$$btod_mult_common)
    __ARM_fpclassify                         0x080035c9   Thumb Code    48  fpclassify.o(i.__ARM_fpclassify)
    _is_digit                                0x080035f9   Thumb Code    14  __printf_wp.o(i._is_digit)
    _get_lc_numeric                          0x08003609   Thumb Code    44  lc_numeric_c.o(locale$$code)
    _get_lc_ctype                            0x08003635   Thumb Code    44  lc_ctype_c.o(locale$$code)
    __fpl_dcmp_Inf                           0x08003661   Thumb Code    24  dcmpi.o(x$fpl$dcmpinf)
    __aeabi_cdcmpeq                          0x08003679   Thumb Code     0  deqf.o(x$fpl$deqf)
    _dcmpeq                                  0x08003679   Thumb Code   120  deqf.o(x$fpl$deqf)
    __aeabi_i2d                              0x080036f1   Thumb Code     0  dflt_clz.o(x$fpl$dflt)
    _dflt                                    0x080036f1   Thumb Code    46  dflt_clz.o(x$fpl$dflt)
    __aeabi_cdcmpge                          0x08003721   Thumb Code     0  dgeqf.o(x$fpl$dgeqf)
    _dcmpge                                  0x08003721   Thumb Code   120  dgeqf.o(x$fpl$dgeqf)
    __aeabi_cdcmple                          0x08003799   Thumb Code     0  dleqf.o(x$fpl$dleqf)
    _dcmple                                  0x08003799   Thumb Code   120  dleqf.o(x$fpl$dleqf)
    __fpl_dcmple_InfNaN                      0x080037fb   Thumb Code     0  dleqf.o(x$fpl$dleqf)
    __aeabi_dmul                             0x08003811   Thumb Code     0  dmul.o(x$fpl$dmul)
    _dmul                                    0x08003811   Thumb Code   332  dmul.o(x$fpl$dmul)
    __fpl_dnaninf                            0x08003965   Thumb Code   156  dnaninf.o(x$fpl$dnaninf)
    __fpl_dretinf                            0x08003a01   Thumb Code    12  dretinf.o(x$fpl$dretinf)
    __aeabi_dcmpeq                           0x08003a0d   Thumb Code     0  dcmp.o(x$fpl$fcmp)
    _deq                                     0x08003a0d   Thumb Code    14  dcmp.o(x$fpl$fcmp)
    _dneq                                    0x08003a1b   Thumb Code    14  dcmp.o(x$fpl$fcmp)
    __aeabi_dcmpgt                           0x08003a29   Thumb Code     0  dcmp.o(x$fpl$fcmp)
    _dgr                                     0x08003a29   Thumb Code    14  dcmp.o(x$fpl$fcmp)
    __aeabi_dcmpge                           0x08003a37   Thumb Code     0  dcmp.o(x$fpl$fcmp)
    _dgeq                                    0x08003a37   Thumb Code    14  dcmp.o(x$fpl$fcmp)
    __aeabi_dcmple                           0x08003a45   Thumb Code     0  dcmp.o(x$fpl$fcmp)
    _dleq                                    0x08003a45   Thumb Code    14  dcmp.o(x$fpl$fcmp)
    __aeabi_dcmplt                           0x08003a53   Thumb Code     0  dcmp.o(x$fpl$fcmp)
    _dls                                     0x08003a53   Thumb Code    14  dcmp.o(x$fpl$fcmp)
    _fp_init                                 0x08003a61   Thumb Code    26  fpinit.o(x$fpl$fpinit)
    __fplib_config_fpu_vfp                   0x08003a79   Thumb Code     0  fpinit.o(x$fpl$fpinit)
    __fplib_config_pureend_doubles           0x08003a79   Thumb Code     0  fpinit.o(x$fpl$fpinit)
    _printf_fp_dec                           0x08003a7b   Thumb Code     4  printf1.o(x$fpl$printf1)
    _printf_fp_hex                           0x08003a7f   Thumb Code     4  printf2.o(x$fpl$printf2)
    __I$use$fp                               0x08003a82   Number         0  usenofp.o(x$fpl$usenofp)
    Region$$Table$$Base                      0x08003c60   Number         0  anon$$obj.o(Region$$Table)
    Region$$Table$$Limit                     0x08003c80   Number         0  anon$$obj.o(Region$$Table)
    __ctype                                  0x08003ca9   Data           0  lc_ctype_c.o(locale$$data)
    Image$$ER_IROM1$$RO$$Limit               0x08003dac   Number         0  anon$$obj.o ABSOLUTE
    Image$$ER_IROM1$$RW$$Base                0x08003dac   Number         0  anon$$obj.o ABSOLUTE
    Image$$ER_IROM1$$RW$$Limit               0x08003dac   Number         0  anon$$obj.o ABSOLUTE
    Image$$ER_IROM1$$ZI$$Base                0x08003dac   Number         0  anon$$obj.o ABSOLUTE
    Image$$ER_IROM1$$ZI$$Limit               0x08003dac   Number         0  anon$$obj.o ABSOLUTE
    Load$$RW_IRAM1$$Base                     0x08003db0   Number         0  anon$$obj.o ABSOLUTE
    Image$$RW_IRAM1$$Base                    0x20000000   Number         0  anon$$obj.o ABSOLUTE
    Image$$RW_IRAM1$$RO$$Base                0x20000000   Number         0  anon$$obj.o ABSOLUTE
    Image$$RW_IRAM1$$RW$$Base                0x20000000   Number         0  anon$$obj.o ABSOLUTE
    Image$$RW_IRAM1$$Limit                   0x20000010   Number         0  anon$$obj.o ABSOLUTE
    Image$$RW_IRAM1$$RW$$Limit               0x20000010   Number         0  anon$$obj.o ABSOLUTE
    Image$$RW_IRAM1$$ZI$$Base                0x20000010   Number         0  anon$$obj.o ABSOLUTE
    __libspace_start                         0x20000010   Data          96  libspace.o(.bss)
    Data_Receive                             0x20000070   Data           1  main.o(.bss.Data_Receive)
    __temporary_stack_top$libspace           0x20000070   Data           0  libspace.o(.bss)
    door_status                              0x20000371   Data           1  main.o(.bss.door_status)
    message_pending                          0x20000479   Data           1  main.o(.bss.message_pending)
    test                                     0x20000488   Data           4  accelerometer.o(.bss.test)
    user_priority                            0x2000048c   Data           1  main.o(.bss.user_priority)
    Image$$RW_IRAM1$$ZI$$Limit               0x20000aa8   Number         0  anon$$obj.o ABSOLUTE



==============================================================================

Memory Map of the image

  Image Entry point : 0x08000189

  Load Region LR_IROM1 (Base: 0x08000000, Size: 0x00003dc0, Max: 0x00100000, ABSOLUTE)

    Execution Region ER_IROM1 (Exec base: 0x08000000, Load base: 0x08000000, Size: 0x00003dac, Max: 0x00100000, ABSOLUTE)

    Exec Addr    Load Addr    Size         Type   Attr      Idx    E Section Name        Object

    0x08000000   0x08000000   0x00000188   Data   RO           21    RESET               startup_stm32l476xx.o
    0x08000188   0x08000188   0x00000008   Code   RO          227  * !!!main             c_w.l(__main.o)
    0x08000190   0x08000190   0x0000005c   Code   RO          586    !!!scatter          c_w.l(__scatter.o)
    0x080001ec   0x080001ec   0x0000001a   Code   RO          590    !!handler_copy      c_w.l(__scatter_copy.o)
    0x08000206   0x08000206   0x00000002   PAD
    0x08000208   0x08000208   0x00000002   Code   RO          587    !!handler_null      c_w.l(__scatter.o)
    0x0800020a   0x0800020a   0x00000002   PAD
    0x0800020c   0x0800020c   0x0000001c   Code   RO          592    !!handler_zi        c_w.l(__scatter_zi.o)
    0x08000228   0x08000228   0x00000000   Code   RO          321    .ARM.Collect$$_printf_percent$$00000000  c_w.l(_printf_percent.o)
    0x08000228   0x08000228   0x00000006   Code   RO          310    .ARM.Collect$$_printf_percent$$00000001  c_w.l(_printf_n.o)
    0x0800022e   0x0800022e   0x00000006   Code   RO          312    .ARM.Collect$$_printf_percent$$00000002  c_w.l(_printf_p.o)
    0x08000234   0x08000234   0x00000006   Code   RO          317    .ARM.Collect$$_printf_percent$$00000003  c_w.l(_printf_f.o)
    0x0800023a   0x0800023a   0x00000006   Code   RO          318    .ARM.Collect$$_printf_percent$$00000004  c_w.l(_printf_e.o)
    0x08000240   0x08000240   0x00000006   Code   RO          319    .ARM.Collect$$_printf_percent$$00000005  c_w.l(_printf_g.o)
    0x08000246   0x08000246   0x00000006   Code   RO          320    .ARM.Collect$$_printf_percent$$00000006  c_w.l(_printf_a.o)
    0x0800024c   0x0800024c   0x0000000a   Code   RO          325    .ARM.Collect$$_printf_percent$$00000007  c_w.l(_printf_ll.o)
    0x08000256   0x08000256   0x00000006   Code   RO          314    .ARM.Collect$$_printf_percent$$00000008  c_w.l(_printf_i.o)
    0x0800025c   0x0800025c   0x00000006   Code   RO          315    .ARM.Collect$$_printf_percent$$00000009  c_w.l(_printf_d.o)
    0x08000262   0x08000262   0x00000006   Code   RO          316    .ARM.Collect$$_printf_percent$$0000000A  c_w.l(_printf_u.o)
    0x08000268   0x08000268   0x00000006   Code   RO          313    .ARM.Collect$$_printf_percent$$0000000B  c_w.l(_printf_o.o)
    0x0800026e   0x0800026e   0x00000006   Code   RO          311    .ARM.Collect$$_printf_percent$$0000000C  c_w.l(_printf_x.o)
    0x08000274   0x08000274   0x00000006   Code   RO          322    .ARM.Collect$$_printf_percent$$0000000D  c_w.l(_printf_lli.o)
    0x0800027a   0x0800027a   0x00000006   Code   RO          323    .ARM.Collect$$_printf_percent$$0000000E  c_w.l(_printf_lld.o)
    0x08000280   0x08000280   0x00000006   Code   RO          324    .ARM.Collect$$_printf_percent$$0000000F  c_w.l(_printf_llu.o)
    0x08000286   0x08000286   0x00000006   Code   RO          329    .ARM.Collect$$_printf_percent$$00000010  c_w.l(_printf_llo.o)
    0x0800028c   0x0800028c   0x00000006   Code   RO          330    .ARM.Collect$$_printf_percent$$00000011  c_w.l(_printf_llx.o)
    0x08000292   0x08000292   0x0000000a   Code   RO          326    .ARM.Collect$$_printf_percent$$00000012  c_w.l(_printf_l.o)
    0x0800029c   0x0800029c   0x00000006   Code   RO          308    .ARM.Collect$$_printf_percent$$00000013  c_w.l(_printf_c.o)
    0x080002a2   0x080002a2   0x00000006   Code   RO          309    .ARM.Collect$$_printf_percent$$00000014  c_w.l(_printf_s.o)
    0x080002a8   0x080002a8   0x00000006   Code   RO          327    .ARM.Collect$$_printf_percent$$00000015  c_w.l(_printf_lc.o)
    0x080002ae   0x080002ae   0x00000006   Code   RO          328    .ARM.Collect$$_printf_percent$$00000016  c_w.l(_printf_ls.o)
    0x080002b4   0x080002b4   0x00000004   Code   RO          382    .ARM.Collect$$_printf_percent$$00000017  c_w.l(_printf_percent_end.o)
    0x080002b8   0x080002b8   0x00000002   Code   RO          435    .ARM.Collect$$libinit$$00000000  c_w.l(libinit.o)
    0x080002ba   0x080002ba   0x00000004   Code   RO          452    .ARM.Collect$$libinit$$00000001  c_w.l(libinit2.o)
    0x080002be   0x080002be   0x00000000   Code   RO          455    .ARM.Collect$$libinit$$00000004  c_w.l(libinit2.o)
    0x080002be   0x080002be   0x00000000   Code   RO          457    .ARM.Collect$$libinit$$00000006  c_w.l(libinit2.o)
    0x080002be   0x080002be   0x00000000   Code   RO          460    .ARM.Collect$$libinit$$0000000C  c_w.l(libinit2.o)
    0x080002be   0x080002be   0x00000000   Code   RO          462    .ARM.Collect$$libinit$$0000000E  c_w.l(libinit2.o)
    0x080002be   0x080002be   0x00000000   Code   RO          464    .ARM.Collect$$libinit$$00000010  c_w.l(libinit2.o)
    0x080002be   0x080002be   0x00000006   Code   RO          465    .ARM.Collect$$libinit$$00000011  c_w.l(libinit2.o)
    0x080002c4   0x080002c4   0x00000000   Code   RO          467    .ARM.Collect$$libinit$$00000013  c_w.l(libinit2.o)
    0x080002c4   0x080002c4   0x0000000c   Code   RO          468    .ARM.Collect$$libinit$$00000014  c_w.l(libinit2.o)
    0x080002d0   0x080002d0   0x00000000   Code   RO          469    .ARM.Collect$$libinit$$00000015  c_w.l(libinit2.o)
    0x080002d0   0x080002d0   0x00000000   Code   RO          471    .ARM.Collect$$libinit$$00000017  c_w.l(libinit2.o)
    0x080002d0   0x080002d0   0x0000000a   Code   RO          472    .ARM.Collect$$libinit$$00000018  c_w.l(libinit2.o)
    0x080002da   0x080002da   0x00000000   Code   RO          473    .ARM.Collect$$libinit$$00000019  c_w.l(libinit2.o)
    0x080002da   0x080002da   0x00000000   Code   RO          475    .ARM.Collect$$libinit$$0000001B  c_w.l(libinit2.o)
    0x080002da   0x080002da   0x00000000   Code   RO          477    .ARM.Collect$$libinit$$0000001D  c_w.l(libinit2.o)
    0x080002da   0x080002da   0x00000000   Code   RO          479    .ARM.Collect$$libinit$$0000001F  c_w.l(libinit2.o)
    0x080002da   0x080002da   0x00000000   Code   RO          481    .ARM.Collect$$libinit$$00000021  c_w.l(libinit2.o)
    0x080002da   0x080002da   0x00000000   Code   RO          483    .ARM.Collect$$libinit$$00000023  c_w.l(libinit2.o)
    0x080002da   0x080002da   0x00000000   Code   RO          485    .ARM.Collect$$libinit$$00000025  c_w.l(libinit2.o)
    0x080002da   0x080002da   0x00000000   Code   RO          487    .ARM.Collect$$libinit$$00000027  c_w.l(libinit2.o)
    0x080002da   0x080002da   0x00000000   Code   RO          491    .ARM.Collect$$libinit$$0000002E  c_w.l(libinit2.o)
    0x080002da   0x080002da   0x00000000   Code   RO          493    .ARM.Collect$$libinit$$00000030  c_w.l(libinit2.o)
    0x080002da   0x080002da   0x00000000   Code   RO          495    .ARM.Collect$$libinit$$00000032  c_w.l(libinit2.o)
    0x080002da   0x080002da   0x00000000   Code   RO          497    .ARM.Collect$$libinit$$00000034  c_w.l(libinit2.o)
    0x080002da   0x080002da   0x00000002   Code   RO          498    .ARM.Collect$$libinit$$00000035  c_w.l(libinit2.o)
    0x080002dc   0x080002dc   0x00000002   Code   RO          522    .ARM.Collect$$libshutdown$$00000000  c_w.l(libshutdown.o)
    0x080002de   0x080002de   0x00000000   Code   RO          537    .ARM.Collect$$libshutdown$$00000002  c_w.l(libshutdown2.o)
    0x080002de   0x080002de   0x00000000   Code   RO          539    .ARM.Collect$$libshutdown$$00000004  c_w.l(libshutdown2.o)
    0x080002de   0x080002de   0x00000000   Code   RO          542    .ARM.Collect$$libshutdown$$00000007  c_w.l(libshutdown2.o)
    0x080002de   0x080002de   0x00000000   Code   RO          545    .ARM.Collect$$libshutdown$$0000000A  c_w.l(libshutdown2.o)
    0x080002de   0x080002de   0x00000000   Code   RO          547    .ARM.Collect$$libshutdown$$0000000C  c_w.l(libshutdown2.o)
    0x080002de   0x080002de   0x00000000   Code   RO          550    .ARM.Collect$$libshutdown$$0000000F  c_w.l(libshutdown2.o)
    0x080002de   0x080002de   0x00000002   Code   RO          551    .ARM.Collect$$libshutdown$$00000010  c_w.l(libshutdown2.o)
    0x080002e0   0x080002e0   0x00000000   Code   RO          239    .ARM.Collect$$rtentry$$00000000  c_w.l(__rtentry.o)
    0x080002e0   0x080002e0   0x00000000   Code   RO          351    .ARM.Collect$$rtentry$$00000002  c_w.l(__rtentry2.o)
    0x080002e0   0x080002e0   0x00000006   Code   RO          363    .ARM.Collect$$rtentry$$00000004  c_w.l(__rtentry4.o)
    0x080002e6   0x080002e6   0x00000000   Code   RO          353    .ARM.Collect$$rtentry$$00000009  c_w.l(__rtentry2.o)
    0x080002e6   0x080002e6   0x00000004   Code   RO          354    .ARM.Collect$$rtentry$$0000000A  c_w.l(__rtentry2.o)
    0x080002ea   0x080002ea   0x00000000   Code   RO          356    .ARM.Collect$$rtentry$$0000000C  c_w.l(__rtentry2.o)
    0x080002ea   0x080002ea   0x00000008   Code   RO          357    .ARM.Collect$$rtentry$$0000000D  c_w.l(__rtentry2.o)
    0x080002f2   0x080002f2   0x00000002   Code   RO          443    .ARM.Collect$$rtexit$$00000000  c_w.l(rtexit.o)
    0x080002f4   0x080002f4   0x00000000   Code   RO          500    .ARM.Collect$$rtexit$$00000002  c_w.l(rtexit2.o)
    0x080002f4   0x080002f4   0x00000004   Code   RO          501    .ARM.Collect$$rtexit$$00000003  c_w.l(rtexit2.o)
    0x080002f8   0x080002f8   0x00000006   Code   RO          502    .ARM.Collect$$rtexit$$00000004  c_w.l(rtexit2.o)
    0x080002fe   0x080002fe   0x00000002   PAD
    0x08000300   0x08000300   0x0000008c   Code   RO           22    .text               startup_stm32l476xx.o
    0x0800038c   0x0800038c   0x0000002c   Code   RO          221    .text               c_w.l(sprintf.o)
    0x080003b8   0x080003b8   0x0000003e   Code   RO          223    .text               c_w.l(strlen.o)
    0x080003f6   0x080003f6   0x00000006   Code   RO          225    .text               c_w.l(heapauxi.o)
    0x080003fc   0x080003fc   0x0000004e   Code   RO          242    .text               c_w.l(_printf_pad.o)
    0x0800044a   0x0800044a   0x00000024   Code   RO          244    .text               c_w.l(_printf_truncate.o)
    0x0800046e   0x0800046e   0x00000052   Code   RO          246    .text               c_w.l(_printf_str.o)
    0x080004c0   0x080004c0   0x00000078   Code   RO          248    .text               c_w.l(_printf_dec.o)
    0x08000538   0x08000538   0x00000028   Code   RO          250    .text               c_w.l(_printf_charcount.o)
    0x08000560   0x08000560   0x00000030   Code   RO          252    .text               c_w.l(_printf_char_common.o)
    0x08000590   0x08000590   0x0000000a   Code   RO          254    .text               c_w.l(_sputc.o)
    0x0800059a   0x0800059a   0x00000002   PAD
    0x0800059c   0x0800059c   0x000000c2   Code   RO          256    .text               c_w.l(_printf_wctomb.o)
    0x0800065e   0x0800065e   0x00000002   PAD
    0x08000660   0x08000660   0x0000007c   Code   RO          259    .text               c_w.l(_printf_longlong_dec.o)
    0x080006dc   0x080006dc   0x00000070   Code   RO          265    .text               c_w.l(_printf_oct_int_ll.o)
    0x0800074c   0x0800074c   0x00000094   Code   RO          285    .text               c_w.l(_printf_hex_int_ll_ptr.o)
    0x080007e0   0x080007e0   0x0000018e   Code   RO          305    .text               c_w.l(__printf_flags_ss_wp.o)
    0x0800096e   0x0800096e   0x0000008a   Code   RO          365    .text               c_w.l(lludiv10.o)
    0x080009f8   0x080009f8   0x000000b2   Code   RO          367    .text               c_w.l(_printf_intcommon.o)
    0x08000aaa   0x08000aaa   0x00000422   Code   RO          369    .text               c_w.l(_printf_fp_dec.o)
    0x08000ecc   0x08000ecc   0x00000302   Code   RO          373    .text               c_w.l(_printf_fp_hex.o)
    0x080011ce   0x080011ce   0x0000002c   Code   RO          378    .text               c_w.l(_printf_char.o)
    0x080011fa   0x080011fa   0x0000002c   Code   RO          380    .text               c_w.l(_printf_wchar.o)
    0x08001226   0x08001226   0x00000048   Code   RO          383    .text               c_w.l(_c16rtomb.o)
    0x0800126e   0x0800126e   0x0000004a   Code   RO          387    .text               c_w.l(sys_stackheap_outer.o)
    0x080012b8   0x080012b8   0x00000010   Code   RO          389    .text               c_w.l(rt_ctype_table.o)
    0x080012c8   0x080012c8   0x00000008   Code   RO          394    .text               c_w.l(rt_locale_intlibspace.o)
    0x080012d0   0x080012d0   0x00000080   Code   RO          396    .text               c_w.l(_printf_fp_infnan.o)
    0x08001350   0x08001350   0x000000e4   Code   RO          398    .text               c_w.l(bigflt0.o)
    0x08001434   0x08001434   0x00000012   Code   RO          428    .text               c_w.l(exit.o)
    0x08001446   0x08001446   0x00000002   PAD
    0x08001448   0x08001448   0x00000008   Code   RO          440    .text               c_w.l(libspace.o)
    0x08001450   0x08001450   0x0000007c   Code   RO          450    .text               c_w.l(strcmpv7em.o)
    0x080014cc   0x080014cc   0x0000000c   Code   RO          512    .text               c_w.l(sys_exit.o)
    0x080014d8   0x080014d8   0x00000002   Code   RO          527    .text               c_w.l(use_no_semi.o)
    0x080014da   0x080014da   0x00000000   Code   RO          529    .text               c_w.l(indicate_semi.o)
    0x080014da   0x080014da   0x00000002   PAD
    0x080014dc   0x080014dc   0x0000004e   Code   RO           68    .text.DMA1_Channel4_IRQHandler  dma.o
    0x0800152a   0x0800152a   0x00000002   PAD
    0x0800152c   0x0800152c   0x0000004e   Code   RO           72    .text.DMA1_Channel7_IRQHandler  dma.o
    0x0800157a   0x0800157a   0x00000002   PAD
    0x0800157c   0x0800157c   0x000000c2   Code   RO           58    .text.DMA_Init_UARTx  dma.o
    0x0800163e   0x0800163e   0x00000002   PAD
    0x08001640   0x08001640   0x000000da   Code   RO          131    .text.I2C_GPIO_Init  i2c.o
    0x0800171a   0x0800171a   0x00000002   PAD
    0x0800171c   0x0800171c   0x00000110   Code   RO          133    .text.I2C_Initialization  i2c.o
    0x0800182c   0x0800182c   0x0000009a   Code   RO          143    .text.I2C_ReceiveData  i2c.o
    0x080018c6   0x080018c6   0x00000002   PAD
    0x080018c8   0x080018c8   0x000000dc   Code   RO          141    .text.I2C_SendData  i2c.o
    0x080019a4   0x080019a4   0x0000006c   Code   RO          135    .text.I2C_Start     i2c.o
    0x08001a10   0x08001a10   0x00000022   Code   RO          137    .text.I2C_Stop      i2c.o
    0x08001a32   0x08001a32   0x00000002   PAD
    0x08001a34   0x08001a34   0x00000018   Code   RO          139    .text.I2C_WaitLineIdle  i2c.o
    0x08001a4c   0x08001a4c   0x00000018   Code   RO           60    .text.Init_DMA1_Channel4_IRQn  dma.o
    0x08001a64   0x08001a64   0x00000018   Code   RO           95    .text.Init_USART1_IRQn  uart.o
    0x08001a7c   0x08001a7c   0x0000004a   Code   RO          165    .text.LED_Init      led.o
    0x08001ac6   0x08001ac6   0x00000002   PAD
    0x08001ac8   0x08001ac8   0x00000010   Code   RO          171    .text.LED_Toggle    led.o
    0x08001ad8   0x08001ad8   0x00000152   Code   RO          180    .text.Motor_Init    motor.o
    0x08001c2a   0x08001c2a   0x00000002   PAD
    0x08001c2c   0x08001c2c   0x0000019e   Code   RO          152    .text.SPI1_GPIO_Init  spi.o
    0x08001dca   0x08001dca   0x00000002   PAD
    0x08001dcc   0x08001dcc   0x000000d2   Code   RO          154    .text.SPI1_Init     spi.o
    0x08001e9e   0x08001e9e   0x00000002   PAD
    0x08001ea0   0x08001ea0   0x00000070   Code   RO          156    .text.SPI_Transfer_Data  spi.o
    0x08001f10   0x08001f10   0x00000028   Code   RO           43    .text.SysTick_Handler  systimer.o
    0x08001f38   0x08001f38   0x0000005c   Code   RO           37    .text.SysTick_Init  systimer.o
    0x08001f94   0x08001f94   0x000001d2   Code   RO           29    .text.System_Clock_Init  sysclock.o
    0x08002166   0x08002166   0x00000002   PAD
    0x08002168   0x08002168   0x000000da   Code   RO           85    .text.UART1_GPIO_Init  uart.o
    0x08002242   0x08002242   0x00000002   PAD
    0x08002244   0x08002244   0x0000003a   Code   RO           81    .text.UART1_Init    uart.o
    0x0800227e   0x0800227e   0x00000002   PAD
    0x08002280   0x08002280   0x000000e0   Code   RO            2    .text.UART_onInput  main.o
    0x08002360   0x08002360   0x000000cc   Code   RO          103    .text.UART_print    uart.o
    0x0800242c   0x0800242c   0x0000001a   Code   RO          109    .text.USART1_IRQHandler  uart.o
    0x08002446   0x08002446   0x00000002   PAD
    0x08002448   0x08002448   0x0000001a   Code   RO          113    .text.USART2_IRQHandler  uart.o
    0x08002462   0x08002462   0x00000002   PAD
    0x08002464   0x08002464   0x00000074   Code   RO           89    .text.USART_Init    uart.o
    0x080024d8   0x080024d8   0x00000030   Code   RO           70    .text.__NVIC_ClearPendingIRQ  dma.o
    0x08002508   0x08002508   0x00000030   Code   RO          111    .text.__NVIC_ClearPendingIRQ  uart.o
    0x08002538   0x08002538   0x00000030   Code   RO           39    .text.__NVIC_EnableIRQ  systimer.o
    0x08002568   0x08002568   0x00000030   Code   RO           64    .text.__NVIC_EnableIRQ  dma.o
    0x08002598   0x08002598   0x00000030   Code   RO           99    .text.__NVIC_EnableIRQ  uart.o
    0x080025c8   0x080025c8   0x00000042   Code   RO           41    .text.__NVIC_SetPriority  systimer.o
    0x0800260a   0x0800260a   0x00000002   PAD
    0x0800260c   0x0800260c   0x00000042   Code   RO           62    .text.__NVIC_SetPriority  dma.o
    0x0800264e   0x0800264e   0x00000002   PAD
    0x08002650   0x08002650   0x00000042   Code   RO           97    .text.__NVIC_SetPriority  uart.o
    0x08002692   0x08002692   0x00000002   PAD
    0x08002694   0x08002694   0x00000032   Code   RO          206    .text.accRead       accelerometer.o
    0x080026c6   0x080026c6   0x00000002   PAD
    0x080026c8   0x080026c8   0x00000028   Code   RO          204    .text.accWrite      accelerometer.o
    0x080026f0   0x080026f0   0x00000108   Code   RO          182    .text.checkCanRotate  motor.o
    0x080027f8   0x080027f8   0x00000010   Code   RO           93    .text.clearActiveBuffer  uart.o
    0x08002808   0x08002808   0x0000002e   Code   RO           47    .text.delay         systimer.o
    0x08002836   0x08002836   0x00000002   PAD
    0x08002838   0x08002838   0x0000005a   Code   RO           45    .text.doorLockout   systimer.o
    0x08002892   0x08002892   0x00000002   PAD
    0x08002894   0x08002894   0x0000000e   Code   RO          188    .text.getDire       motor.o
    0x080028a2   0x080028a2   0x00000002   PAD
    0x080028a4   0x080028a4   0x0000002c   Code   RO          208    .text.initAcc       accelerometer.o
    0x080028d0   0x080028d0   0x00000340   Code   RO            4    .text.main          main.o
    0x08002c10   0x08002c10   0x00000066   Code   RO          107    .text.on_complete_transfer  uart.o
    0x08002c76   0x08002c76   0x00000002   PAD
    0x08002c78   0x08002c78   0x0000007a   Code   RO          210    .text.readValues    accelerometer.o
    0x08002cf2   0x08002cf2   0x00000002   PAD
    0x08002cf4   0x08002cf4   0x0000009a   Code   RO          186    .text.rotate        motor.o
    0x08002d8e   0x08002d8e   0x00000002   PAD
    0x08002d90   0x08002d90   0x00000018   Code   RO          184    .text.setDire       motor.o
    0x08002da8   0x08002da8   0x0000001a   Code   RO           91    .text.setSRC_DMA_Channel  uart.o
    0x08002dc2   0x08002dc2   0x00000002   PAD
    0x08002dc4   0x08002dc4   0x00000074   Code   RO          105    .text.transfer_data  uart.o
    0x08002e38   0x08002e38   0x0000003e   Code   RO          401    CL$$btod_d2e        c_w.l(btod.o)
    0x08002e76   0x08002e76   0x00000046   Code   RO          403    CL$$btod_d2e_denorm_low  c_w.l(btod.o)
    0x08002ebc   0x08002ebc   0x00000060   Code   RO          402    CL$$btod_d2e_norm_op1  c_w.l(btod.o)
    0x08002f1c   0x08002f1c   0x00000338   Code   RO          411    CL$$btod_div_common  c_w.l(btod.o)
    0x08003254   0x08003254   0x000000dc   Code   RO          408    CL$$btod_e2e        c_w.l(btod.o)
    0x08003330   0x08003330   0x0000002a   Code   RO          405    CL$$btod_ediv       c_w.l(btod.o)
    0x0800335a   0x0800335a   0x0000002a   Code   RO          404    CL$$btod_emul       c_w.l(btod.o)
    0x08003384   0x08003384   0x00000244   Code   RO          410    CL$$btod_mult_common  c_w.l(btod.o)
    0x080035c8   0x080035c8   0x00000030   Code   RO          438    i.__ARM_fpclassify  m_wm.l(fpclassify.o)
    0x080035f8   0x080035f8   0x0000000e   Code   RO          298    i._is_digit         c_w.l(__printf_wp.o)
    0x08003606   0x08003606   0x00000002   PAD
    0x08003608   0x08003608   0x0000002c   Code   RO          426    locale$$code        c_w.l(lc_numeric_c.o)
    0x08003634   0x08003634   0x0000002c   Code   RO          448    locale$$code        c_w.l(lc_ctype_c.o)
    0x08003660   0x08003660   0x00000018   Code   RO          385    x$fpl$dcmpinf       fz_wm.l(dcmpi.o)
    0x08003678   0x08003678   0x00000078   Code   RO          331    x$fpl$deqf          fz_wm.l(deqf.o)
    0x080036f0   0x080036f0   0x0000002e   Code   RO          232    x$fpl$dflt          fz_wm.l(dflt_clz.o)
    0x0800371e   0x0800371e   0x00000002   PAD
    0x08003720   0x08003720   0x00000078   Code   RO          333    x$fpl$dgeqf         fz_wm.l(dgeqf.o)
    0x08003798   0x08003798   0x00000078   Code   RO          335    x$fpl$dleqf         fz_wm.l(dleqf.o)
    0x08003810   0x08003810   0x00000154   Code   RO          237    x$fpl$dmul          fz_wm.l(dmul.o)
    0x08003964   0x08003964   0x0000009c   Code   RO          337    x$fpl$dnaninf       fz_wm.l(dnaninf.o)
    0x08003a00   0x08003a00   0x0000000c   Code   RO          339    x$fpl$dretinf       fz_wm.l(dretinf.o)
    0x08003a0c   0x08003a0c   0x00000054   Code   RO          229    x$fpl$fcmp          fz_wm.l(dcmp.o)
    0x08003a60   0x08003a60   0x0000001a   Code   RO          510    x$fpl$fpinit        fz_wm.l(fpinit.o)
    0x08003a7a   0x08003a7a   0x00000004   Code   RO          341    x$fpl$printf1       fz_wm.l(printf1.o)
    0x08003a7e   0x08003a7e   0x00000004   Code   RO          343    x$fpl$printf2       fz_wm.l(printf2.o)
    0x08003a82   0x08003a82   0x00000000   Code   RO          349    x$fpl$usenofp       fz_wm.l(usenofp.o)
    0x08003a82   0x08003a82   0x00000002   PAD
    0x08003a84   0x08003a84   0x00000008   Data   RO          257    .constdata          c_w.l(_printf_wctomb.o)
    0x08003a8c   0x08003a8c   0x00000028   Data   RO          286    .constdata          c_w.l(_printf_hex_int_ll_ptr.o)
    0x08003ab4   0x08003ab4   0x00000011   Data   RO          306    .constdata          c_w.l(__printf_flags_ss_wp.o)
    0x08003ac5   0x08003ac5   0x00000026   Data   RO          374    .constdata          c_w.l(_printf_fp_hex.o)
    0x08003aeb   0x08003aeb   0x00000001   PAD
    0x08003aec   0x08003aec   0x00000094   Data   RO          399    .constdata          c_w.l(bigflt0.o)
    0x08003b80   0x08003b80   0x00000020   Data   RO          196    .rodata.HalfStep    motor.o
    0x08003ba0   0x08003ba0   0x000000c0   Data   RO           10    .rodata.str1.1      main.o
    0x08003c60   0x08003c60   0x00000020   Data   RO          585    Region$$Table       anon$$obj.o
    0x08003c80   0x08003c80   0x0000001c   Data   RO          425    locale$$data        c_w.l(lc_numeric_c.o)
    0x08003c9c   0x08003c9c   0x00000110   Data   RO          447    locale$$data        c_w.l(lc_ctype_c.o)


    Execution Region RW_IRAM1 (Exec base: 0x20000000, Load base: 0x08003db0, Size: 0x00000aa8, Max: 0x00018000, ABSOLUTE)

    Exec Addr    Load Addr    Size         Type   Attr      Idx    E Section Name        Object

    0x20000000   0x08003db0   0x00000004   Data   RW          116    .data.active        uart.o
    0x20000004   0x08003db4   0x00000001   Data   RW          193    .data.dire          motor.o
    0x20000005   0x08003db5   0x00000003   PAD
    0x20000008   0x08003db8   0x00000004   Data   RW          117    .data.pending       uart.o
    0x2000000c   0x08003dbc   0x00000004   Data   RW          115    .data.tx            uart.o
    0x20000010        -       0x00000060   Zero   RW          441    .bss                c_w.l(libspace.o)
    0x20000070        -       0x00000001   Zero   RW           11    .bss.Data_Receive   main.o
    0x20000071        -       0x00000100   Zero   RW            9    .bss.buffer         main.o
    0x20000171        -       0x00000100   Zero   RW          122    .bss.data_t_0       uart.o
    0x20000271        -       0x00000100   Zero   RW          123    .bss.data_t_1       uart.o
    0x20000371        -       0x00000001   Zero   RW            8    .bss.door_status    main.o
    0x20000372        -       0x00000001   Zero   RW          119    .bss.input_size     uart.o
    0x20000373        -       0x00000100   Zero   RW          120    .bss.inputs         uart.o
    0x20000473   0x08003dc0   0x00000001   PAD
    0x20000474        -       0x00000004   Zero   RW           50    .bss.lockout_t      systimer.o
    0x20000478        -       0x00000001   Zero   RW          194    .bss.mPoll          motor.o
    0x20000479        -       0x00000001   Zero   RW            7    .bss.message_pending  main.o
    0x2000047a   0x08003dc0   0x00000002   PAD
    0x2000047c        -       0x00000004   Zero   RW           49    .bss.msTicks        systimer.o
    0x20000480        -       0x00000001   Zero   RW          118    .bss.pending_size   uart.o
    0x20000481        -       0x00000001   Zero   RW          195    .bss.step           motor.o
    0x20000482   0x08003dc0   0x00000002   PAD
    0x20000484        -       0x00000004   Zero   RW          121    .bss.temp           uart.o
    0x20000488        -       0x00000004   Zero   RW          212    .bss.test           accelerometer.o
    0x2000048c        -       0x00000001   Zero   RW            6    .bss.user_priority  main.o
    0x2000048d   0x08003dc0   0x00000003   PAD
    0x20000490        -       0x00000008   Zero   RW          190    .bss.x              motor.o
    0x20000498        -       0x00000008   Zero   RW          191    .bss.y              motor.o
    0x200004a0        -       0x00000008   Zero   RW          192    .bss.z              motor.o
    0x200004a8        -       0x00000200   Zero   RW           20    HEAP                startup_stm32l476xx.o
    0x200006a8        -       0x00000400   Zero   RW           19    STACK               startup_stm32l476xx.o


==============================================================================

Image component sizes


      Code (inc. data)   RO Data    RW Data    ZI Data      Debug   Object Name

       256          0          0          0          4       1290   accelerometer.o
       536          0          0          0          0       6039   dma.o
      1030          0          0          0          0       3483   i2c.o
        90          0          0          0          0       1954   led.o
      1056          8        192          0        260       2682   main.o
       794         24         32          1         26       2628   motor.o
       736          0          0          0          0       2395   spi.o
       140         48        392          0       1536        908   startup_stm32l476xx.o
       466          0          0          0          0       2123   sysclock.o
       382          0          0          0          8       4474   systimer.o
      1094          0          0         12        774       7574   uart.o

    ----------------------------------------------------------------------
      6632         80        648         16       2616      35550   Object Totals
         0          0         32          0          0          0   (incl. Generated)
        52          0          0          3          8          0   (incl. Padding)

    ----------------------------------------------------------------------

      Code (inc. data)   RO Data    RW Data    ZI Data      Debug   Library Member Name

         8          0          0          0          0         68   __main.o
       398          4         17          0          0         92   __printf_flags_ss_wp.o
        14          0          0          0          0         68   __printf_wp.o
         0          0          0          0          0          0   __rtentry.o
        12          0          0          0          0          0   __rtentry2.o
         6          0          0          0          0          0   __rtentry4.o
        94          8          0          0          0          0   __scatter.o
        26          0          0          0          0          0   __scatter_copy.o
        28          0          0          0          0          0   __scatter_zi.o
        72          0          0          0          0         96   _c16rtomb.o
         6          0          0          0          0          0   _printf_a.o
         6          0          0          0          0          0   _printf_c.o
        44          0          0          0          0        108   _printf_char.o
        48          6          0          0          0         96   _printf_char_common.o
        40          0          0          0          0         68   _printf_charcount.o
         6          0          0          0          0          0   _printf_d.o
       120         16          0          0          0         92   _printf_dec.o
         6          0          0          0          0          0   _printf_e.o
         6          0          0          0          0          0   _printf_f.o
      1058          0          0          0          0        148   _printf_fp_dec.o
       770          8         38          0          0        100   _printf_fp_hex.o
       128         16          0          0          0         84   _printf_fp_infnan.o
         6          0          0          0          0          0   _printf_g.o
       148          4         40          0          0        160   _printf_hex_int_ll_ptr.o
         6          0          0          0          0          0   _printf_i.o
       178          0          0          0          0         88   _printf_intcommon.o
        10          0          0          0          0          0   _printf_l.o
         6          0          0          0          0          0   _printf_lc.o
        10          0          0          0          0          0   _printf_ll.o
         6          0          0          0          0          0   _printf_lld.o
         6          0          0          0          0          0   _printf_lli.o
         6          0          0          0          0          0   _printf_llo.o
         6          0          0          0          0          0   _printf_llu.o
         6          0          0          0          0          0   _printf_llx.o
       124         16          0          0          0         92   _printf_longlong_dec.o
         6          0          0          0          0          0   _printf_ls.o
         6          0          0          0          0          0   _printf_n.o
         6          0          0          0          0          0   _printf_o.o
       112          8          0          0          0        124   _printf_oct_int_ll.o
         6          0          0          0          0          0   _printf_p.o
        78          0          0          0          0        108   _printf_pad.o
         0          0          0          0          0          0   _printf_percent.o
         4          0          0          0          0          0   _printf_percent_end.o
         6          0          0          0          0          0   _printf_s.o
        82          0          0          0          0         80   _printf_str.o
        36          0          0          0          0         84   _printf_truncate.o
         6          0          0          0          0          0   _printf_u.o
        44          0          0          0          0        108   _printf_wchar.o
       194          6          8          0          0         92   _printf_wctomb.o
         6          0          0          0          0          0   _printf_x.o
        10          0          0          0          0         68   _sputc.o
       228          4        148          0          0         96   bigflt0.o
      1936        128          0          0          0        668   btod.o
        18          0          0          0          0         80   exit.o
         6          0          0          0          0        152   heapauxi.o
         0          0          0          0          0          0   indicate_semi.o
        44         10        272          0          0         76   lc_ctype_c.o
        44         10         28          0          0         76   lc_numeric_c.o
         2          0          0          0          0          0   libinit.o
        34          0          0          0          0          0   libinit2.o
         2          0          0          0          0          0   libshutdown.o
         2          0          0          0          0          0   libshutdown2.o
         8          4          0          0         96         68   libspace.o
       138          0          0          0          0         80   lludiv10.o
        16          4          0          0          0         76   rt_ctype_table.o
         8          4          0          0          0         68   rt_locale_intlibspace.o
         2          0          0          0          0          0   rtexit.o
        10          0          0          0          0          0   rtexit2.o
        44          6          0          0          0         84   sprintf.o
       124          0          0          0          0         88   strcmpv7em.o
        62          0          0          0          0         76   strlen.o
        12          4          0          0          0         68   sys_exit.o
        74          0          0          0          0         80   sys_stackheap_outer.o
         2          0          0          0          0         68   use_no_semi.o
        84          0          0          0          0        244   dcmp.o
        24          0          0          0          0        116   dcmpi.o
       120          4          0          0          0        140   deqf.o
        46          0          0          0          0        116   dflt_clz.o
       120          4          0          0          0        140   dgeqf.o
       120          4          0          0          0        140   dleqf.o
       340         12          0          0          0        152   dmul.o
       156          4          0          0          0        140   dnaninf.o
        12          0          0          0          0        116   dretinf.o
        26          0          0          0          0        116   fpinit.o
         4          0          0          0          0        116   printf1.o
         4          0          0          0          0        116   printf2.o
         0          0          0          0          0          0   usenofp.o
        48          0          0          0          0        124   fpclassify.o

    ----------------------------------------------------------------------
      7956        294        552          0         96       5704   Library Totals
        20          0          1          0          0          0   (incl. Padding)

    ----------------------------------------------------------------------

      Code (inc. data)   RO Data    RW Data    ZI Data      Debug   Library Name

      6832        266        551          0         96       3928   c_w.l
      1056         28          0          0          0       1652   fz_wm.l
        48          0          0          0          0        124   m_wm.l

    ----------------------------------------------------------------------
      7956        294        552          0         96       5704   Library Totals

    ----------------------------------------------------------------------

==============================================================================


      Code (inc. data)   RO Data    RW Data    ZI Data      Debug   

     14588        374       1200         16       2712      37962   Grand Totals
     14588        374       1200         16       2712      37962   ELF Image Totals
     14588        374       1200         16          0          0   ROM Totals

==============================================================================

    Total RO  Size (Code + RO Data)                15788 (  15.42kB)
    Total RW  Size (RW Data + ZI Data)              2728 (   2.66kB)
    Total ROM Size (Code + RO Data + RW Data)      15804 (  15.43kB)

==============================================================================

