<html>
<body>
<pre>
<h1>µVision Build Log</h1>
<h2>Tool Versions:</h2>
IDE-Version: µVision V5.39.0.0
Copyright (C) 2023 ARM Ltd and ARM Germany GmbH. All rights reserved.
License Information: john doe, none, LIC=----
 
Tool Versions:
Toolchain:       MDK-Lite  Version: 5.39.0.0
Toolchain Path:  C:\Keil_v5\ARM\ARMCLANG\Bin
C Compiler:      ArmClang.exe V6.21
Assembler:       Armasm.exe V6.21
Linker/Locator:  ArmLink.exe V6.21
Library Manager: ArmAr.exe V6.21
Hex Converter:   FromElf.exe V6.21
CPU DLL:         SARMCM3.DLL V5.39.0.0
Dialog DLL:      DCM.DLL V1.17.5.0
Target DLL:      STLink\ST-LINKIII-KEIL_SWO.dll V3.2.0.0
Dialog DLL:      TCM.DLL V1.56.4.0
 
<h2>Project:</h2>
C:\Users\VRMA02404222221D3-U1\Desktop\ECE-153B-Project-main\ECE-153B-Project-main\Template_Project\Part_B_and_C\project.uvprojx
Project File Date:  06/05/2024

<h2>Output:</h2>
*** Using Compiler 'V6.21', folder: 'C:\Keil_v5\ARM\ARMCLANG\Bin'
Build target 'Target 1'
src/UART.c(172): warning: declaration shadows a variable in the global scope [-Wshadow]
  172 | void setSRC_DMA_Channel(DMA_Channel_TypeDef * tx)
      |                                               ^
src/UART.c(17): note: previous declaration is here
   17 | static volatile DMA_Channel_TypeDef * tx = DMA1_Channel4;
      |                                       ^
src/UART.c(200): warning: comparison of integers of different signs: 'int' and 'unsigned int' [-Wsign-compare]
  200 |                 for (int I = 0; I < strlen(data); I++)
      |                                 ~ ^ ~~~~~~~~~~~~
src/UART.c(210): warning: comparison of integers of different signs: 'int' and 'unsigned int' [-Wsign-compare]
  210 |           for (int I = 0; I< strlen(data); I++)
      |                           ~^ ~~~~~~~~~~~~
src/UART.c(238): warning: passing 'volatile char[256]' to parameter of type 'char *' discards qualifiers [-Wincompatible-pointer-types-discards-qualifiers]
  238 |                 UART_onInput(inputs, input_size);
      |                              ^~~~~~
src/UART.h(35): note: passing argument to parameter 'inputs' here
   35 | void UART_onInput(char* inputs, uint32_t size);
      |                         ^
src/UART.c(226): warning: result of comparison of constant 256 with expression of type 'volatile uint8_t' (aka 'volatile unsigned char') is always true [-Wtautological-constant-out-of-range-compare]
  226 |         if (input_size < IO_SIZE)
      |             ~~~~~~~~~~ ^ ~~~~~~~
src/UART.c(201): warning: unsafe buffer access [-Wunsafe-buffer-usage]
  201 |                         active[I] = data[I];
      |                         ^~~~~~
src/UART.c(201): warning: unsafe buffer access [-Wunsafe-buffer-usage]
  201 |                         active[I] = data[I];
      |                                     ^~~~
src/UART.c(212): warning: unsafe buffer access [-Wunsafe-buffer-usage]
  212 |                   pending[pending_size] = data[I];
      |                   ^~~~~~~
src/UART.c(212): warning: unsafe buffer access [-Wunsafe-buffer-usage]
  212 |                   pending[pending_size] = data[I];
      |                                           ^~~~
src/UART.c(228): warning: unsafe buffer access [-Wunsafe-buffer-usage]
  228 |           inputs[input_size] = ch;
      |           ^~~~~~
10 warnings generated.
compiling UART.c...
linking...
Program Size: Code=9864 RO-data=1020 RW-data=16 ZI-data=2672  
FromELF: creating hex file...
".\Objects\project.axf" - 0 Error(s), 10 Warning(s).

<h2>Software Packages used:</h2>

Package Vendor: ARM
                http://www.keil.com/pack/ARM.CMSIS.5.9.0.pack
                ARM::CMSIS@5.9.0
                CMSIS (Common Microcontroller Software Interface Standard)
   * Component: CORE Version: 5.6.0

Package Vendor: Keil
                https://www.keil.com/pack/Keil.STM32L4xx_DFP.2.7.0.pack
                Keil::STM32L4xx_DFP@2.7.0
                STMicroelectronics STM32L4 Series Device Support, Drivers and Examples

<h2>Collection of Component include folders:</h2>
  ./RTE/_Target_1
  C:/Users/VRMA02404222221D3-U1/AppData/Local/Arm/Packs/ARM/CMSIS/5.9.0/CMSIS/Core/Include
  C:/Users/VRMA02404222221D3-U1/AppData/Local/Arm/Packs/Keil/STM32L4xx_DFP/2.7.0/Drivers/CMSIS/Device/ST/STM32L4xx/Include

<h2>Collection of Component Files used:</h2>

   * Component: ARM::CMSIS:CORE@5.6.0
Build Time Elapsed:  00:00:00
</pre>
</body>
</html>
