Component: Arm Compiler for Embedded 6.21 Tool: armlink [5ec1fa00]

==============================================================================

Section Cross References

    main.o(.text.main) refers to sysclock.o(.text.System_Clock_Init) for System_Clock_Init
    main.o(.text.main) refers to motor.o(.text.Motor_Init) for Motor_Init
    main.o(.text.main) refers to systimer.o(.text.SysTick_Init) for SysTick_Init
    main.o(.text.main) refers to uart.o(.text.UART2_GPIO_Init) for UART2_GPIO_Init
    main.o(.text.main) refers to uart.o(.text.UART2_Init) for UART2_Init
    main.o(.text.main) refers to uart.o(.text.USART_Init) for USART_Init
    main.o(.text.main) refers to motor.o(.text.setDire) for setDire
    main.o(.text.main) refers to main.o(.rodata.str1.1) for .L.str
    main.o(.text.main) refers to printf.o(.text) for printf
    main.o(.text.main) refers to main.o(.bss.data1) for data1
    main.o(.text.main) refers to scanf.o(.text) for scanf
    main.o(.ARM.exidx.text.main) refers to main.o(.text.main) for [Anonymous Symbol]
    startup_stm32l476xx.o(STACK) refers (Special) to heapauxi.o(.text) for __use_two_region_memory
    startup_stm32l476xx.o(HEAP) refers (Special) to heapauxi.o(.text) for __use_two_region_memory
    startup_stm32l476xx.o(RESET) refers (Special) to heapauxi.o(.text) for __use_two_region_memory
    startup_stm32l476xx.o(RESET) refers to startup_stm32l476xx.o(STACK) for __initial_sp
    startup_stm32l476xx.o(RESET) refers to startup_stm32l476xx.o(.text) for Reset_Handler
    startup_stm32l476xx.o(RESET) refers to systimer.o(.text.SysTick_Handler) for SysTick_Handler
    startup_stm32l476xx.o(.text) refers (Special) to heapauxi.o(.text) for __use_two_region_memory
    startup_stm32l476xx.o(.text) refers to __main.o(!!!main) for __main
    startup_stm32l476xx.o(.text) refers to startup_stm32l476xx.o(HEAP) for Heap_Mem
    startup_stm32l476xx.o(.text) refers to startup_stm32l476xx.o(STACK) for Stack_Mem
    sysclock.o(.ARM.exidx.text.System_Clock_Init) refers to sysclock.o(.text.System_Clock_Init) for [Anonymous Symbol]
    systimer.o(.text.SysTick_Init) refers to systimer.o(.text.__NVIC_EnableIRQ) for __NVIC_EnableIRQ
    systimer.o(.text.SysTick_Init) refers to systimer.o(.text.__NVIC_SetPriority) for __NVIC_SetPriority
    systimer.o(.ARM.exidx.text.SysTick_Init) refers to systimer.o(.text.SysTick_Init) for [Anonymous Symbol]
    systimer.o(.ARM.exidx.text.__NVIC_EnableIRQ) refers to systimer.o(.text.__NVIC_EnableIRQ) for [Anonymous Symbol]
    systimer.o(.ARM.exidx.text.__NVIC_SetPriority) refers to systimer.o(.text.__NVIC_SetPriority) for [Anonymous Symbol]
    systimer.o(.text.SysTick_Handler) refers to motor.o(.text.getDire) for getDire
    systimer.o(.text.SysTick_Handler) refers to motor.o(.text.rotate) for rotate
    systimer.o(.ARM.exidx.text.SysTick_Handler) refers to systimer.o(.text.SysTick_Handler) for [Anonymous Symbol]
    systimer.o(.ARM.exidx.text.delay) refers to systimer.o(.text.delay) for [Anonymous Symbol]
    uart.o(.ARM.exidx.text.UART1_Init) refers to uart.o(.text.UART1_Init) for [Anonymous Symbol]
    uart.o(.ARM.exidx.text.UART2_Init) refers to uart.o(.text.UART2_Init) for [Anonymous Symbol]
    uart.o(.ARM.exidx.text.UART1_GPIO_Init) refers to uart.o(.text.UART1_GPIO_Init) for [Anonymous Symbol]
    uart.o(.ARM.exidx.text.UART2_GPIO_Init) refers to uart.o(.text.UART2_GPIO_Init) for [Anonymous Symbol]
    uart.o(.ARM.exidx.text.USART_Init) refers to uart.o(.text.USART_Init) for [Anonymous Symbol]
    uart.o(.ARM.exidx.text.USART_Read) refers to uart.o(.text.USART_Read) for [Anonymous Symbol]
    uart.o(.text.USART_Write) refers to uart.o(.text.USART_Delay) for USART_Delay
    uart.o(.ARM.exidx.text.USART_Write) refers to uart.o(.text.USART_Write) for [Anonymous Symbol]
    uart.o(.ARM.exidx.text.USART_Delay) refers to uart.o(.text.USART_Delay) for [Anonymous Symbol]
    motor.o(.ARM.exidx.text.Motor_Init) refers to motor.o(.text.Motor_Init) for [Anonymous Symbol]
    motor.o(.text.rotate) refers to motor.o(.data.dire) for dire
    motor.o(.text.rotate) refers to motor.o(.bss.step) for step
    motor.o(.text.rotate) refers to motor.o(.rodata.HalfStep) for HalfStep
    motor.o(.ARM.exidx.text.rotate) refers to motor.o(.text.rotate) for [Anonymous Symbol]
    motor.o(.text.setDire) refers to motor.o(.data.dire) for dire
    motor.o(.ARM.exidx.text.setDire) refers to motor.o(.text.setDire) for [Anonymous Symbol]
    motor.o(.text.getDire) refers to motor.o(.data.dire) for dire
    motor.o(.ARM.exidx.text.getDire) refers to motor.o(.text.getDire) for [Anonymous Symbol]
    uart_printf.o(.text.fputc) refers to uart.o(.text.USART_Write) for USART_Write
    uart_printf.o(.ARM.exidx.text.fputc) refers to uart_printf.o(.text.fputc) for [Anonymous Symbol]
    uart_printf.o(.text.fgetc) refers to uart.o(.text.USART_Read) for USART_Read
[...]
    .text                                    0x08001e0a   Section        0  backspace.o(.text)
    .text                                    0x08001e52   Section        0  ferror.o(.text)
    .text                                    0x08001e5a   Section        0  _mbrtoc16.o(.text)
    .text                                    0x08001e9a   Section        0  _c16rtomb.o(.text)
    .text                                    0x08001ee2   Section       74  sys_stackheap_outer.o(.text)
    .text                                    0x08001f2c   Section       16  rt_ctype_table.o(.text)
    .text                                    0x08001f3c   Section        8  rt_locale_intlibspace.o(.text)
    .text                                    0x08001f44   Section        8  rt_errno_addr_intlibspace.o(.text)
    .text                                    0x08001f4c   Section       38  llshl.o(.text)
    .text                                    0x08001f72   Section        0  isspace.o(.text)
    .text                                    0x08001f84   Section        0  _printf_fp_infnan.o(.text)
    .text                                    0x08002004   Section        0  _scanf.o(.text)
    .text                                    0x08002380   Section        0  bigflt0.o(.text)
    .text                                    0x08002464   Section        0  ungetc.o(.text)
    .text                                    0x080024ac   Section        0  exit.o(.text)
    .text                                    0x080024c0   Section        8  libspace.o(.text)
    .text                                    0x080024c8   Section        0  _rserrno.o(.text)
    .text                                    0x080024e0   Section        0  scanf_hexfp.o(.text)
    .text                                    0x08002808   Section        0  scanf_infnan.o(.text)
    .text                                    0x08002948   Section      124  strcmpv7em.o(.text)
    .text                                    0x080029c4   Section        0  sys_exit.o(.text)
    .text                                    0x080029d0   Section        2  use_no_semi.o(.text)
    .text                                    0x080029d2   Section        0  indicate_semi.o(.text)
    [Anonymous Symbol]                       0x080029d4   Section        0  motor.o(.text.Motor_Init)
    [Anonymous Symbol]                       0x08002b28   Section        0  systimer.o(.text.SysTick_Handler)
    [Anonymous Symbol]                       0x08002b3c   Section        0  systimer.o(.text.SysTick_Init)
    [Anonymous Symbol]                       0x08002b98   Section        0  sysclock.o(.text.System_Clock_Init)
    [Anonymous Symbol]                       0x08002d6c   Section        0  uart.o(.text.UART2_GPIO_Init)
    [Anonymous Symbol]                       0x08002e3c   Section        0  uart.o(.text.UART2_Init)
    [Anonymous Symbol]                       0x08002e68   Section        0  uart.o(.text.USART_Delay)
    [Anonymous Symbol]                       0x08002e9c   Section        0  uart.o(.text.USART_Init)
    [Anonymous Symbol]                       0x08002efc   Section        0  uart.o(.text.USART_Read)
    [Anonymous Symbol]                       0x08002f1c   Section        0  uart.o(.text.USART_Write)
    __NVIC_EnableIRQ                         0x08002f81   Thumb Code    48  systimer.o(.text.__NVIC_EnableIRQ)
    [Anonymous Symbol]                       0x08002f80   Section        0  systimer.o(.text.__NVIC_EnableIRQ)
    __NVIC_SetPriority                       0x08002fb1   Thumb Code    66  systimer.o(.text.__NVIC_SetPriority)
    [Anonymous Symbol]                       0x08002fb0   Section        0  systimer.o(.text.__NVIC_SetPriority)
    [Anonymous Symbol]                       0x08002ff4   Section        0  uart_printf.o(.text.fgetc)
    [Anonymous Symbol]                       0x08003014   Section        0  uart_printf.o(.text.fputc)
    [Anonymous Symbol]                       0x0800303c   Section        0  motor.o(.text.getDire)
    [Anonymous Symbol]                       0x0800304c   Section        0  main.o(.text.main)
    [Anonymous Symbol]                       0x08003118   Section        0  motor.o(.text.rotate)
    [Anonymous Symbol]                       0x080031ac   Section        0  motor.o(.text.setDire)
    CL$$btod_d2e                             0x080031c4   Section       62  btod.o(CL$$btod_d2e)
    CL$$btod_d2e_denorm_low                  0x08003202   Section       70  btod.o(CL$$btod_d2e_denorm_low)
    CL$$btod_d2e_norm_op1                    0x08003248   Section       96  btod.o(CL$$btod_d2e_norm_op1)
    CL$$btod_div_common                      0x080032a8   Section      824  btod.o(CL$$btod_div_common)
    CL$$btod_e2d                             0x080035e0   Section      132  btod.o(CL$$btod_e2d)
    CL$$btod_e2e                             0x08003664   Section      220  btod.o(CL$$btod_e2e)
    CL$$btod_ediv                            0x08003740   Section       42  btod.o(CL$$btod_ediv)
    CL$$btod_edivd                           0x0800376a   Section       42  btod.o(CL$$btod_edivd)
    CL$$btod_emul                            0x08003794   Section       42  btod.o(CL$$btod_emul)
    CL$$btod_emuld                           0x080037be   Section       42  btod.o(CL$$btod_emuld)
    CL$$btod_mult_common                     0x080037e8   Section      580  btod.o(CL$$btod_mult_common)
    i.__ARM_fpclassify                       0x08003a2c   Section        0  fpclassify.o(i.__ARM_fpclassify)
    i.__hardfp___mathlib_tofloat             0x08003a60   Section        0  narrow.o(i.__hardfp___mathlib_tofloat)
    i.__hardfp_ldexp                         0x08003b58   Section        0  ldexp.o(i.__hardfp_ldexp)
    i.__mathlib_dbl_overflow                 0x08003c28   Section        0  dunder.o(i.__mathlib_dbl_overflow)
    i.__mathlib_dbl_underflow                0x08003c48   Section        0  dunder.o(i.__mathlib_dbl_underflow)
    i.__mathlib_narrow                       0x08003c68   Section        0  narrow.o(i.__mathlib_narrow)
    i.__support_ldexp                        0x08003c7a   Section        0  ldexp.o(i.__support_ldexp)
    i._is_digit                              0x08003c8e   Section        0  __printf_wp.o(i._is_digit)
    i.frexp                                  0x08003ca0   Section        0  frexp.o(i.frexp)
    locale$$code                             0x08003d2c   Section       44  lc_numeric_c.o(locale$$code)
    locale$$code                             0x08003d58   Section       44  lc_ctype_c.o(locale$$code)
    $v0                                      0x08003d84   Number         0  d2f.o(x$fpl$d2f)
    x$fpl$d2f                                0x08003d84   Section       98  d2f.o(x$fpl$d2f)
    $v0                                      0x08003de8   Number         0  dcheck1.o(x$fpl$dcheck1)
    x$fpl$dcheck1                            0x08003de8   Section       16  dcheck1.o(x$fpl$dcheck1)
    $v0                                      0x08003df8   Number         0  dcmpi.o(x$fpl$dcmpinf)
    x$fpl$dcmpinf                            0x08003df8   Section       24  dcmpi.o(x$fpl$dcmpinf)
    $v0                                      0x08003e10   Number         0  deqf.o(x$fpl$deqf)
    x$fpl$deqf                               0x08003e10   Section      120  deqf.o(x$fpl$deqf)
    $v0                                      0x08003e88   Number         0  dleqf.o(x$fpl$dleqf)
    x$fpl$dleqf                              0x08003e88   Section      120  dleqf.o(x$fpl$dleqf)
    $v0                                      0x08003f00   Number         0  dmul.o(x$fpl$dmul)
    x$fpl$dmul                               0x08003f00   Section      340  dmul.o(x$fpl$dmul)
    $v0                                      0x08004054   Number         0  dnaninf.o(x$fpl$dnaninf)
    x$fpl$dnaninf                            0x08004054   Section      156  dnaninf.o(x$fpl$dnaninf)
    $v0                                      0x080040f0   Number         0  dretinf.o(x$fpl$dretinf)
    x$fpl$dretinf                            0x080040f0   Section       12  dretinf.o(x$fpl$dretinf)
    $v0                                      0x080040fc   Number         0  drleqf.o(x$fpl$drleqf)
    x$fpl$drleqf                             0x080040fc   Section      108  drleqf.o(x$fpl$drleqf)
    $v0                                      0x08004168   Number         0  fpinit.o(x$fpl$fpinit)
    x$fpl$fpinit                             0x08004168   Section       26  fpinit.o(x$fpl$fpinit)
    $v0                                      0x08004182   Number         0  fretinf.o(x$fpl$fretinf)
    x$fpl$fretinf                            0x08004182   Section       10  fretinf.o(x$fpl$fretinf)
    $v0                                      0x0800418c   Number         0  istatus.o(x$fpl$ieeestatus)
    x$fpl$ieeestatus                         0x0800418c   Section        6  istatus.o(x$fpl$ieeestatus)
    $v0                                      0x08004192   Number         0  printf1.o(x$fpl$printf1)
    x$fpl$printf1                            0x08004192   Section        4  printf1.o(x$fpl$printf1)
    $v0                                      0x08004196   Number         0  printf2.o(x$fpl$printf2)
    x$fpl$printf2                            0x08004196   Section        4  printf2.o(x$fpl$printf2)
    $v0                                      0x0800419a   Number         0  retnan.o(x$fpl$retnan)
    x$fpl$retnan                             0x0800419a   Section      100  retnan.o(x$fpl$retnan)
    $v0                                      0x080041fe   Number         0  scalbn.o(x$fpl$scalbn)
    x$fpl$scalbn                             0x080041fe   Section       92  scalbn.o(x$fpl$scalbn)
    $v0                                      0x0800425a   Number         0  scanf1.o(x$fpl$scanf1)
    x$fpl$scanf1                             0x0800425a   Section        4  scanf1.o(x$fpl$scanf1)
    $v0                                      0x0800425e   Number         0  scanf2.o(x$fpl$scanf2)
    x$fpl$scanf2                             0x0800425e   Section        8  scanf2.o(x$fpl$scanf2)
    $v0                                      0x08004266   Number         0  trapv.o(x$fpl$trapveneer)
    x$fpl$trapveneer                         0x08004266   Section       48  trapv.o(x$fpl$trapveneer)
    x$fpl$usenofp                            0x08004296   Section        0  usenofp.o(x$fpl$usenofp)
    initial_mbstate                          0x08004298   Data           8  _printf_wctomb.o(.constdata)
    .constdata                               0x08004298   Section        8  _printf_wctomb.o(.constdata)
    uc_hextab                                0x080042a0   Data          20  _printf_hex_int_ll_ptr.o(.constdata)
    .constdata                               0x080042a0   Section       40  _printf_hex_int_ll_ptr.o(.constdata)
    lc_hextab                                0x080042b4   Data          20  _printf_hex_int_ll_ptr.o(.constdata)
    maptable                                 0x080042c8   Data          17  __printf_flags_ss_wp.o(.constdata)
    .constdata                               0x080042c8   Section       17  __printf_flags_ss_wp.o(.constdata)
    lc_hextab                                0x080042d9   Data          19  _printf_fp_hex.o(.constdata)
    .constdata                               0x080042d9   Section       38  _printf_fp_hex.o(.constdata)
    uc_hextab                                0x080042ec   Data          19  _printf_fp_hex.o(.constdata)
    tenpwrs_x                                0x08004300   Data          60  bigflt0.o(.constdata)
    .constdata                               0x08004300   Section      148  bigflt0.o(.constdata)
    tenpwrs_i                                0x0800433c   Data          64  bigflt0.o(.constdata)
    HalfStep                                 0x08004394   Data          32  motor.o(.rodata.HalfStep)
    [Anonymous Symbol]                       0x08004394   Section        0  motor.o(.rodata.HalfStep)
    .L.str                                   0x080043b4   Data          18  main.o(.rodata.str1.1)
    [Anonymous Symbol]                       0x080043b4   Section        0  main.o(.rodata.str1.1)
    .L.str.2                                 0x080043c6   Data          11  main.o(.rodata.str1.1)
    .L.str.3                                 0x080043d1   Data          18  main.o(.rodata.str1.1)
    .L.str.4                                 0x080043e3   Data          10  main.o(.rodata.str1.1)
    .L.str.1                                 0x080043ed   Data           3  main.o(.rodata.str1.1)
    c$$dinf                                  0x08004410   Section        8  fpconst.o(c$$dinf)
    c$$dmax                                  0x08004418   Section        8  fpconst.o(c$$dmax)
    locale$$data                             0x08004420   Section       28  lc_numeric_c.o(locale$$data)
    __lcnum_c_name                           0x08004424   Data           2  lc_numeric_c.o(locale$$data)
    __lcnum_c_start                          0x0800442c   Data           0  lc_numeric_c.o(locale$$data)
    __lcnum_c_point                          0x08004438   Data           0  lc_numeric_c.o(locale$$data)
    __lcnum_c_thousands                      0x0800443a   Data           0  lc_numeric_c.o(locale$$data)
    __lcnum_c_grouping                       0x0800443b   Data           0  lc_numeric_c.o(locale$$data)
    __lcnum_c_end                            0x0800443c   Data           0  lc_numeric_c.o(locale$$data)
    locale$$data                             0x0800443c   Section      272  lc_ctype_c.o(locale$$data)
    __lcctype_c_name                         0x08004440   Data           2  lc_ctype_c.o(locale$$data)
    __lcctype_c_start                        0x08004448   Data           0  lc_ctype_c.o(locale$$data)
    __lcctype_c_end                          0x0800454c   Data           0  lc_ctype_c.o(locale$$data)
    dire                                     0x20000000   Data           1  motor.o(.data.dire)
    [Anonymous Symbol]                       0x20000000   Section        0  motor.o(.data.dire)
    .bss                                     0x20000008   Section       96  libspace.o(.bss)
    step                                     0x20000111   Data           1  motor.o(.bss.step)
    [Anonymous Symbol]                       0x20000111   Section        0  motor.o(.bss.step)
    Heap_Mem                                 0x20000118   Data         512  startup_stm32l476xx.o(HEAP)
    HEAP                                     0x20000118   Section      512  startup_stm32l476xx.o(HEAP)
    Stack_Mem                                0x20000318   Data        1024  startup_stm32l476xx.o(STACK)
    STACK                                    0x20000318   Section     1024  startup_stm32l476xx.o(STACK)
    __initial_sp                             0x20000718   Data           0  startup_stm32l476xx.o(STACK)

    Global Symbols

    Symbol Name                              Value     Ov Type        Size  Object(Section)

    BuildAttributes$$THM_ISAv4$E$P$D$K$B$S$7EM$VFPi3$EXTD16$VFPS$VFMA$PE$A:L22UL41UL21$X:L11$S22US41US21$IEEE1$IW$~IW$USESV6$~STKCKD$USESV7$~SHL$OTIME$ROPI$IEEEX$EBA8$UX$STANDARDLIB$REQ8$PRES8$EABIv2 0x00000000   Number         0  anon$$obj.o ABSOLUTE
    Image$$ER_IROM1$$RW$$Length              0x00000000   Number         0  anon$$obj.o ABSOLUTE
    Image$$ER_IROM1$$ZI$$Length              0x00000000   Number         0  anon$$obj.o ABSOLUTE
    Image$$RW_IRAM1$$RO$$Length              0x00000000   Number         0  anon$$obj.o ABSOLUTE
    _printf_flags                            0x00000000   Number         0  printf_stubs.o ABSOLUTE
    _printf_return_value                     0x00000000   Number         0  printf_stubs.o ABSOLUTE
    _printf_sizespec                         0x00000000   Number         0  printf_stubs.o ABSOLUTE
    _printf_widthprec                        0x00000000   Number         0  printf_stubs.o ABSOLUTE
    __ARM_exceptions_init                     - Undefined Weak Reference
    __alloca_initialize                       - Undefined Weak Reference
    __arm_preinit_                            - Undefined Weak Reference
    __arm_relocate_pie_                       - Undefined Weak Reference
    __cpp_initialize__aeabi_                  - Undefined Weak Reference
    __cxa_finalize                            - Undefined Weak Reference
    __sigvec_lookup                           - Undefined Weak Reference
    _atexit_init                              - Undefined Weak Reference
    _call_atexit_fns                          - Undefined Weak Reference
    _clock_init                               - Undefined Weak Reference
    _fp_trap_init                             - Undefined Weak Reference
    _fp_trap_shutdown                         - Undefined Weak Reference
    _get_lc_collate                           - Undefined Weak Reference
    _get_lc_monetary                          - Undefined Weak Reference
    _get_lc_time                              - Undefined Weak Reference
    _getenv_init                              - Undefined Weak Reference
    _handle_redirection                       - Undefined Weak Reference
    _init_alloc                               - Undefined Weak Reference
    _init_user_alloc                          - Undefined Weak Reference
    _initio                                   - Undefined Weak Reference
    _mutex_acquire                            - Undefined Weak Reference
    _mutex_release                            - Undefined Weak Reference
    _printf_mbtowc                            - Undefined Weak Reference
    _printf_wc                                - Undefined Weak Reference
    _rand_init                                - Undefined Weak Reference
    _signal_finish                            - Undefined Weak Reference
    _signal_init                              - Undefined Weak Reference
    _terminate_alloc                          - Undefined Weak Reference
    _terminate_user_alloc                     - Undefined Weak Reference
    _terminateio                              - Undefined Weak Reference
    Image$$RW_IRAM1$$Length                  0x00000008   Number         0  anon$$obj.o ABSOLUTE
    Image$$RW_IRAM1$$RW$$Length              0x00000008   Number         0  anon$$obj.o ABSOLUTE
    __Vectors_Size                           0x00000188   Number         0  startup_stm32l476xx.o ABSOLUTE
    Image$$RW_IRAM1$$ZI$$Length              0x00000710   Number         0  anon$$obj.o ABSOLUTE
    Image$$ER_IROM1$$RO$$Length              0x0000454c   Number         0  anon$$obj.o ABSOLUTE
    Image$$ER_IROM1$$RO$$Base                0x08000000   Number         0  anon$$obj.o ABSOLUTE
    Load$$ER_IROM1$$Base                     0x08000000   Number         0  anon$$obj.o ABSOLUTE
    __Vectors                                0x08000000   Data           4  startup_stm32l476xx.o(RESET)
    __Vectors_End                            0x08000188   Data           0  startup_stm32l476xx.o(RESET)
    __main                                   0x08000189   Thumb Code     8  __main.o(!!!main)
    __scatterload                            0x08000191   Thumb Code     0  __scatter.o(!!!scatter)
    __scatterload_rt2                        0x08000191   Thumb Code    84  __scatter.o(!!!scatter)
    __scatterload_rt2_thumb_only             0x08000191   Thumb Code     0  __scatter.o(!!!scatter)
    __scatterload_loop                       0x0800019b   Thumb Code     0  __scatter.o(!!!scatter)
    __scatterload_copy                       0x080001ed   Thumb Code    26  __scatter_copy.o(!!handler_copy)
    __scatterload_null                       0x08000209   Thumb Code     2  __scatter.o(!!handler_null)
    __scatterload_zeroinit                   0x0800020d   Thumb Code    28  __scatter_zi.o(!!handler_zi)
    _printf_n                                0x08000229   Thumb Code     0  _printf_n.o(.ARM.Collect$$_printf_percent$$00000001)
    _printf_percent                          0x08000229   Thumb Code     0  _printf_percent.o(.ARM.Collect$$_printf_percent$$00000000)
    _printf_p                                0x0800022f   Thumb Code     0  _printf_p.o(.ARM.Collect$$_printf_percent$$00000002)
    _printf_f                                0x08000235   Thumb Code     0  _printf_f.o(.ARM.Collect$$_printf_percent$$00000003)
    _printf_e                                0x0800023b   Thumb Code     0  _printf_e.o(.ARM.Collect$$_printf_percent$$00000004)
    _printf_g                                0x08000241   Thumb Code     0  _printf_g.o(.ARM.Collect$$_printf_percent$$00000005)
    _printf_a                                0x08000247   Thumb Code     0  _printf_a.o(.ARM.Collect$$_printf_percent$$00000006)
    _printf_ll                               0x0800024d   Thumb Code     0  _printf_ll.o(.ARM.Collect$$_printf_percent$$00000007)
    _printf_i                                0x08000257   Thumb Code     0  _printf_i.o(.ARM.Collect$$_printf_percent$$00000008)
    _printf_d                                0x0800025d   Thumb Code     0  _printf_d.o(.ARM.Collect$$_printf_percent$$00000009)
    _printf_u                                0x08000263   Thumb Code     0  _printf_u.o(.ARM.Collect$$_printf_percent$$0000000A)
    _printf_o                                0x08000269   Thumb Code     0  _printf_o.o(.ARM.Collect$$_printf_percent$$0000000B)
    _printf_x                                0x0800026f   Thumb Code     0  _printf_x.o(.ARM.Collect$$_printf_percent$$0000000C)
    _printf_lli                              0x08000275   Thumb Code     0  _printf_lli.o(.ARM.Collect$$_printf_percent$$0000000D)
    _printf_lld                              0x0800027b   Thumb Code     0  _printf_lld.o(.ARM.Collect$$_printf_percent$$0000000E)
    _printf_llu                              0x08000281   Thumb Code     0  _printf_llu.o(.ARM.Collect$$_printf_percent$$0000000F)
    _printf_llo                              0x08000287   Thumb Code     0  _printf_llo.o(.ARM.Collect$$_printf_percent$$00000010)
    _printf_llx                              0x0800028d   Thumb Code     0  _printf_llx.o(.ARM.Collect$$_printf_percent$$00000011)
    _printf_l                                0x08000293   Thumb Code     0  _printf_l.o(.ARM.Collect$$_printf_percent$$00000012)
    _printf_c                                0x0800029d   Thumb Code     0  _printf_c.o(.ARM.Collect$$_printf_percent$$00000013)
    _printf_s                                0x080002a3   Thumb Code     0  _printf_s.o(.ARM.Collect$$_printf_percent$$00000014)
    _printf_lc                               0x080002a9   Thumb Code     0  _printf_lc.o(.ARM.Collect$$_printf_percent$$00000015)
    _printf_ls                               0x080002af   Thumb Code     0  _printf_ls.o(.ARM.Collect$$_printf_percent$$00000016)
    _printf_percent_end                      0x080002b5   Thumb Code     0  _printf_percent_end.o(.ARM.Collect$$_printf_percent$$00000017)
    __rt_lib_init                            0x080002b9   Thumb Code     0  libinit.o(.ARM.Collect$$libinit$$00000000)
    __rt_lib_init_fp_1                       0x080002bb   Thumb Code     0  libinit2.o(.ARM.Collect$$libinit$$00000001)
    __rt_lib_init_heap_1                     0x080002bf   Thumb Code     0  libinit2.o(.ARM.Collect$$libinit$$0000000C)
    __rt_lib_init_lc_common                  0x080002bf   Thumb Code     0  libinit2.o(.ARM.Collect$$libinit$$00000011)
    __rt_lib_init_preinit_1                  0x080002bf   Thumb Code     0  libinit2.o(.ARM.Collect$$libinit$$00000006)
    __rt_lib_init_rand_1                     0x080002bf   Thumb Code     0  libinit2.o(.ARM.Collect$$libinit$$00000010)
    __rt_lib_init_relocate_pie_1             0x080002bf   Thumb Code     0  libinit2.o(.ARM.Collect$$libinit$$00000004)
    __rt_lib_init_user_alloc_1               0x080002bf   Thumb Code     0  libinit2.o(.ARM.Collect$$libinit$$0000000E)
    __rt_lib_init_lc_collate_1               0x080002c5   Thumb Code     0  libinit2.o(.ARM.Collect$$libinit$$00000013)
    __rt_lib_init_lc_ctype_2                 0x080002c5   Thumb Code     0  libinit2.o(.ARM.Collect$$libinit$$00000014)
    __rt_lib_init_lc_ctype_1                 0x080002d1   Thumb Code     0  libinit2.o(.ARM.Collect$$libinit$$00000015)
    __rt_lib_init_lc_monetary_1              0x080002d1   Thumb Code     0  libinit2.o(.ARM.Collect$$libinit$$00000017)
    __rt_lib_init_lc_numeric_2               0x080002d1   Thumb Code     0  libinit2.o(.ARM.Collect$$libinit$$00000018)
    __rt_lib_init_alloca_1                   0x080002db   Thumb Code     0  libinit2.o(.ARM.Collect$$libinit$$00000030)
    __rt_lib_init_argv_1                     0x080002db   Thumb Code     0  libinit2.o(.ARM.Collect$$libinit$$0000002E)
    __rt_lib_init_atexit_1                   0x080002db   Thumb Code     0  libinit2.o(.ARM.Collect$$libinit$$0000001D)
    __rt_lib_init_clock_1                    0x080002db   Thumb Code     0  libinit2.o(.ARM.Collect$$libinit$$00000023)
    __rt_lib_init_cpp_1                      0x080002db   Thumb Code     0  libinit2.o(.ARM.Collect$$libinit$$00000034)
    __rt_lib_init_exceptions_1               0x080002db   Thumb Code     0  libinit2.o(.ARM.Collect$$libinit$$00000032)
    __rt_lib_init_fp_trap_1                  0x080002db   Thumb Code     0  libinit2.o(.ARM.Collect$$libinit$$00000021)
    __rt_lib_init_getenv_1                   0x080002db   Thumb Code     0  libinit2.o(.ARM.Collect$$libinit$$00000025)
    __rt_lib_init_lc_numeric_1               0x080002db   Thumb Code     0  libinit2.o(.ARM.Collect$$libinit$$00000019)
    __rt_lib_init_lc_time_1                  0x080002db   Thumb Code     0  libinit2.o(.ARM.Collect$$libinit$$0000001B)
    __rt_lib_init_return                     0x080002db   Thumb Code     0  libinit2.o(.ARM.Collect$$libinit$$00000035)
    __rt_lib_init_signal_1                   0x080002db   Thumb Code     0  libinit2.o(.ARM.Collect$$libinit$$0000001F)
    __rt_lib_init_stdio_1                    0x080002db   Thumb Code     0  libinit2.o(.ARM.Collect$$libinit$$00000027)
    __rt_lib_shutdown                        0x080002dd   Thumb Code     0  libshutdown.o(.ARM.Collect$$libshutdown$$00000000)
    __rt_lib_shutdown_cpp_1                  0x080002df   Thumb Code     0  libshutdown2.o(.ARM.Collect$$libshutdown$$00000002)
    __rt_lib_shutdown_fp_trap_1              0x080002df   Thumb Code     0  libshutdown2.o(.ARM.Collect$$libshutdown$$00000007)
    __rt_lib_shutdown_heap_1                 0x080002df   Thumb Code     0  libshutdown2.o(.ARM.Collect$$libshutdown$$0000000F)
    __rt_lib_shutdown_return                 0x080002df   Thumb Code     0  libshutdown2.o(.ARM.Collect$$libshutdown$$00000010)
    __rt_lib_shutdown_signal_1               0x080002df   Thumb Code     0  libshutdown2.o(.ARM.Collect$$libshutdown$$0000000A)
    __rt_lib_shutdown_stdio_1                0x080002df   Thumb Code     0  libshutdown2.o(.ARM.Collect$$libshutdown$$00000004)
    __rt_lib_shutdown_user_alloc_1           0x080002df   Thumb Code     0  libshutdown2.o(.ARM.Collect$$libshutdown$$0000000C)
    __rt_entry                               0x080002e1   Thumb Code     0  __rtentry.o(.ARM.Collect$$rtentry$$00000000)
    __rt_entry_presh_1                       0x080002e1   Thumb Code     0  __rtentry2.o(.ARM.Collect$$rtentry$$00000002)
    __rt_entry_sh                            0x080002e1   Thumb Code     0  __rtentry4.o(.ARM.Collect$$rtentry$$00000004)
    __rt_entry_li                            0x080002e7   Thumb Code     0  __rtentry2.o(.ARM.Collect$$rtentry$$0000000A)
    __rt_entry_postsh_1                      0x080002e7   Thumb Code     0  __rtentry2.o(.ARM.Collect$$rtentry$$00000009)
    __rt_entry_main                          0x080002eb   Thumb Code     0  __rtentry2.o(.ARM.Collect$$rtentry$$0000000D)
    __rt_entry_postli_1                      0x080002eb   Thumb Code     0  __rtentry2.o(.ARM.Collect$$rtentry$$0000000C)
    __rt_exit                                0x080002f3   Thumb Code     0  rtexit.o(.ARM.Collect$$rtexit$$00000000)
    __rt_exit_ls                             0x080002f5   Thumb Code     0  rtexit2.o(.ARM.Collect$$rtexit$$00000003)
    __rt_exit_prels_1                        0x080002f5   Thumb Code     0  rtexit2.o(.ARM.Collect$$rtexit$$00000002)
    __rt_exit_exit                           0x080002f9   Thumb Code     0  rtexit2.o(.ARM.Collect$$rtexit$$00000004)
    Reset_Handler                            0x08000301   Thumb Code    62  startup_stm32l476xx.o(.text)
    NMI_Handler                              0x0800033f   Thumb Code     2  startup_stm32l476xx.o(.text)
    HardFault_Handler                        0x08000341   Thumb Code     2  startup_stm32l476xx.o(.text)
    MemManage_Handler                        0x08000343   Thumb Code     2  startup_stm32l476xx.o(.text)
    BusFault_Handler                         0x08000345   Thumb Code     2  startup_stm32l476xx.o(.text)
    UsageFault_Handler                       0x08000347   Thumb Code     2  startup_stm32l476xx.o(.text)
    SVC_Handler                              0x08000349   Thumb Code     2  startup_stm32l476xx.o(.text)
    DebugMon_Handler                         0x0800034b   Thumb Code     2  startup_stm32l476xx.o(.text)
    PendSV_Handler                           0x0800034d   Thumb Code     2  startup_stm32l476xx.o(.text)
    ADC1_2_IRQHandler                        0x08000351   Thumb Code     0  startup_stm32l476xx.o(.text)
    ADC3_IRQHandler                          0x08000351   Thumb Code     0  startup_stm32l476xx.o(.text)
    CAN1_RX0_IRQHandler                      0x08000351   Thumb Code     0  startup_stm32l476xx.o(.text)
    CAN1_RX1_IRQHandler                      0x08000351   Thumb Code     0  startup_stm32l476xx.o(.text)
    CAN1_SCE_IRQHandler                      0x08000351   Thumb Code     0  startup_stm32l476xx.o(.text)
    CAN1_TX_IRQHandler                       0x08000351   Thumb Code     0  startup_stm32l476xx.o(.text)
    COMP_IRQHandler                          0x08000351   Thumb Code     0  startup_stm32l476xx.o(.text)
    DFSDM0_IRQHandler                        0x08000351   Thumb Code     0  startup_stm32l476xx.o(.text)
    DFSDM1_IRQHandler                        0x08000351   Thumb Code     0  startup_stm32l476xx.o(.text)
    DFSDM2_IRQHandler                        0x08000351   Thumb Code     0  startup_stm32l476xx.o(.text)
    DFSDM3_IRQHandler                        0x08000351   Thumb Code     0  startup_stm32l476xx.o(.text)
    DMA1_Channel1_IRQHandler                 0x08000351   Thumb Code     0  startup_stm32l476xx.o(.text)
    DMA1_Channel2_IRQHandler                 0x08000351   Thumb Code     0  startup_stm32l476xx.o(.text)
    DMA1_Channel3_IRQHandler                 0x08000351   Thumb Code     0  startup_stm32l476xx.o(.text)
    DMA1_Channel4_IRQHandler                 0x08000351   Thumb Code     0  startup_stm32l476xx.o(.text)
    DMA1_Channel5_IRQHandler                 0x08000351   Thumb Code     0  startup_stm32l476xx.o(.text)
    DMA1_Channel6_IRQHandler                 0x08000351   Thumb Code     0  startup_stm32l476xx.o(.text)
    DMA1_Channel7_IRQHandler                 0x08000351   Thumb Code     0  startup_stm32l476xx.o(.text)
    DMA2_Channel1_IRQHandler                 0x08000351   Thumb Code     0  startup_stm32l476xx.o(.text)
    DMA2_Channel2_IRQHandler                 0x08000351   Thumb Code     0  startup_stm32l476xx.o(.text)
    DMA2_Channel3_IRQHandler                 0x08000351   Thumb Code     0  startup_stm32l476xx.o(.text)
    DMA2_Channel4_IRQHandler                 0x08000351   Thumb Code     0  startup_stm32l476xx.o(.text)
    DMA2_Channel5_IRQHandler                 0x08000351   Thumb Code     0  startup_stm32l476xx.o(.text)
    DMA2_Channel6_IRQHandler                 0x08000351   Thumb Code     0  startup_stm32l476xx.o(.text)
    DMA2_Channel7_IRQHandler                 0x08000351   Thumb Code     0  startup_stm32l476xx.o(.text)
    EXTI0_IRQHandler                         0x08000351   Thumb Code     0  startup_stm32l476xx.o(.text)
    EXTI15_10_IRQHandler                     0x08000351   Thumb Code     0  startup_stm32l476xx.o(.text)
    EXTI1_IRQHandler                         0x08000351   Thumb Code     0  startup_stm32l476xx.o(.text)
    EXTI2_IRQHandler                         0x08000351   Thumb Code     0  startup_stm32l476xx.o(.text)
    EXTI3_IRQHandler                         0x08000351   Thumb Code     0  startup_stm32l476xx.o(.text)
    EXTI4_IRQHandler                         0x08000351   Thumb Code     0  startup_stm32l476xx.o(.text)
    EXTI9_5_IRQHandler                       0x08000351   Thumb Code     0  startup_stm32l476xx.o(.text)
    FLASH_IRQHandler                         0x08000351   Thumb Code     0  startup_stm32l476xx.o(.text)
    FMC_IRQHandler                           0x08000351   Thumb Code     0  startup_stm32l476xx.o(.text)
    FPU_IRQHandler                           0x08000351   Thumb Code     0  startup_stm32l476xx.o(.text)
    I2C1_ER_IRQHandler                       0x08000351   Thumb Code     0  startup_stm32l476xx.o(.text)
    I2C1_EV_IRQHandler                       0x08000351   Thumb Code     0  startup_stm32l476xx.o(.text)
    I2C2_ER_IRQHandler                       0x08000351   Thumb Code     0  startup_stm32l476xx.o(.text)
    I2C2_EV_IRQHandler                       0x08000351   Thumb Code     0  startup_stm32l476xx.o(.text)
    I2C3_ER_IRQHandler                       0x08000351   Thumb Code     0  startup_stm32l476xx.o(.text)
    I2C3_EV_IRQHandler                       0x08000351   Thumb Code     0  startup_stm32l476xx.o(.text)
    LCD_IRQHandler                           0x08000351   Thumb Code     0  startup_stm32l476xx.o(.text)
    LPTIM1_IRQHandler                        0x08000351   Thumb Code     0  startup_stm32l476xx.o(.text)
    LPTIM2_IRQHandler                        0x08000351   Thumb Code     0  startup_stm32l476xx.o(.text)
    LPUART1_IRQHandler                       0x08000351   Thumb Code     0  startup_stm32l476xx.o(.text)
    OTG_FS_IRQHandler                        0x08000351   Thumb Code     0  startup_stm32l476xx.o(.text)
    PVD_PVM_IRQHandler                       0x08000351   Thumb Code     0  startup_stm32l476xx.o(.text)
    QUADSPI_IRQHandler                       0x08000351   Thumb Code     0  startup_stm32l476xx.o(.text)
    RCC_IRQHandler                           0x08000351   Thumb Code     0  startup_stm32l476xx.o(.text)
    RNG_IRQHandler                           0x08000351   Thumb Code     0  startup_stm32l476xx.o(.text)
    RTC_Alarm_IRQHandler                     0x08000351   Thumb Code     0  startup_stm32l476xx.o(.text)
    RTC_WKUP_IRQHandler                      0x08000351   Thumb Code     0  startup_stm32l476xx.o(.text)
    SAI1_IRQHandler                          0x08000351   Thumb Code     0  startup_stm32l476xx.o(.text)
    SAI2_IRQHandler                          0x08000351   Thumb Code     0  startup_stm32l476xx.o(.text)
    SDMMC1_IRQHandler                        0x08000351   Thumb Code     0  startup_stm32l476xx.o(.text)
    SPI1_IRQHandler                          0x08000351   Thumb Code     0  startup_stm32l476xx.o(.text)
    SPI2_IRQHandler                          0x08000351   Thumb Code     0  startup_stm32l476xx.o(.text)
    SPI3_IRQHandler                          0x08000351   Thumb Code     0  startup_stm32l476xx.o(.text)
    SWPMI1_IRQHandler                        0x08000351   Thumb Code     0  startup_stm32l476xx.o(.text)
    TAMP_STAMP_IRQHandler                    0x08000351   Thumb Code     0  startup_stm32l476xx.o(.text)
    TIM1_BRK_TIM15_IRQHandler                0x08000351   Thumb Code     0  startup_stm32l476xx.o(.text)
    TIM1_CC_IRQHandler                       0x08000351   Thumb Code     0  startup_stm32l476xx.o(.text)
    TIM1_TRG_COM_TIM17_IRQHandler            0x08000351   Thumb Code     0  startup_stm32l476xx.o(.text)
    TIM1_UP_TIM16_IRQHandler                 0x08000351   Thumb Code     0  startup_stm32l476xx.o(.text)
    TIM2_IRQHandler                          0x08000351   Thumb Code     0  startup_stm32l476xx.o(.text)
    TIM3_IRQHandler                          0x08000351   Thumb Code     0  startup_stm32l476xx.o(.text)
    TIM4_IRQHandler                          0x08000351   Thumb Code     0  startup_stm32l476xx.o(.text)
    TIM5_IRQHandler                          0x08000351   Thumb Code     0  startup_stm32l476xx.o(.text)
    TIM6_DAC_IRQHandler                      0x08000351   Thumb Code     0  startup_stm32l476xx.o(.text)
    TIM7_IRQHandler                          0x08000351   Thumb Code     0  startup_stm32l476xx.o(.text)
    TIM8_BRK_IRQHandler                      0x08000351   Thumb Code     0  startup_stm32l476xx.o(.text)
    TIM8_CC_IRQHandler                       0x08000351   Thumb Code     0  startup_stm32l476xx.o(.text)
    TIM8_TRG_COM_IRQHandler                  0x08000351   Thumb Code     0  startup_stm32l476xx.o(.text)
    TIM8_UP_IRQHandler                       0x08000351   Thumb Code     0  startup_stm32l476xx.o(.text)
    TSC_IRQHandler                           0x08000351   Thumb Code     0  startup_stm32l476xx.o(.text)
    UART4_IRQHandler                         0x08000351   Thumb Code     0  startup_stm32l476xx.o(.text)
    UART5_IRQHandler                         0x08000351   Thumb Code     0  startup_stm32l476xx.o(.text)
    USART1_IRQHandler                        0x08000351   Thumb Code     0  startup_stm32l476xx.o(.text)
    USART2_IRQHandler                        0x08000351   Thumb Code     0  startup_stm32l476xx.o(.text)
    USART3_IRQHandler                        0x08000351   Thumb Code     0  startup_stm32l476xx.o(.text)
    WWDG_IRQHandler                          0x08000351   Thumb Code     0  startup_stm32l476xx.o(.text)
    __user_initial_stackheap                 0x08000355   Thumb Code     0  startup_stm32l476xx.o(.text)
    printf                                   0x0800038d   Thumb Code    20  printf.o(.text)
    scanf                                    0x080003a5   Thumb Code    26  scanf.o(.text)
    __use_two_region_memory                  0x080003c5   Thumb Code     2  heapauxi.o(.text)
    __rt_heap_escrow$2region                 0x080003c7   Thumb Code     2  heapauxi.o(.text)
    __rt_heap_expand$2region                 0x080003c9   Thumb Code     2  heapauxi.o(.text)
    _printf_pre_padding                      0x080003cb   Thumb Code    44  _printf_pad.o(.text)
    _printf_post_padding                     0x080003f7   Thumb Code    34  _printf_pad.o(.text)
    _printf_truncate_signed                  0x08000419   Thumb Code    18  _printf_truncate.o(.text)
    _printf_truncate_unsigned                0x0800042b   Thumb Code    18  _printf_truncate.o(.text)
    _printf_str                              0x0800043d   Thumb Code    82  _printf_str.o(.text)
    _printf_int_dec                          0x08000491   Thumb Code   104  _printf_dec.o(.text)
    _printf_charcount                        0x08000509   Thumb Code    40  _printf_charcount.o(.text)
    _printf_char_file                        0x08000531   Thumb Code    32  _printf_char_file.o(.text)
    _printf_wctomb                           0x08000555   Thumb Code   182  _printf_wctomb.o(.text)
    _printf_longlong_dec                     0x08000619   Thumb Code   108  _printf_longlong_dec.o(.text)
    _printf_longlong_oct                     0x08000695   Thumb Code    68  _printf_oct_int_ll.o(.text)
    _printf_int_oct                          0x080006d9   Thumb Code    24  _printf_oct_int_ll.o(.text)
    _printf_ll_oct                           0x080006f1   Thumb Code    12  _printf_oct_int_ll.o(.text)
    _printf_longlong_hex                     0x08000705   Thumb Code    86  _printf_hex_int_ll_ptr.o(.text)
    _printf_int_hex                          0x0800075b   Thumb Code    28  _printf_hex_int_ll_ptr.o(.text)
    _printf_ll_hex                           0x08000777   Thumb Code    12  _printf_hex_int_ll_ptr.o(.text)
    _printf_hex_ptr                          0x08000783   Thumb Code    18  _printf_hex_int_ll_ptr.o(.text)
    __printf                                 0x08000799   Thumb Code   388  __printf_flags_ss_wp.o(.text)
    _scanf_longlong                          0x08000927   Thumb Code   342  _scanf_longlong.o(.text)
    _scanf_int                               0x08000a83   Thumb Code   332  _scanf_int.o(.text)
    _scanf_string                            0x08000bd5   Thumb Code   224  _scanf_str.o(.text)
    __vfscanf_char_file                      0x08000cbd   Thumb Code    16  scanf_char_file.o(.text)
    _scanf_mbtowc                            0x08000cd5   Thumb Code   276  _scanf_mbtowc.o(.text)
    _scanf_wctomb                            0x08000def   Thumb Code   232  _scanf_wctomb.o(.text)
    _scanf_wstring                           0x08000edd   Thumb Code   208  _scanf_wstr.o(.text)
    _ll_udiv10                               0x08000fb3   Thumb Code   138  lludiv10.o(.text)
    _printf_int_common                       0x0800103d   Thumb Code   178  _printf_intcommon.o(.text)
    _printf_fp_dec_real                      0x0800129f   Thumb Code   620  _printf_fp_dec.o(.text)
    _printf_fp_hex_real                      0x08001511   Thumb Code   756  _printf_fp_hex.o(.text)
    _printf_char_common                      0x0800181f   Thumb Code    32  _printf_char_common.o(.text)
    _printf_cs_common                        0x08001845   Thumb Code    20  _printf_char.o(.text)
    _printf_char                             0x08001859   Thumb Code    16  _printf_char.o(.text)
    _printf_string                           0x08001869   Thumb Code     8  _printf_char.o(.text)
    _printf_lcs_common                       0x08001871   Thumb Code    20  _printf_wchar.o(.text)
    _printf_wchar                            0x08001885   Thumb Code    16  _printf_wchar.o(.text)
    _printf_wstring                          0x08001895   Thumb Code     8  _printf_wchar.o(.text)
    _chval                                   0x0800189d   Thumb Code    28  _chval.o(.text)
    _scanf_really_real                       0x08001b05   Thumb Code   684  scanf_fp.o(.text)
    __vfscanf_char                           0x08001dcd   Thumb Code    24  scanf_char.o(.text)
    _scanf_wcharmap                          0x08001ded   Thumb Code    30  _scanf_wcharmap.o(.text)
    ___backspace$unlocked                    0x08001e0b   Thumb Code     2  backspace.o(.text)
    __backspace                              0x08001e0d   Thumb Code    70  backspace.o(.text)
    ferror                                   0x08001e53   Thumb Code     8  ferror.o(.text)
    _mbrtoc16                                0x08001e5b   Thumb Code    64  _mbrtoc16.o(.text)
    _mbrtowc                                 0x08001e5b   Thumb Code     0  _mbrtoc16.o(.text)
    _c16rtomb                                0x08001e9b   Thumb Code    72  _c16rtomb.o(.text)
    _wcrtomb                                 0x08001e9b   Thumb Code     0  _c16rtomb.o(.text)
    __user_setup_stackheap                   0x08001ee3   Thumb Code    74  sys_stackheap_outer.o(.text)
    __rt_ctype_table                         0x08001f2d   Thumb Code    16  rt_ctype_table.o(.text)
    __rt_locale                              0x08001f3d   Thumb Code     8  rt_locale_intlibspace.o(.text)
    __aeabi_errno_addr                       0x08001f45   Thumb Code     8  rt_errno_addr_intlibspace.o(.text)
    __errno$intlibspace                      0x08001f45   Thumb Code     0  rt_errno_addr_intlibspace.o(.text)
    __rt_errno_addr$intlibspace              0x08001f45   Thumb Code     0  rt_errno_addr_intlibspace.o(.text)
    __aeabi_llsl                             0x08001f4d   Thumb Code     0  llshl.o(.text)
    _ll_shift_l                              0x08001f4d   Thumb Code    38  llshl.o(.text)
    isspace                                  0x08001f73   Thumb Code    18  isspace.o(.text)
    _printf_fp_infnan                        0x08001f85   Thumb Code   112  _printf_fp_infnan.o(.text)
    __vfscanf                                0x08002005   Thumb Code   878  _scanf.o(.text)
    _btod_etento                             0x08002381   Thumb Code   224  bigflt0.o(.text)
    _ungetc_internal                         0x08002465   Thumb Code    60  ungetc.o(.text)
    ungetc                                   0x08002465   Thumb Code     0  ungetc.o(.text)
    exit                                     0x080024ad   Thumb Code    18  exit.o(.text)
    __user_libspace                          0x080024c1   Thumb Code     8  libspace.o(.text)
    __user_perproc_libspace                  0x080024c1   Thumb Code     0  libspace.o(.text)
    __user_perthread_libspace                0x080024c1   Thumb Code     0  libspace.o(.text)
    __read_errno                             0x080024c9   Thumb Code    10  _rserrno.o(.text)
    __set_errno                              0x080024d3   Thumb Code    12  _rserrno.o(.text)
    _scanf_really_hex_real                   0x080024e1   Thumb Code   786  scanf_hexfp.o(.text)
    _scanf_really_infnan                     0x08002809   Thumb Code   292  scanf_infnan.o(.text)
    strcmp                                   0x08002949   Thumb Code   124  strcmpv7em.o(.text)
    _sys_exit                                0x080029c5   Thumb Code     8  sys_exit.o(.text)
    __I$use$semihosting                      0x080029d1   Thumb Code     0  use_no_semi.o(.text)
    __use_no_semihosting_swi                 0x080029d1   Thumb Code     2  use_no_semi.o(.text)
    __semihosting_library_function           0x080029d3   Thumb Code     0  indicate_semi.o(.text)
    Motor_Init                               0x080029d5   Thumb Code   338  motor.o(.text.Motor_Init)
    SysTick_Handler                          0x08002b29   Thumb Code    20  systimer.o(.text.SysTick_Handler)
    SysTick_Init                             0x08002b3d   Thumb Code    90  systimer.o(.text.SysTick_Init)
    System_Clock_Init                        0x08002b99   Thumb Code   466  sysclock.o(.text.System_Clock_Init)
    UART2_GPIO_Init                          0x08002d6d   Thumb Code   206  uart.o(.text.UART2_GPIO_Init)
    UART2_Init                               0x08002e3d   Thumb Code    42  uart.o(.text.UART2_Init)
    USART_Delay                              0x08002e69   Thumb Code    50  uart.o(.text.USART_Delay)
    USART_Init                               0x08002e9d   Thumb Code    96  uart.o(.text.USART_Init)
    USART_Read                               0x08002efd   Thumb Code    30  uart.o(.text.USART_Read)
    USART_Write                              0x08002f1d   Thumb Code   100  uart.o(.text.USART_Write)
    fgetc                                    0x08002ff5   Thumb Code    30  uart_printf.o(.text.fgetc)
    fputc                                    0x08003015   Thumb Code    38  uart_printf.o(.text.fputc)
    getDire                                  0x0800303d   Thumb Code    14  motor.o(.text.getDire)
    main                                     0x0800304d   Thumb Code   204  main.o(.text.main)
    rotate                                   0x08003119   Thumb Code   148  motor.o(.text.rotate)
    setDire                                  0x080031ad   Thumb Code    24  motor.o(.text.setDire)
    _btod_d2e                                0x080031c5   Thumb Code    62  btod.o(CL$$btod_d2e)
    _d2e_denorm_low                          0x08003203   Thumb Code    70  btod.o(CL$$btod_d2e_denorm_low)
    _d2e_norm_op1                            0x08003249   Thumb Code    96  btod.o(CL$$btod_d2e_norm_op1)
    __btod_div_common                        0x080032a9   Thumb Code   696  btod.o(CL$$btod_div_common)
    _e2d                                     0x080035e1   Thumb Code   122  btod.o(CL$$btod_e2d)
    _e2e                                     0x08003665   Thumb Code   220  btod.o(CL$$btod_e2e)
    _btod_ediv                               0x08003741   Thumb Code    42  btod.o(CL$$btod_ediv)
    _btod_edivd                              0x0800376b   Thumb Code    42  btod.o(CL$$btod_edivd)
    _btod_emul                               0x08003795   Thumb Code    42  btod.o(CL$$btod_emul)
    _btod_emuld                              0x080037bf   Thumb Code    42  btod.o(CL$$btod_emuld)
    __btod_mult_common                       0x080037e9   Thumb Code   580  btod.o(CL$$btod_mult_common)
    __ARM_fpclassify                         0x08003a2d   Thumb Code    48  fpclassify.o(i.__ARM_fpclassify)
    __hardfp___mathlib_tofloat               0x08003a61   Thumb Code   232  narrow.o(i.__hardfp___mathlib_tofloat)
    __hardfp_ldexp                           0x08003b59   Thumb Code   200  ldexp.o(i.__hardfp_ldexp)
    __mathlib_dbl_overflow                   0x08003c29   Thumb Code    24  dunder.o(i.__mathlib_dbl_overflow)
    __mathlib_dbl_underflow                  0x08003c49   Thumb Code    24  dunder.o(i.__mathlib_dbl_underflow)
    __mathlib_narrow                         0x08003c69   Thumb Code    18  narrow.o(i.__mathlib_narrow)
    __support_ldexp                          0x08003c7b   Thumb Code    20  ldexp.o(i.__support_ldexp)
    _is_digit                                0x08003c8f   Thumb Code    14  __printf_wp.o(i._is_digit)
    frexp                                    0x08003ca1   Thumb Code   118  frexp.o(i.frexp)
    _get_lc_numeric                          0x08003d2d   Thumb Code    44  lc_numeric_c.o(locale$$code)
    _get_lc_ctype                            0x08003d59   Thumb Code    44  lc_ctype_c.o(locale$$code)
    __aeabi_d2f                              0x08003d85   Thumb Code     0  d2f.o(x$fpl$d2f)
    _d2f                                     0x08003d85   Thumb Code    98  d2f.o(x$fpl$d2f)
    __fpl_dcheck_NaN1                        0x08003de9   Thumb Code    10  dcheck1.o(x$fpl$dcheck1)
    __fpl_dcmp_Inf                           0x08003df9   Thumb Code    24  dcmpi.o(x$fpl$dcmpinf)
    __aeabi_cdcmpeq                          0x08003e11   Thumb Code     0  deqf.o(x$fpl$deqf)
    _dcmpeq                                  0x08003e11   Thumb Code   120  deqf.o(x$fpl$deqf)
    __aeabi_cdcmple                          0x08003e89   Thumb Code     0  dleqf.o(x$fpl$dleqf)
    _dcmple                                  0x08003e89   Thumb Code   120  dleqf.o(x$fpl$dleqf)
    __fpl_dcmple_InfNaN                      0x08003eeb   Thumb Code     0  dleqf.o(x$fpl$dleqf)
    __aeabi_dmul                             0x08003f01   Thumb Code     0  dmul.o(x$fpl$dmul)
    _dmul                                    0x08003f01   Thumb Code   332  dmul.o(x$fpl$dmul)
    __fpl_dnaninf                            0x08004055   Thumb Code   156  dnaninf.o(x$fpl$dnaninf)
    __fpl_dretinf                            0x080040f1   Thumb Code    12  dretinf.o(x$fpl$dretinf)
    __aeabi_cdrcmple                         0x080040fd   Thumb Code     0  drleqf.o(x$fpl$drleqf)
    _drcmple                                 0x080040fd   Thumb Code   108  drleqf.o(x$fpl$drleqf)
    _fp_init                                 0x08004169   Thumb Code    26  fpinit.o(x$fpl$fpinit)
    __fplib_config_fpu_vfp                   0x08004181   Thumb Code     0  fpinit.o(x$fpl$fpinit)
    __fplib_config_pureend_doubles           0x08004181   Thumb Code     0  fpinit.o(x$fpl$fpinit)
    __fpl_fretinf                            0x08004183   Thumb Code    10  fretinf.o(x$fpl$fretinf)
    __ieee_status                            0x0800418d   Thumb Code     6  istatus.o(x$fpl$ieeestatus)
    _printf_fp_dec                           0x08004193   Thumb Code     4  printf1.o(x$fpl$printf1)
    _printf_fp_hex                           0x08004197   Thumb Code     4  printf2.o(x$fpl$printf2)
    __fpl_return_NaN                         0x0800419b   Thumb Code   100  retnan.o(x$fpl$retnan)
    __ARM_scalbn                             0x080041ff   Thumb Code    92  scalbn.o(x$fpl$scalbn)
    _scanf_real                              0x0800425b   Thumb Code     4  scanf1.o(x$fpl$scanf1)
    _scanf_hex_real                          0x0800425f   Thumb Code     4  scanf2.o(x$fpl$scanf2)
    _scanf_infnan                            0x08004263   Thumb Code     4  scanf2.o(x$fpl$scanf2)
    __fpl_cmpreturn                          0x08004267   Thumb Code    48  trapv.o(x$fpl$trapveneer)
    __I$use$fp                               0x08004296   Number         0  usenofp.o(x$fpl$usenofp)
    Region$$Table$$Base                      0x080043f0   Number         0  anon$$obj.o(Region$$Table)
    Region$$Table$$Limit                     0x08004410   Number         0  anon$$obj.o(Region$$Table)
    __aeabi_HUGE_VAL                         0x08004410   Data           0  fpconst.o(c$$dinf)
    __aeabi_HUGE_VALL                        0x08004410   Data           0  fpconst.o(c$$dinf)
    __aeabi_INFINITY                         0x08004410   Data           0  fpconst.o(c$$dinf)
    __dInf                                   0x08004410   Data           0  fpconst.o(c$$dinf)
    __huge_val                               0x08004410   Data           0  fpconst.o(c$$dinf)
    __dbl_max                                0x08004418   Data           0  fpconst.o(c$$dmax)
    __ctype                                  0x08004449   Data           0  lc_ctype_c.o(locale$$data)
    Image$$ER_IROM1$$RO$$Limit               0x0800454c   Number         0  anon$$obj.o ABSOLUTE
    Image$$ER_IROM1$$RW$$Base                0x0800454c   Number         0  anon$$obj.o ABSOLUTE
    Image$$ER_IROM1$$RW$$Limit               0x0800454c   Number         0  anon$$obj.o ABSOLUTE
    Image$$ER_IROM1$$ZI$$Base                0x0800454c   Number         0  anon$$obj.o ABSOLUTE
    Image$$ER_IROM1$$ZI$$Limit               0x0800454c   Number         0  anon$$obj.o ABSOLUTE
    Load$$RW_IRAM1$$Base                     0x08004550   Number         0  anon$$obj.o ABSOLUTE
    Image$$RW_IRAM1$$Base                    0x20000000   Number         0  anon$$obj.o ABSOLUTE
    Image$$RW_IRAM1$$RO$$Base                0x20000000   Number         0  anon$$obj.o ABSOLUTE
    Image$$RW_IRAM1$$RW$$Base                0x20000000   Number         0  anon$$obj.o ABSOLUTE
    Image$$RW_IRAM1$$Limit                   0x20000008   Number         0  anon$$obj.o ABSOLUTE
    Image$$RW_IRAM1$$RW$$Limit               0x20000008   Number         0  anon$$obj.o ABSOLUTE
    Image$$RW_IRAM1$$ZI$$Base                0x20000008   Number         0  anon$$obj.o ABSOLUTE
    __libspace_start                         0x20000008   Data          96  libspace.o(.bss)
    __stdin                                  0x20000068   Data          84  uart_printf.o(.bss.__stdin)
    __temporary_stack_top$libspace           0x20000068   Data           0  libspace.o(.bss)
    __stdout                                 0x200000bc   Data          84  uart_printf.o(.bss.__stdout)
    data1                                    0x20000110   Data           1  main.o(.bss.data1)
    Image$$RW_IRAM1$$ZI$$Limit               0x20000718   Number         0  anon$$obj.o ABSOLUTE



==============================================================================

Memory Map of the image

  Image Entry point : 0x08000189

  Load Region LR_IROM1 (Base: 0x08000000, Size: 0x00004558, Max: 0x00100000, ABSOLUTE)

    Execution Region ER_IROM1 (Exec base: 0x08000000, Load base: 0x08000000, Size: 0x0000454c, Max: 0x00100000, ABSOLUTE)

    Exec Addr    Load Addr    Size         Type   Attr      Idx    E Section Name        Object

    0x08000000   0x08000000   0x00000188   Data   RO           14    RESET               startup_stm32l476xx.o
    0x08000188   0x08000188   0x00000008   Code   RO          108  * !!!main             c_w.l(__main.o)
    0x08000190   0x08000190   0x0000005c   Code   RO          587    !!!scatter          c_w.l(__scatter.o)
    0x080001ec   0x080001ec   0x0000001a   Code   RO          591    !!handler_copy      c_w.l(__scatter_copy.o)
    0x08000206   0x08000206   0x00000002   PAD
    0x08000208   0x08000208   0x00000002   Code   RO          588    !!handler_null      c_w.l(__scatter.o)
    0x0800020a   0x0800020a   0x00000002   PAD
    0x0800020c   0x0800020c   0x0000001c   Code   RO          593    !!handler_zi        c_w.l(__scatter_zi.o)
    0x08000228   0x08000228   0x00000000   Code   RO          190    .ARM.Collect$$_printf_percent$$00000000  c_w.l(_printf_percent.o)
    0x08000228   0x08000228   0x00000006   Code   RO          179    .ARM.Collect$$_printf_percent$$00000001  c_w.l(_printf_n.o)
    0x0800022e   0x0800022e   0x00000006   Code   RO          181    .ARM.Collect$$_printf_percent$$00000002  c_w.l(_printf_p.o)
    0x08000234   0x08000234   0x00000006   Code   RO          186    .ARM.Collect$$_printf_percent$$00000003  c_w.l(_printf_f.o)
    0x0800023a   0x0800023a   0x00000006   Code   RO          187    .ARM.Collect$$_printf_percent$$00000004  c_w.l(_printf_e.o)
    0x08000240   0x08000240   0x00000006   Code   RO          188    .ARM.Collect$$_printf_percent$$00000005  c_w.l(_printf_g.o)
    0x08000246   0x08000246   0x00000006   Code   RO          189    .ARM.Collect$$_printf_percent$$00000006  c_w.l(_printf_a.o)
    0x0800024c   0x0800024c   0x0000000a   Code   RO          194    .ARM.Collect$$_printf_percent$$00000007  c_w.l(_printf_ll.o)
    0x08000256   0x08000256   0x00000006   Code   RO          183    .ARM.Collect$$_printf_percent$$00000008  c_w.l(_printf_i.o)
    0x0800025c   0x0800025c   0x00000006   Code   RO          184    .ARM.Collect$$_printf_percent$$00000009  c_w.l(_printf_d.o)
    0x08000262   0x08000262   0x00000006   Code   RO          185    .ARM.Collect$$_printf_percent$$0000000A  c_w.l(_printf_u.o)
    0x08000268   0x08000268   0x00000006   Code   RO          182    .ARM.Collect$$_printf_percent$$0000000B  c_w.l(_printf_o.o)
    0x0800026e   0x0800026e   0x00000006   Code   RO          180    .ARM.Collect$$_printf_percent$$0000000C  c_w.l(_printf_x.o)
    0x08000274   0x08000274   0x00000006   Code   RO          191    .ARM.Collect$$_printf_percent$$0000000D  c_w.l(_printf_lli.o)
    0x0800027a   0x0800027a   0x00000006   Code   RO          192    .ARM.Collect$$_printf_percent$$0000000E  c_w.l(_printf_lld.o)
    0x08000280   0x08000280   0x00000006   Code   RO          193    .ARM.Collect$$_printf_percent$$0000000F  c_w.l(_printf_llu.o)
    0x08000286   0x08000286   0x00000006   Code   RO          198    .ARM.Collect$$_printf_percent$$00000010  c_w.l(_printf_llo.o)
    0x0800028c   0x0800028c   0x00000006   Code   RO          199    .ARM.Collect$$_printf_percent$$00000011  c_w.l(_printf_llx.o)
    0x08000292   0x08000292   0x0000000a   Code   RO          195    .ARM.Collect$$_printf_percent$$00000012  c_w.l(_printf_l.o)
    0x0800029c   0x0800029c   0x00000006   Code   RO          177    .ARM.Collect$$_printf_percent$$00000013  c_w.l(_printf_c.o)
    0x080002a2   0x080002a2   0x00000006   Code   RO          178    .ARM.Collect$$_printf_percent$$00000014  c_w.l(_printf_s.o)
    0x080002a8   0x080002a8   0x00000006   Code   RO          196    .ARM.Collect$$_printf_percent$$00000015  c_w.l(_printf_lc.o)
    0x080002ae   0x080002ae   0x00000006   Code   RO          197    .ARM.Collect$$_printf_percent$$00000016  c_w.l(_printf_ls.o)
    0x080002b4   0x080002b4   0x00000004   Code   RO          256    .ARM.Collect$$_printf_percent$$00000017  c_w.l(_printf_percent_end.o)
    0x080002b8   0x080002b8   0x00000002   Code   RO          347    .ARM.Collect$$libinit$$00000000  c_w.l(libinit.o)
    0x080002ba   0x080002ba   0x00000004   Code   RO          389    .ARM.Collect$$libinit$$00000001  c_w.l(libinit2.o)
    0x080002be   0x080002be   0x00000000   Code   RO          392    .ARM.Collect$$libinit$$00000004  c_w.l(libinit2.o)
    0x080002be   0x080002be   0x00000000   Code   RO          394    .ARM.Collect$$libinit$$00000006  c_w.l(libinit2.o)
    0x080002be   0x080002be   0x00000000   Code   RO          397    .ARM.Collect$$libinit$$0000000C  c_w.l(libinit2.o)
    0x080002be   0x080002be   0x00000000   Code   RO          399    .ARM.Collect$$libinit$$0000000E  c_w.l(libinit2.o)
    0x080002be   0x080002be   0x00000000   Code   RO          401    .ARM.Collect$$libinit$$00000010  c_w.l(libinit2.o)
    0x080002be   0x080002be   0x00000006   Code   RO          402    .ARM.Collect$$libinit$$00000011  c_w.l(libinit2.o)
    0x080002c4   0x080002c4   0x00000000   Code   RO          404    .ARM.Collect$$libinit$$00000013  c_w.l(libinit2.o)
    0x080002c4   0x080002c4   0x0000000c   Code   RO          405    .ARM.Collect$$libinit$$00000014  c_w.l(libinit2.o)
    0x080002d0   0x080002d0   0x00000000   Code   RO          406    .ARM.Collect$$libinit$$00000015  c_w.l(libinit2.o)
    0x080002d0   0x080002d0   0x00000000   Code   RO          408    .ARM.Collect$$libinit$$00000017  c_w.l(libinit2.o)
    0x080002d0   0x080002d0   0x0000000a   Code   RO          409    .ARM.Collect$$libinit$$00000018  c_w.l(libinit2.o)
    0x080002da   0x080002da   0x00000000   Code   RO          410    .ARM.Collect$$libinit$$00000019  c_w.l(libinit2.o)
    0x080002da   0x080002da   0x00000000   Code   RO          412    .ARM.Collect$$libinit$$0000001B  c_w.l(libinit2.o)
    0x080002da   0x080002da   0x00000000   Code   RO          414    .ARM.Collect$$libinit$$0000001D  c_w.l(libinit2.o)
    0x080002da   0x080002da   0x00000000   Code   RO          416    .ARM.Collect$$libinit$$0000001F  c_w.l(libinit2.o)
    0x080002da   0x080002da   0x00000000   Code   RO          418    .ARM.Collect$$libinit$$00000021  c_w.l(libinit2.o)
    0x080002da   0x080002da   0x00000000   Code   RO          420    .ARM.Collect$$libinit$$00000023  c_w.l(libinit2.o)
    0x080002da   0x080002da   0x00000000   Code   RO          422    .ARM.Collect$$libinit$$00000025  c_w.l(libinit2.o)
    0x080002da   0x080002da   0x00000000   Code   RO          424    .ARM.Collect$$libinit$$00000027  c_w.l(libinit2.o)
    0x080002da   0x080002da   0x00000000   Code   RO          428    .ARM.Collect$$libinit$$0000002E  c_w.l(libinit2.o)
    0x080002da   0x080002da   0x00000000   Code   RO          430    .ARM.Collect$$libinit$$00000030  c_w.l(libinit2.o)
    0x080002da   0x080002da   0x00000000   Code   RO          432    .ARM.Collect$$libinit$$00000032  c_w.l(libinit2.o)
    0x080002da   0x080002da   0x00000000   Code   RO          434    .ARM.Collect$$libinit$$00000034  c_w.l(libinit2.o)
    0x080002da   0x080002da   0x00000002   Code   RO          435    .ARM.Collect$$libinit$$00000035  c_w.l(libinit2.o)
    0x080002dc   0x080002dc   0x00000002   Code   RO          489    .ARM.Collect$$libshutdown$$00000000  c_w.l(libshutdown.o)
    0x080002de   0x080002de   0x00000000   Code   RO          522    .ARM.Collect$$libshutdown$$00000002  c_w.l(libshutdown2.o)
    0x080002de   0x080002de   0x00000000   Code   RO          524    .ARM.Collect$$libshutdown$$00000004  c_w.l(libshutdown2.o)
    0x080002de   0x080002de   0x00000000   Code   RO          527    .ARM.Collect$$libshutdown$$00000007  c_w.l(libshutdown2.o)
    0x080002de   0x080002de   0x00000000   Code   RO          530    .ARM.Collect$$libshutdown$$0000000A  c_w.l(libshutdown2.o)
    0x080002de   0x080002de   0x00000000   Code   RO          532    .ARM.Collect$$libshutdown$$0000000C  c_w.l(libshutdown2.o)
    0x080002de   0x080002de   0x00000000   Code   RO          535    .ARM.Collect$$libshutdown$$0000000F  c_w.l(libshutdown2.o)
    0x080002de   0x080002de   0x00000002   Code   RO          536    .ARM.Collect$$libshutdown$$00000010  c_w.l(libshutdown2.o)
    0x080002e0   0x080002e0   0x00000000   Code   RO          110    .ARM.Collect$$rtentry$$00000000  c_w.l(__rtentry.o)
    0x080002e0   0x080002e0   0x00000000   Code   RO          225    .ARM.Collect$$rtentry$$00000002  c_w.l(__rtentry2.o)
    0x080002e0   0x080002e0   0x00000006   Code   RO          237    .ARM.Collect$$rtentry$$00000004  c_w.l(__rtentry4.o)
    0x080002e6   0x080002e6   0x00000000   Code   RO          227    .ARM.Collect$$rtentry$$00000009  c_w.l(__rtentry2.o)
    0x080002e6   0x080002e6   0x00000004   Code   RO          228    .ARM.Collect$$rtentry$$0000000A  c_w.l(__rtentry2.o)
    0x080002ea   0x080002ea   0x00000000   Code   RO          230    .ARM.Collect$$rtentry$$0000000C  c_w.l(__rtentry2.o)
    0x080002ea   0x080002ea   0x00000008   Code   RO          231    .ARM.Collect$$rtentry$$0000000D  c_w.l(__rtentry2.o)
    0x080002f2   0x080002f2   0x00000002   Code   RO          374    .ARM.Collect$$rtexit$$00000000  c_w.l(rtexit.o)
    0x080002f4   0x080002f4   0x00000000   Code   RO          449    .ARM.Collect$$rtexit$$00000002  c_w.l(rtexit2.o)
    0x080002f4   0x080002f4   0x00000004   Code   RO          450    .ARM.Collect$$rtexit$$00000003  c_w.l(rtexit2.o)
    0x080002f8   0x080002f8   0x00000006   Code   RO          451    .ARM.Collect$$rtexit$$00000004  c_w.l(rtexit2.o)
    0x080002fe   0x080002fe   0x00000002   PAD
    0x08000300   0x08000300   0x0000008c   Code   RO           15    .text               startup_stm32l476xx.o
    0x0800038c   0x0800038c   0x00000018   Code   RO          102    .text               c_w.l(printf.o)
    0x080003a4   0x080003a4   0x00000020   Code   RO          104    .text               c_w.l(scanf.o)
    0x080003c4   0x080003c4   0x00000006   Code   RO          106    .text               c_w.l(heapauxi.o)
    0x080003ca   0x080003ca   0x0000004e   Code   RO          113    .text               c_w.l(_printf_pad.o)
    0x08000418   0x08000418   0x00000024   Code   RO          115    .text               c_w.l(_printf_truncate.o)
    0x0800043c   0x0800043c   0x00000052   Code   RO          117    .text               c_w.l(_printf_str.o)
    0x0800048e   0x0800048e   0x00000002   PAD
    0x08000490   0x08000490   0x00000078   Code   RO          119    .text               c_w.l(_printf_dec.o)
    0x08000508   0x08000508   0x00000028   Code   RO          121    .text               c_w.l(_printf_charcount.o)
    0x08000530   0x08000530   0x00000024   Code   RO          123    .text               c_w.l(_printf_char_file.o)
    0x08000554   0x08000554   0x000000c2   Code   RO          125    .text               c_w.l(_printf_wctomb.o)
    0x08000616   0x08000616   0x00000002   PAD
    0x08000618   0x08000618   0x0000007c   Code   RO          128    .text               c_w.l(_printf_longlong_dec.o)
    0x08000694   0x08000694   0x00000070   Code   RO          134    .text               c_w.l(_printf_oct_int_ll.o)
    0x08000704   0x08000704   0x00000094   Code   RO          154    .text               c_w.l(_printf_hex_int_ll_ptr.o)
    0x08000798   0x08000798   0x0000018e   Code   RO          174    .text               c_w.l(__printf_flags_ss_wp.o)
    0x08000926   0x08000926   0x0000015c   Code   RO          200    .text               c_w.l(_scanf_longlong.o)
    0x08000a82   0x08000a82   0x00000152   Code   RO          202    .text               c_w.l(_scanf_int.o)
    0x08000bd4   0x08000bd4   0x000000e6   Code   RO          204    .text               c_w.l(_scanf_str.o)
    0x08000cba   0x08000cba   0x00000002   PAD
    0x08000cbc   0x08000cbc   0x00000018   Code   RO          206    .text               c_w.l(scanf_char_file.o)
    0x08000cd4   0x08000cd4   0x0000011a   Code   RO          208    .text               c_w.l(_scanf_mbtowc.o)
    0x08000dee   0x08000dee   0x000000ee   Code   RO          210    .text               c_w.l(_scanf_wctomb.o)
    0x08000edc   0x08000edc   0x000000d6   Code   RO          212    .text               c_w.l(_scanf_wstr.o)
    0x08000fb2   0x08000fb2   0x0000008a   Code   RO          239    .text               c_w.l(lludiv10.o)
    0x0800103c   0x0800103c   0x000000b2   Code   RO          241    .text               c_w.l(_printf_intcommon.o)
    0x080010ee   0x080010ee   0x00000422   Code   RO          243    .text               c_w.l(_printf_fp_dec.o)
    0x08001510   0x08001510   0x00000302   Code   RO          247    .text               c_w.l(_printf_fp_hex.o)
    0x08001812   0x08001812   0x00000002   PAD
    0x08001814   0x08001814   0x00000030   Code   RO          250    .text               c_w.l(_printf_char_common.o)
    0x08001844   0x08001844   0x0000002c   Code   RO          252    .text               c_w.l(_printf_char.o)
    0x08001870   0x08001870   0x0000002c   Code   RO          254    .text               c_w.l(_printf_wchar.o)
    0x0800189c   0x0800189c   0x0000001c   Code   RO          257    .text               c_w.l(_chval.o)
    0x080018b8   0x080018b8   0x00000508   Code   RO          259    .text               c_w.l(scanf_fp.o)
    0x08001dc0   0x08001dc0   0x0000002c   Code   RO          263    .text               c_w.l(scanf_char.o)
    0x08001dec   0x08001dec   0x0000001e   Code   RO          265    .text               c_w.l(_scanf_wcharmap.o)
    0x08001e0a   0x08001e0a   0x00000048   Code   RO          267    .text               c_w.l(backspace.o)
    0x08001e52   0x08001e52   0x00000008   Code   RO          269    .text               c_w.l(ferror.o)
    0x08001e5a   0x08001e5a   0x00000040   Code   RO          275    .text               c_w.l(_mbrtoc16.o)
    0x08001e9a   0x08001e9a   0x00000048   Code   RO          277    .text               c_w.l(_c16rtomb.o)
    0x08001ee2   0x08001ee2   0x0000004a   Code   RO          279    .text               c_w.l(sys_stackheap_outer.o)
    0x08001f2c   0x08001f2c   0x00000010   Code   RO          281    .text               c_w.l(rt_ctype_table.o)
    0x08001f3c   0x08001f3c   0x00000008   Code   RO          286    .text               c_w.l(rt_locale_intlibspace.o)
    0x08001f44   0x08001f44   0x00000008   Code   RO          291    .text               c_w.l(rt_errno_addr_intlibspace.o)
    0x08001f4c   0x08001f4c   0x00000026   Code   RO          293    .text               c_w.l(llshl.o)
    0x08001f72   0x08001f72   0x00000012   Code   RO          295    .text               c_w.l(isspace.o)
    0x08001f84   0x08001f84   0x00000080   Code   RO          297    .text               c_w.l(_printf_fp_infnan.o)
    0x08002004   0x08002004   0x0000037a   Code   RO          301    .text               c_w.l(_scanf.o)
    0x0800237e   0x0800237e   0x00000002   PAD
    0x08002380   0x08002380   0x000000e4   Code   RO          303    .text               c_w.l(bigflt0.o)
    0x08002464   0x08002464   0x00000048   Code   RO          333    .text               c_w.l(ungetc.o)
    0x080024ac   0x080024ac   0x00000012   Code   RO          338    .text               c_w.l(exit.o)
    0x080024be   0x080024be   0x00000002   PAD
    0x080024c0   0x080024c0   0x00000008   Code   RO          371    .text               c_w.l(libspace.o)
    0x080024c8   0x080024c8   0x00000016   Code   RO          376    .text               c_w.l(_rserrno.o)
    0x080024de   0x080024de   0x00000002   PAD
    0x080024e0   0x080024e0   0x00000326   Code   RO          378    .text               c_w.l(scanf_hexfp.o)
    0x08002806   0x08002806   0x00000002   PAD
    0x08002808   0x08002808   0x0000013a   Code   RO          380    .text               c_w.l(scanf_infnan.o)
    0x08002942   0x08002942   0x00000006   PAD
    0x08002948   0x08002948   0x0000007c   Code   RO          387    .text               c_w.l(strcmpv7em.o)
    0x080029c4   0x080029c4   0x0000000c   Code   RO          479    .text               c_w.l(sys_exit.o)
    0x080029d0   0x080029d0   0x00000002   Code   RO          512    .text               c_w.l(use_no_semi.o)
    0x080029d2   0x080029d2   0x00000000   Code   RO          514    .text               c_w.l(indicate_semi.o)
    0x080029d2   0x080029d2   0x00000002   PAD
    0x080029d4   0x080029d4   0x00000152   Code   RO           70    .text.Motor_Init    motor.o
    0x08002b26   0x08002b26   0x00000002   PAD
    0x08002b28   0x08002b28   0x00000014   Code   RO           36    .text.SysTick_Handler  systimer.o
    0x08002b3c   0x08002b3c   0x0000005a   Code   RO           30    .text.SysTick_Init  systimer.o
    0x08002b96   0x08002b96   0x00000002   PAD
    0x08002b98   0x08002b98   0x000001d2   Code   RO           22    .text.System_Clock_Init  sysclock.o
    0x08002d6a   0x08002d6a   0x00000002   PAD
    0x08002d6c   0x08002d6c   0x000000ce   Code   RO           53    .text.UART2_GPIO_Init  uart.o
    0x08002e3a   0x08002e3a   0x00000002   PAD
    0x08002e3c   0x08002e3c   0x0000002a   Code   RO           49    .text.UART2_Init    uart.o
    0x08002e66   0x08002e66   0x00000002   PAD
    0x08002e68   0x08002e68   0x00000032   Code   RO           61    .text.USART_Delay   uart.o
    0x08002e9a   0x08002e9a   0x00000002   PAD
    0x08002e9c   0x08002e9c   0x00000060   Code   RO           55    .text.USART_Init    uart.o
    0x08002efc   0x08002efc   0x0000001e   Code   RO           57    .text.USART_Read    uart.o
    0x08002f1a   0x08002f1a   0x00000002   PAD
    0x08002f1c   0x08002f1c   0x00000064   Code   RO           59    .text.USART_Write   uart.o
    0x08002f80   0x08002f80   0x00000030   Code   RO           32    .text.__NVIC_EnableIRQ  systimer.o
    0x08002fb0   0x08002fb0   0x00000042   Code   RO           34    .text.__NVIC_SetPriority  systimer.o
    0x08002ff2   0x08002ff2   0x00000002   PAD
    0x08002ff4   0x08002ff4   0x0000001e   Code   RO           90    .text.fgetc         uart_printf.o
    0x08003012   0x08003012   0x00000002   PAD
    0x08003014   0x08003014   0x00000026   Code   RO           88    .text.fputc         uart_printf.o
    0x0800303a   0x0800303a   0x00000002   PAD
    0x0800303c   0x0800303c   0x0000000e   Code   RO           76    .text.getDire       motor.o
    0x0800304a   0x0800304a   0x00000002   PAD
    0x0800304c   0x0800304c   0x000000cc   Code   RO            2    .text.main          main.o
    0x08003118   0x08003118   0x00000094   Code   RO           72    .text.rotate        motor.o
    0x080031ac   0x080031ac   0x00000018   Code   RO           74    .text.setDire       motor.o
    0x080031c4   0x080031c4   0x0000003e   Code   RO          306    CL$$btod_d2e        c_w.l(btod.o)
    0x08003202   0x08003202   0x00000046   Code   RO          308    CL$$btod_d2e_denorm_low  c_w.l(btod.o)
    0x08003248   0x08003248   0x00000060   Code   RO          307    CL$$btod_d2e_norm_op1  c_w.l(btod.o)
    0x080032a8   0x080032a8   0x00000338   Code   RO          316    CL$$btod_div_common  c_w.l(btod.o)
    0x080035e0   0x080035e0   0x00000084   Code   RO          314    CL$$btod_e2d        c_w.l(btod.o)
    0x08003664   0x08003664   0x000000dc   Code   RO          313    CL$$btod_e2e        c_w.l(btod.o)
    0x08003740   0x08003740   0x0000002a   Code   RO          310    CL$$btod_ediv       c_w.l(btod.o)
    0x0800376a   0x0800376a   0x0000002a   Code   RO          312    CL$$btod_edivd      c_w.l(btod.o)
    0x08003794   0x08003794   0x0000002a   Code   RO          309    CL$$btod_emul       c_w.l(btod.o)
    0x080037be   0x080037be   0x0000002a   Code   RO          311    CL$$btod_emuld      c_w.l(btod.o)
    0x080037e8   0x080037e8   0x00000244   Code   RO          315    CL$$btod_mult_common  c_w.l(btod.o)
    0x08003a2c   0x08003a2c   0x00000030   Code   RO          361    i.__ARM_fpclassify  m_wm.l(fpclassify.o)
    0x08003a5c   0x08003a5c   0x00000004   PAD
    0x08003a60   0x08003a60   0x000000f8   Code   RO          363    i.__hardfp___mathlib_tofloat  m_wm.l(narrow.o)
    0x08003b58   0x08003b58   0x000000d0   Code   RO          471    i.__hardfp_ldexp    m_wm.l(ldexp.o)
    0x08003c28   0x08003c28   0x00000020   Code   RO          498    i.__mathlib_dbl_overflow  m_wm.l(dunder.o)
    0x08003c48   0x08003c48   0x00000020   Code   RO          500    i.__mathlib_dbl_underflow  m_wm.l(dunder.o)
    0x08003c68   0x08003c68   0x00000012   Code   RO          364    i.__mathlib_narrow  m_wm.l(narrow.o)
    0x08003c7a   0x08003c7a   0x00000014   Code   RO          473    i.__support_ldexp   m_wm.l(ldexp.o)
    0x08003c8e   0x08003c8e   0x0000000e   Code   RO          167    i._is_digit         c_w.l(__printf_wp.o)
    0x08003c9c   0x08003c9c   0x00000004   PAD
    0x08003ca0   0x08003ca0   0x0000008c   Code   RO          444    i.frexp             m_wm.l(frexp.o)
    0x08003d2c   0x08003d2c   0x0000002c   Code   RO          336    locale$$code        c_w.l(lc_numeric_c.o)
    0x08003d58   0x08003d58   0x0000002c   Code   RO          385    locale$$code        c_w.l(lc_ctype_c.o)
    0x08003d84   0x08003d84   0x00000062   Code   RO          436    x$fpl$d2f           fz_wm.l(d2f.o)
    0x08003de6   0x08003de6   0x00000002   PAD
    0x08003de8   0x08003de8   0x00000010   Code   RO          543    x$fpl$dcheck1       fz_wm.l(dcheck1.o)
    0x08003df8   0x08003df8   0x00000018   Code   RO          459    x$fpl$dcmpinf       fz_wm.l(dcmpi.o)
    0x08003e10   0x08003e10   0x00000078   Code   RO          438    x$fpl$deqf          fz_wm.l(deqf.o)
    0x08003e88   0x08003e88   0x00000078   Code   RO          461    x$fpl$dleqf         fz_wm.l(dleqf.o)
    0x08003f00   0x08003f00   0x00000154   Code   RO          463    x$fpl$dmul          fz_wm.l(dmul.o)
    0x08004054   0x08004054   0x0000009c   Code   RO          465    x$fpl$dnaninf       fz_wm.l(dnaninf.o)
    0x080040f0   0x080040f0   0x0000000c   Code   RO          490    x$fpl$dretinf       fz_wm.l(dretinf.o)
    0x080040fc   0x080040fc   0x0000006c   Code   RO          440    x$fpl$drleqf        fz_wm.l(drleqf.o)
    0x08004168   0x08004168   0x0000001a   Code   RO          467    x$fpl$fpinit        fz_wm.l(fpinit.o)
    0x08004182   0x08004182   0x0000000a   Code   RO          469    x$fpl$fretinf       fz_wm.l(fretinf.o)
    0x0800418c   0x0800418c   0x00000006   Code   RO          352    x$fpl$ieeestatus    fz_wm.l(istatus.o)
    0x08004192   0x08004192   0x00000004   Code   RO          214    x$fpl$printf1       fz_wm.l(printf1.o)
    0x08004196   0x08004196   0x00000004   Code   RO          216    x$fpl$printf2       fz_wm.l(printf2.o)
    0x0800419a   0x0800419a   0x00000064   Code   RO          555    x$fpl$retnan        fz_wm.l(retnan.o)
    0x080041fe   0x080041fe   0x0000005c   Code   RO          492    x$fpl$scalbn        fz_wm.l(scalbn.o)
    0x0800425a   0x0800425a   0x00000004   Code   RO          222    x$fpl$scanf1        fz_wm.l(scanf1.o)
    0x0800425e   0x0800425e   0x00000008   Code   RO          354    x$fpl$scanf2        fz_wm.l(scanf2.o)
    0x08004266   0x08004266   0x00000030   Code   RO          561    x$fpl$trapveneer    fz_wm.l(trapv.o)
    0x08004296   0x08004296   0x00000000   Code   RO          360    x$fpl$usenofp       fz_wm.l(usenofp.o)
    0x08004296   0x08004296   0x00000002   PAD
    0x08004298   0x08004298   0x00000008   Data   RO          126    .constdata          c_w.l(_printf_wctomb.o)
    0x080042a0   0x080042a0   0x00000028   Data   RO          155    .constdata          c_w.l(_printf_hex_int_ll_ptr.o)
    0x080042c8   0x080042c8   0x00000011   Data   RO          175    .constdata          c_w.l(__printf_flags_ss_wp.o)
    0x080042d9   0x080042d9   0x00000026   Data   RO          248    .constdata          c_w.l(_printf_fp_hex.o)
    0x080042ff   0x080042ff   0x00000001   PAD
    0x08004300   0x08004300   0x00000094   Data   RO          304    .constdata          c_w.l(bigflt0.o)
    0x08004394   0x08004394   0x00000020   Data   RO           80    .rodata.HalfStep    motor.o
    0x080043b4   0x080043b4   0x0000003c   Data   RO            4    .rodata.str1.1      main.o
    0x080043f0   0x080043f0   0x00000020   Data   RO          586    Region$$Table       anon$$obj.o
    0x08004410   0x08004410   0x00000008   Data   RO          348    c$$dinf             fz_wm.l(fpconst.o)
    0x08004418   0x08004418   0x00000008   Data   RO          351    c$$dmax             fz_wm.l(fpconst.o)
    0x08004420   0x08004420   0x0000001c   Data   RO          335    locale$$data        c_w.l(lc_numeric_c.o)
    0x0800443c   0x0800443c   0x00000110   Data   RO          384    locale$$data        c_w.l(lc_ctype_c.o)


    Execution Region RW_IRAM1 (Exec base: 0x20000000, Load base: 0x08004550, Size: 0x00000718, Max: 0x00018000, ABSOLUTE)

    Exec Addr    Load Addr    Size         Type   Attr      Idx    E Section Name        Object

    0x20000000   0x08004550   0x00000001   Data   RW           78    .data.dire          motor.o
    0x20000001   0x08004551   0x00000007   PAD
    0x20000008        -       0x00000060   Zero   RW          372    .bss                c_w.l(libspace.o)
    0x20000068        -       0x00000054   Zero   RW           93    .bss.__stdin        uart_printf.o
    0x200000bc        -       0x00000054   Zero   RW           92    .bss.__stdout       uart_printf.o
    0x20000110        -       0x00000001   Zero   RW            5    .bss.data1          main.o
    0x20000111        -       0x00000001   Zero   RW           79    .bss.step           motor.o
    0x20000112   0x08004551   0x00000006   PAD
    0x20000118        -       0x00000200   Zero   RW           13    HEAP                startup_stm32l476xx.o
    0x20000318        -       0x00000400   Zero   RW           12    STACK               startup_stm32l476xx.o


==============================================================================

Image component sizes


      Code (inc. data)   RO Data    RW Data    ZI Data      Debug   Object Name

       204          0         60          0          1       1325   main.o
       524          0         32          1          1       2389   motor.o
       140         48        392          0       1536        880   startup_stm32l476xx.o
       466          0          0          0          0       2154   sysclock.o
       224          0          0          0          0       4287   systimer.o
       524          0          0          0          0       3193   uart.o
        68          0          0          0        168       1605   uart_printf.o

    ----------------------------------------------------------------------
      2172         48        516          4       1716      15833   Object Totals
         0          0         32          0          0          0   (incl. Generated)
        22          0          0          3         10          0   (incl. Padding)

    ----------------------------------------------------------------------

      Code (inc. data)   RO Data    RW Data    ZI Data      Debug   Library Member Name

         8          0          0          0          0         68   __main.o
       398          4         17          0          0         92   __printf_flags_ss_wp.o
        14          0          0          0          0         68   __printf_wp.o
         0          0          0          0          0          0   __rtentry.o
        12          0          0          0          0          0   __rtentry2.o
         6          0          0          0          0          0   __rtentry4.o
        94          8          0          0          0          0   __scatter.o
        26          0          0          0          0          0   __scatter_copy.o
        28          0          0          0          0          0   __scatter_zi.o
        72          0          0          0          0         96   _c16rtomb.o
        28          0          0          0          0         68   _chval.o
        64          0          0          0          0         84   _mbrtoc16.o
         6          0          0          0          0          0   _printf_a.o
         6          0          0          0          0          0   _printf_c.o
        44          0          0          0          0        108   _printf_char.o
        48          6          0          0          0         96   _printf_char_common.o
        36          4          0          0          0         80   _printf_char_file.o
        40          0          0          0          0         68   _printf_charcount.o
         6          0          0          0          0          0   _printf_d.o
       120         16          0          0          0         92   _printf_dec.o
         6          0          0          0          0          0   _printf_e.o
         6          0          0          0          0          0   _printf_f.o
      1058          0          0          0          0        148   _printf_fp_dec.o
       770          8         38          0          0        100   _printf_fp_hex.o
       128         16          0          0          0         84   _printf_fp_infnan.o
         6          0          0          0          0          0   _printf_g.o
       148          4         40          0          0        160   _printf_hex_int_ll_ptr.o
         6          0          0          0          0          0   _printf_i.o
       178          0          0          0          0         88   _printf_intcommon.o
        10          0          0          0          0          0   _printf_l.o
         6          0          0          0          0          0   _printf_lc.o
        10          0          0          0          0          0   _printf_ll.o
         6          0          0          0          0          0   _printf_lld.o
         6          0          0          0          0          0   _printf_lli.o
         6          0          0          0          0          0   _printf_llo.o
         6          0          0          0          0          0   _printf_llu.o
         6          0          0          0          0          0   _printf_llx.o
       124         16          0          0          0         92   _printf_longlong_dec.o
         6          0          0          0          0          0   _printf_ls.o
         6          0          0          0          0          0   _printf_n.o
         6          0          0          0          0          0   _printf_o.o
       112          8          0          0          0        124   _printf_oct_int_ll.o
         6          0          0          0          0          0   _printf_p.o
        78          0          0          0          0        108   _printf_pad.o
         0          0          0          0          0          0   _printf_percent.o
         4          0          0          0          0          0   _printf_percent_end.o
         6          0          0          0          0          0   _printf_s.o
        82          0          0          0          0         80   _printf_str.o
        36          0          0          0          0         84   _printf_truncate.o
         6          0          0          0          0          0   _printf_u.o
        44          0          0          0          0        108   _printf_wchar.o
       194          6          8          0          0         92   _printf_wctomb.o
         6          0          0          0          0          0   _printf_x.o
        22          0          0          0          0        100   _rserrno.o
       890          6          0          0          0        100   _scanf.o
       338          0          0          0          0         96   _scanf_int.o
       348          0          0          0          0        100   _scanf_longlong.o
       282          0          0          0          0        100   _scanf_mbtowc.o
       230          0          0          0          0         96   _scanf_str.o
        30          0          0          0          0         76   _scanf_wcharmap.o
       238          0          0          0          0        100   _scanf_wctomb.o
       214          0          0          0          0         96   _scanf_wstr.o
        72          0          0          0          0         92   backspace.o
       228          4        148          0          0         96   bigflt0.o
      2152        136          0          0          0        956   btod.o
        18          0          0          0          0         80   exit.o
         8          0          0          0          0         68   ferror.o
         6          0          0          0          0        152   heapauxi.o
         0          0          0          0          0          0   indicate_semi.o
        18          0          0          0          0         76   isspace.o
        44         10        272          0          0         76   lc_ctype_c.o
        44         10         28          0          0         76   lc_numeric_c.o
         2          0          0          0          0          0   libinit.o
        34          0          0          0          0          0   libinit2.o
         2          0          0          0          0          0   libshutdown.o
         2          0          0          0          0          0   libshutdown2.o
         8          4          0          0         96         68   libspace.o
        38          0          0          0          0         68   llshl.o
       138          0          0          0          0         80   lludiv10.o
        24          4          0          0          0         84   printf.o
        16          4          0          0          0         76   rt_ctype_table.o
         8          4          0          0          0         68   rt_errno_addr_intlibspace.o
         8          4          0          0          0         68   rt_locale_intlibspace.o
         2          0          0          0          0          0   rtexit.o
        10          0          0          0          0          0   rtexit2.o
        32          6          0          0          0         84   scanf.o
        44          8          0          0          0         84   scanf_char.o
        24          8          0          0          0         68   scanf_char_file.o
      1288         16          0          0          0        168   scanf_fp.o
       806         14          0          0          0        100   scanf_hexfp.o
       314         16          0          0          0        100   scanf_infnan.o
       124          0          0          0          0         88   strcmpv7em.o
        12          4          0          0          0         68   sys_exit.o
        74          0          0          0          0         80   sys_stackheap_outer.o
        72         12          0          0          0         68   ungetc.o
         2          0          0          0          0         68   use_no_semi.o
        98          4          0          0          0        140   d2f.o
        16          4          0          0          0        116   dcheck1.o
        24          0          0          0          0        116   dcmpi.o
       120          4          0          0          0        140   deqf.o
       120          4          0          0          0        140   dleqf.o
       340         12          0          0          0        152   dmul.o
       156          4          0          0          0        140   dnaninf.o
        12          0          0          0          0        116   dretinf.o
       108          0          0          0          0        128   drleqf.o
         0          0         16          0          0          0   fpconst.o
        26          0          0          0          0        116   fpinit.o
        10          0          0          0          0        116   fretinf.o
         6          0          0          0          0        116   istatus.o
         4          0          0          0          0        116   printf1.o
         4          0          0          0          0        116   printf2.o
       100          0          0          0          0        116   retnan.o
        92          0          0          0          0        116   scalbn.o
         4          0          0          0          0        116   scanf1.o
         8          0          0          0          0        132   scanf2.o
        48          0          0          0          0        116   trapv.o
         0          0          0          0          0          0   usenofp.o
        64         16          0          0          0        248   dunder.o
        48          0          0          0          0        124   fpclassify.o
       140         22          0          0          0        132   frexp.o
       228          8          0          0          0        308   ldexp.o
       266         16          0          0          0        308   narrow.o

    ----------------------------------------------------------------------
     14484        460        568          0         96       9696   Library Totals
        42          0          1          0          0          0   (incl. Padding)

    ----------------------------------------------------------------------

      Code (inc. data)   RO Data    RW Data    ZI Data      Debug   Library Name

     12400        366        551          0         96       6212   c_w.l
      1296         32         16          0          0       2364   fz_wm.l
       746         62          0          0          0       1120   m_wm.l

    ----------------------------------------------------------------------
     14484        460        568          0         96       9696   Library Totals

    ----------------------------------------------------------------------

==============================================================================


      Code (inc. data)   RO Data    RW Data    ZI Data      Debug   

     16656        508       1084          4       1812      19617   Grand Totals
     16656        508       1084          4       1812      19617   ELF Image Totals
     16656        508       1084          4          0          0   ROM Totals

==============================================================================

    Total RO  Size (Code + RO Data)                17740 (  17.32kB)
    Total RW  Size (RW Data + ZI Data)              1816 (   1.77kB)
    Total ROM Size (Code + RO Data + RW Data)      17744 (  17.33kB)

==============================================================================

